Archive member included to satisfy reference by file (symbol)

.\CortexM3\ARM_GCC_541\Debug\Design01.a(myUSB.o)
                              .\CortexM3\ARM_GCC_541\Debug\main.o (myUSB_Start)
.\CortexM3\ARM_GCC_541\Debug\Design01.a(myUSB_cdc.o)
                              .\CortexM3\ARM_GCC_541\Debug\main.o (myUSB_PutString)
.\CortexM3\ARM_GCC_541\Debug\Design01.a(myUSB_drv.o)
                              .\CortexM3\ARM_GCC_541\Debug\Design01.a(myUSB.o) (myUSB_lastPacketSize)
.\CortexM3\ARM_GCC_541\Debug\Design01.a(myUSB_episr.o)
                              .\CortexM3\ARM_GCC_541\Debug\Design01.a(myUSB.o) (myUSB_EP_1_ISR)
.\CortexM3\ARM_GCC_541\Debug\Design01.a(myUSB_pm.o)
                              .\CortexM3\ARM_GCC_541\Debug\Design01.a(myUSB.o) (myUSB_DP_ISR)
.\CortexM3\ARM_GCC_541\Debug\Design01.a(myUSB_std.o)
                              .\CortexM3\ARM_GCC_541\Debug\Design01.a(myUSB_pm.o) (myUSB_ConfigReg)
.\CortexM3\ARM_GCC_541\Debug\Design01.a(myUSB_vnd.o)
                              .\CortexM3\ARM_GCC_541\Debug\Design01.a(myUSB_drv.o) (myUSB_HandleVendorRqst)
.\CortexM3\ARM_GCC_541\Debug\Design01.a(myUSB_Dp.o)
                              .\CortexM3\ARM_GCC_541\Debug\Design01.a(myUSB.o) (myUSB_Dp_ClearInterrupt)
.\CortexM3\ARM_GCC_541\Debug\Design01.a(CyDmac.o)
                              .\CortexM3\ARM_GCC_541\Debug\Cm3Start.o (CyDmacConfigure)
.\CortexM3\ARM_GCC_541\Debug\Design01.a(CyLib.o)
                              .\CortexM3\ARM_GCC_541\Debug\Cm3Start.o (CyHalt)
.\CortexM3\ARM_GCC_541\Debug\Design01.a(cyPm.o)
                              .\CortexM3\ARM_GCC_541\Debug\Design01.a(CyLib.o) (CyPmReadStatus)
.\CortexM3\ARM_GCC_541\Debug\Design01.a(myDAC.o)
                              .\CortexM3\ARM_GCC_541\Debug\main.o (myDAC_SetValue)
.\CortexM3\ARM_GCC_541\Debug\Design01.a(myADC_SEQ.o)
                              .\CortexM3\ARM_GCC_541\Debug\main.o (myADC_SEQ_Start)
.\CortexM3\ARM_GCC_541\Debug\Design01.a(myADC_SEQ_INT.o)
                              .\CortexM3\ARM_GCC_541\Debug\Design01.a(myADC_SEQ.o) (myADC_SEQ_ISR)
.\CortexM3\ARM_GCC_541\Debug\Design01.a(myADC_SEQ_SAR.o)
                              .\CortexM3\ARM_GCC_541\Debug\Design01.a(myADC_SEQ.o) (myADC_SEQ_SAR_shift)
.\CortexM3\ARM_GCC_541\Debug\Design01.a(myADC_SEQ_TempBuf_dma.o)
                              .\CortexM3\ARM_GCC_541\Debug\Design01.a(myADC_SEQ.o) (myADC_SEQ_TempBuf_DmaInitialize)
.\CortexM3\ARM_GCC_541\Debug\Design01.a(myADC_SEQ_FinalBuf_dma.o)
                              .\CortexM3\ARM_GCC_541\Debug\Design01.a(myADC_SEQ.o) (myADC_SEQ_FinalBuf_DmaInitialize)
.\CortexM3\ARM_GCC_541\Debug\Design01.a(myADC_SEQ_IRQ.o)
                              .\CortexM3\ARM_GCC_541\Debug\Design01.a(myADC_SEQ.o) (myADC_SEQ_IRQ_SetVector)
.\CortexM3\ARM_GCC_541\Debug\Design01.a(myCounter.o)
                              .\CortexM3\ARM_GCC_541\Debug\main.o (myCounter_ReadCounter)
.\CortexM3\ARM_GCC_541\Debug\Design01.a(CyBootAsmGnu.o)
                              .\CortexM3\ARM_GCC_541\Debug\cyfitter_cfg.o (CyDelayCycles)
.\CortexM3\ARM_GCC_541\Debug\Design01.a(myUSB_cls.o)
                              .\CortexM3\ARM_GCC_541\Debug\Design01.a(myUSB_drv.o) (myUSB_DispatchClassRqst)
.\CortexM3\ARM_GCC_541\Debug\Design01.a(myUSB_descr.o)
                              .\CortexM3\ARM_GCC_541\Debug\Design01.a(myUSB_std.o) (myUSB_idSerialNumberStringDescriptor)
.\CortexM3\ARM_GCC_541\Debug\Design01.a(CyFlash.o)
                              .\CortexM3\ARM_GCC_541\Debug\Design01.a(cyPm.o) (CyFlash_SetWaitCycles)
.\CortexM3\ARM_GCC_541\Debug\Design01.a(CySpc.o)
                              .\CortexM3\ARM_GCC_541\Debug\Design01.a(CyFlash.o) (CySpcStart)
c:/program files (x86)/cypress/psoc creator/4.3/psoc creator/import/gnu/arm/5.4.1/bin/../lib/gcc/arm-none-eabi/5.4.1/../../../../arm-none-eabi/lib/armv7-m\libm.a(lib_a-s_sin.o)
                              .\CortexM3\ARM_GCC_541\Debug\main.o (sin)
c:/program files (x86)/cypress/psoc creator/4.3/psoc creator/import/gnu/arm/5.4.1/bin/../lib/gcc/arm-none-eabi/5.4.1/../../../../arm-none-eabi/lib/armv7-m\libm.a(lib_a-e_rem_pio2.o)
                              c:/program files (x86)/cypress/psoc creator/4.3/psoc creator/import/gnu/arm/5.4.1/bin/../lib/gcc/arm-none-eabi/5.4.1/../../../../arm-none-eabi/lib/armv7-m\libm.a(lib_a-s_sin.o) (__ieee754_rem_pio2)
c:/program files (x86)/cypress/psoc creator/4.3/psoc creator/import/gnu/arm/5.4.1/bin/../lib/gcc/arm-none-eabi/5.4.1/../../../../arm-none-eabi/lib/armv7-m\libm.a(lib_a-k_cos.o)
                              c:/program files (x86)/cypress/psoc creator/4.3/psoc creator/import/gnu/arm/5.4.1/bin/../lib/gcc/arm-none-eabi/5.4.1/../../../../arm-none-eabi/lib/armv7-m\libm.a(lib_a-s_sin.o) (__kernel_cos)
[...]
Memory Configuration

Name             Origin             Length             Attributes
rom              0x00000000         0x00040000         xr
ram              0x1fff8000         0x00010000         xrw
*default*        0x00000000         0xffffffff

Linker script and memory map

LOAD c:/program files (x86)/cypress/psoc creator/4.3/psoc creator/import/gnu/arm/5.4.1/bin/../lib/gcc/arm-none-eabi/5.4.1/armv7-m/crti.o
LOAD c:/program files (x86)/cypress/psoc creator/4.3/psoc creator/import/gnu/arm/5.4.1/bin/../lib/gcc/arm-none-eabi/5.4.1/armv7-m/crtbegin.o
LOAD c:/program files (x86)/cypress/psoc creator/4.3/psoc creator/import/gnu/arm/5.4.1/bin/../lib/gcc/arm-none-eabi/5.4.1/../../../../arm-none-eabi/lib/armv7-m/crt0.o
START GROUP
LOAD .\CortexM3\ARM_GCC_541\Debug\main.o
LOAD .\CortexM3\ARM_GCC_541\Debug\cyfitter_cfg.o
LOAD .\CortexM3\ARM_GCC_541\Debug\cymetadata.o
LOAD .\CortexM3\ARM_GCC_541\Debug\Cm3Start.o
LOAD .\CortexM3\ARM_GCC_541\Debug\Design01.a
LOAD C:\Program Files (x86)\Cypress\PSoC Creator\4.3\PSoC Creator\psoc\content\cycomponentlibrary\CyComponentLibrary.cylib\CortexM3\ARM_GCC_541\Debug\CyComponentLibrary.a
LOAD c:/program files (x86)/cypress/psoc creator/4.3/psoc creator/import/gnu/arm/5.4.1/bin/../lib/gcc/arm-none-eabi/5.4.1/../../../../arm-none-eabi/lib/armv7-m\libm.a
END GROUP
START GROUP
LOAD c:/program files (x86)/cypress/psoc creator/4.3/psoc creator/import/gnu/arm/5.4.1/bin/../lib/gcc/arm-none-eabi/5.4.1/armv7-m\libgcc.a
LOAD c:/program files (x86)/cypress/psoc creator/4.3/psoc creator/import/gnu/arm/5.4.1/bin/../lib/gcc/arm-none-eabi/5.4.1/../../../../arm-none-eabi/lib/armv7-m\libg_nano.a
LOAD c:/program files (x86)/cypress/psoc creator/4.3/psoc creator/import/gnu/arm/5.4.1/bin/../lib/gcc/arm-none-eabi/5.4.1/../../../../arm-none-eabi/lib/armv7-m\libc_nano.a
END GROUP
START GROUP
LOAD c:/program files (x86)/cypress/psoc creator/4.3/psoc creator/import/gnu/arm/5.4.1/bin/../lib/gcc/arm-none-eabi/5.4.1/armv7-m\libgcc.a
LOAD c:/program files (x86)/cypress/psoc creator/4.3/psoc creator/import/gnu/arm/5.4.1/bin/../lib/gcc/arm-none-eabi/5.4.1/../../../../arm-none-eabi/lib/armv7-m\libc_nano.a
END GROUP
LOAD c:/program files (x86)/cypress/psoc creator/4.3/psoc creator/import/gnu/arm/5.4.1/bin/../lib/gcc/arm-none-eabi/5.4.1/armv7-m/crtend.o
LOAD c:/program files (x86)/cypress/psoc creator/4.3/psoc creator/import/gnu/arm/5.4.1/bin/../lib/gcc/arm-none-eabi/5.4.1/armv7-m/crtn.o
START GROUP
LOAD c:/program files (x86)/cypress/psoc creator/4.3/psoc creator/import/gnu/arm/5.4.1/bin/../lib/gcc/arm-none-eabi/5.4.1/armv7-m\libgcc.a
LOAD c:/program files (x86)/cypress/psoc creator/4.3/psoc creator/import/gnu/arm/5.4.1/bin/../lib/gcc/arm-none-eabi/5.4.1/../../../../arm-none-eabi/lib/armv7-m\libc.a
LOAD c:/program files (x86)/cypress/psoc creator/4.3/psoc creator/import/gnu/arm/5.4.1/bin/../lib/gcc/arm-none-eabi/5.4.1/../../../../arm-none-eabi/lib/armv7-m\libnosys.a
END GROUP
                0x00000000                CY_APPL_ORIGIN = 0x0
                0x00000100                CY_FLASH_ROW_SIZE = 0x100
                0x00000020                CY_ECC_ROW_SIZE = 0x20
                0x00000000                CY_EE_IN_BTLDR = 0x0
                0x00000000                CY_APPL_LOADABLE = 0x0
                0x00000800                CY_EE_SIZE = 0x800
                0x00000001                CY_APPL_NUM = 0x1
                0x00000001                CY_APPL_MAX = 0x1
                0x00000040                CY_METADATA_SIZE = 0x40
                0x00000000                CY_APPL_LOADABLE = 0x0
                0x00000000                CY_CHECKSUM_EXCLUDE_SIZE = ALIGN (0x0, CY_FLASH_ROW_SIZE)
                [!provide]                PROVIDE (__cy_heap_start, _end)
                0x00000001                PROVIDE (__cy_region_num, ((__cy_regions_end - __cy_regions) / 0x10))
                0x20008000                PROVIDE (__cy_stack, (ORIGIN (ram) + LENGTH (ram)))
                [!provide]                PROVIDE (__cy_heap_end, (__cy_stack - 0x800))

.cybootloader   0x00000000        0x0
 *(.cybootloader)
                0x00000000                appl1_start = CY_APPL_ORIGIN?CY_APPL_ORIGIN:ALIGN (CY_FLASH_ROW_SIZE)
                0x0001ff00                appl2_start = (appl1_start + ALIGN ((((LENGTH (rom) - appl1_start) - (0x2 * CY_FLASH_ROW_SIZE)) / 0x2), CY_FLASH_ROW_SIZE))
                0x00000000                appl_start = (CY_APPL_NUM == 0x1)?appl1_start:appl2_start
                0x00000000                ecc_offset = ((appl_start / CY_FLASH_ROW_SIZE) * CY_ECC_ROW_SIZE)
                0x00000000                ee_offset = (CY_APPL_LOADABLE && ! (CY_EE_IN_BTLDR))?((CY_EE_SIZE / CY_APPL_MAX) * (CY_APPL_NUM - 0x1)):0x0
                0x00000800                ee_size = (CY_APPL_LOADABLE && ! (CY_EE_IN_BTLDR))?(CY_EE_SIZE / CY_APPL_MAX):CY_EE_SIZE
                [!provide]                PROVIDE (CY_ECC_OFFSET, ecc_offset)

.text           0x00000000     0x634c
 CREATE_OBJECT_SYMBOLS
                0x00000000                PROVIDE (__cy_interrupt_vector, RomVectors)
 *(.romvectors)
 .romvectors    0x00000000       0x10 .\CortexM3\ARM_GCC_541\Debug\Cm3Start.o
                0x00000000                RomVectors
                0x00000001                ASSERT ((. != __cy_interrupt_vector), No interrupt vector)
                0x00000001                ASSERT (CY_APPL_ORIGIN?(SIZEOF (.cybootloader) <= CY_APPL_ORIGIN):0x1, Wrong image location)
                0x00000010                PROVIDE (__cy_reset, Reset)
 *(.text.Reset)
 .text.Reset    0x00000010       0x18 .\CortexM3\ARM_GCC_541\Debug\Cm3Start.o
                0x00000010                Reset
                0x00000001                ASSERT ((. != __cy_reset), No reset code)
 *(.dma_init)
                0x00000001                ASSERT ((((appl_start + .) <= 0x10000) || 0x1), DMA Init must be within the first 64k of flash)
 *(.text .text.* .gnu.linkonce.t.*)
 .text          0x00000028       0x5c c:/program files (x86)/cypress/psoc creator/4.3/psoc creator/import/gnu/arm/5.4.1/bin/../lib/gcc/arm-none-eabi/5.4.1/armv7-m/crtbegin.o
 *fill*         0x00000084        0x4 
 .text.main     0x00000088      0x19c .\CortexM3\ARM_GCC_541\Debug\main.o
                0x00000088                main
 .text.CyClockStartupError
                0x00000224        0x4 .\CortexM3\ARM_GCC_541\Debug\cyfitter_cfg.o
 .text.cfg_write_bytes32
                0x00000228       0x34 .\CortexM3\ARM_GCC_541\Debug\cyfitter_cfg.o
 .text.CYMEMZERO
                0x0000025c        0xc .\CortexM3\ARM_GCC_541\Debug\cyfitter_cfg.o
 .text.ClockSetup
                0x00000268       0xc8 .\CortexM3\ARM_GCC_541\Debug\cyfitter_cfg.o
 .text.AnalogSetDefault
                0x00000330       0x90 .\CortexM3\ARM_GCC_541\Debug\cyfitter_cfg.o
 .text.CYCONFIGCPY
                0x000003c0        0x8 .\CortexM3\ARM_GCC_541\Debug\cyfitter_cfg.o
 .text.cyfitter_cfg
                0x000003c8      0x114 .\CortexM3\ARM_GCC_541\Debug\cyfitter_cfg.o
                0x000003c8                cyfitter_cfg
 .text.IntDefaultHandler
                0x000004dc       0x10 .\CortexM3\ARM_GCC_541\Debug\Cm3Start.o
                0x000004dc                IntDefaultHandler
 .text._sbrk    0x000004ec       0x30 .\CortexM3\ARM_GCC_541\Debug\Cm3Start.o
                0x000004ec                _sbrk
 .text.Start_c  0x0000051c       0x4c .\CortexM3\ARM_GCC_541\Debug\Cm3Start.o
                0x0000051c                Start_c
 .text.initialize_psoc
                0x00000568       0x6c .\CortexM3\ARM_GCC_541\Debug\Cm3Start.o
                0x00000568                initialize_psoc
 .text.myUSB_Init
                0x000005d4      0x140 .\CortexM3\ARM_GCC_541\Debug\Design01.a(myUSB.o)
                0x000005d4                myUSB_Init
 .text.myUSB_InitComponent
                0x00000714       0xb8 .\CortexM3\ARM_GCC_541\Debug\Design01.a(myUSB.o)
                0x00000714                myUSB_InitComponent
 .text.myUSB_Start
                0x000007cc       0x24 .\CortexM3\ARM_GCC_541\Debug\Design01.a(myUSB.o)
                0x000007cc                myUSB_Start
 .text.myUSB_ReInitComponent
                0x000007f0       0x4c .\CortexM3\ARM_GCC_541\Debug\Design01.a(myUSB.o)
                0x000007f0                myUSB_ReInitComponent
 .text.myUSB_GetEPState
                0x0000083c       0x14 .\CortexM3\ARM_GCC_541\Debug\Design01.a(myUSB.o)
                0x0000083c                myUSB_GetEPState
 .text.myUSB_LoadInEP
                0x00000850       0x94 .\CortexM3\ARM_GCC_541\Debug\Design01.a(myUSB.o)
                0x00000850                myUSB_LoadInEP
 .text.myUSB_StrLen
                0x000008e4       0x14 .\CortexM3\ARM_GCC_541\Debug\Design01.a(myUSB_cdc.o)
 .text.myUSB_GetInterfaceComPort
                0x000008f8       0x38 .\CortexM3\ARM_GCC_541\Debug\Design01.a(myUSB_cdc.o)
                0x000008f8                myUSB_GetInterfaceComPort
 .text.myUSB_DispatchCDCClassRqst
                0x00000930       0x98 .\CortexM3\ARM_GCC_541\Debug\Design01.a(myUSB_cdc.o)
                0x00000930                myUSB_DispatchCDCClassRqst
 .text.myUSB_PutString
                0x000009c8       0xa0 .\CortexM3\ARM_GCC_541\Debug\Design01.a(myUSB_cdc.o)
                0x000009c8                myUSB_PutString
 .text.myUSB_CDCIsReady
                0x00000a68       0x18 .\CortexM3\ARM_GCC_541\Debug\Design01.a(myUSB_cdc.o)
                0x00000a68                myUSB_CDCIsReady
 .text.myUSB_Cdc_EpInit
                0x00000a80       0x50 .\CortexM3\ARM_GCC_541\Debug\Design01.a(myUSB_cdc.o)
                0x00000a80                myUSB_Cdc_EpInit
 .text.myUSB_LoadEP0
                0x00000ad0       0x98 .\CortexM3\ARM_GCC_541\Debug\Design01.a(myUSB_drv.o)
                0x00000ad0                myUSB_LoadEP0
 .text.myUSB_InitZeroLengthControlTransfer
                0x00000b68       0x34 .\CortexM3\ARM_GCC_541\Debug\Design01.a(myUSB_drv.o)
                0x00000b68                myUSB_InitZeroLengthControlTransfer
 .text.myUSB_ControlReadDataStage
                0x00000b9c        0x8 .\CortexM3\ARM_GCC_541\Debug\Design01.a(myUSB_drv.o)
                0x00000b9c                myUSB_ControlReadDataStage
 .text.myUSB_ControlWriteDataStage
                0x00000ba4       0x84 .\CortexM3\ARM_GCC_541\Debug\Design01.a(myUSB_drv.o)
                0x00000ba4                myUSB_ControlWriteDataStage
 .text.myUSB_InitNoDataControlTransfer
                0x00000c28       0x2c .\CortexM3\ARM_GCC_541\Debug\Design01.a(myUSB_drv.o)
                0x00000c28                myUSB_InitNoDataControlTransfer
 .text.myUSB_UpdateStatusBlock
                0x00000c54       0x24 .\CortexM3\ARM_GCC_541\Debug\Design01.a(myUSB_drv.o)
                0x00000c54                myUSB_UpdateStatusBlock
 .text.myUSB_HandleSetup
                0x00000c78       0x5c .\CortexM3\ARM_GCC_541\Debug\Design01.a(myUSB_drv.o)
                0x00000c78                myUSB_HandleSetup
 .text.myUSB_ControlReadStatusStage
                0x00000cd4       0x38 .\CortexM3\ARM_GCC_541\Debug\Design01.a(myUSB_drv.o)
                0x00000cd4                myUSB_ControlReadStatusStage
 .text.myUSB_HandleOUT
                0x00000d0c       0x38 .\CortexM3\ARM_GCC_541\Debug\Design01.a(myUSB_drv.o)
                0x00000d0c                myUSB_HandleOUT
 .text.myUSB_ControlWriteStatusStage
                0x00000d44       0x20 .\CortexM3\ARM_GCC_541\Debug\Design01.a(myUSB_drv.o)
                0x00000d44                myUSB_ControlWriteStatusStage
 .text.myUSB_NoDataControlStatusStage
                0x00000d64       0x40 .\CortexM3\ARM_GCC_541\Debug\Design01.a(myUSB_drv.o)
                0x00000d64                myUSB_NoDataControlStatusStage
 .text.myUSB_HandleIN
                0x00000da4       0x2c .\CortexM3\ARM_GCC_541\Debug\Design01.a(myUSB_drv.o)
                0x00000da4                myUSB_HandleIN
 .text.myUSB_EP_0_ISR
                0x00000dd0       0xb8 .\CortexM3\ARM_GCC_541\Debug\Design01.a(myUSB_drv.o)
                0x00000dd0                myUSB_EP_0_ISR
 .text.myUSB_InitializeStatusBlock
                0x00000e88       0x24 .\CortexM3\ARM_GCC_541\Debug\Design01.a(myUSB_drv.o)
                0x00000e88                myUSB_InitializeStatusBlock
 .text.myUSB_InitControlRead
                0x00000eac       0x50 .\CortexM3\ARM_GCC_541\Debug\Design01.a(myUSB_drv.o)
                0x00000eac                myUSB_InitControlRead
 .text.myUSB_InitControlWrite
                0x00000efc       0x48 .\CortexM3\ARM_GCC_541\Debug\Design01.a(myUSB_drv.o)
                0x00000efc                myUSB_InitControlWrite
 .text.myUSB_EP_1_ISR
                0x00000f44       0x30 .\CortexM3\ARM_GCC_541\Debug\Design01.a(myUSB_episr.o)
                0x00000f44                myUSB_EP_1_ISR
 .text.myUSB_EP_2_ISR
                0x00000f74       0x34 .\CortexM3\ARM_GCC_541\Debug\Design01.a(myUSB_episr.o)
                0x00000f74                myUSB_EP_2_ISR
 .text.myUSB_EP_3_ISR
                0x00000fa8       0x3c .\CortexM3\ARM_GCC_541\Debug\Design01.a(myUSB_episr.o)
                0x00000fa8                myUSB_EP_3_ISR
 .text.myUSB_SOF_ISR
                0x00000fe4        0x4 .\CortexM3\ARM_GCC_541\Debug\Design01.a(myUSB_episr.o)
                0x00000fe4                myUSB_SOF_ISR
 .text.myUSB_BUS_RESET_ISR
                0x00000fe8        0x8 .\CortexM3\ARM_GCC_541\Debug\Design01.a(myUSB_episr.o)
                0x00000fe8                myUSB_BUS_RESET_ISR
 .text.myUSB_DP_ISR
                0x00000ff0        0x8 .\CortexM3\ARM_GCC_541\Debug\Design01.a(myUSB_pm.o)
                0x00000ff0                myUSB_DP_ISR
 .text.myUSB_ReadDieID
                0x00000ff8       0x6c .\CortexM3\ARM_GCC_541\Debug\Design01.a(myUSB_std.o)
                0x00000ff8                myUSB_ReadDieID
 .text.myUSB_ConfigReg
                0x00001064       0xa4 .\CortexM3\ARM_GCC_541\Debug\Design01.a(myUSB_std.o)
                0x00001064                myUSB_ConfigReg
 .text.myUSB_GetConfigTablePtr
                0x00001108       0x28 .\CortexM3\ARM_GCC_541\Debug\Design01.a(myUSB_std.o)
                0x00001108                myUSB_GetConfigTablePtr
 .text.myUSB_ConfigAltChanged
                0x00001130      0x11c .\CortexM3\ARM_GCC_541\Debug\Design01.a(myUSB_std.o)
                0x00001130                myUSB_ConfigAltChanged
 .text.myUSB_GetDeviceTablePtr
                0x0000124c       0x18 .\CortexM3\ARM_GCC_541\Debug\Design01.a(myUSB_std.o)
                0x0000124c                myUSB_GetDeviceTablePtr
 .text.myUSB_GetInterfaceClassTablePtr
                0x00001264       0x28 .\CortexM3\ARM_GCC_541\Debug\Design01.a(myUSB_std.o)
                0x00001264                myUSB_GetInterfaceClassTablePtr
 .text.myUSB_Config
                0x0000128c      0x1ec .\CortexM3\ARM_GCC_541\Debug\Design01.a(myUSB_std.o)
                0x0000128c                myUSB_Config
 .text.myUSB_SetEndpointHalt
                0x00001478       0x64 .\CortexM3\ARM_GCC_541\Debug\Design01.a(myUSB_std.o)
                0x00001478                myUSB_SetEndpointHalt
 .text.myUSB_ClearEndpointHalt
                0x000014dc       0xac .\CortexM3\ARM_GCC_541\Debug\Design01.a(myUSB_std.o)
                0x000014dc                myUSB_ClearEndpointHalt
 .text.myUSB_ValidateAlternateSetting
                0x00001588       0x4c .\CortexM3\ARM_GCC_541\Debug\Design01.a(myUSB_std.o)
                0x00001588                myUSB_ValidateAlternateSetting
 .text.myUSB_HandleStandardRqst
                0x000015d4      0x354 .\CortexM3\ARM_GCC_541\Debug\Design01.a(myUSB_std.o)
                0x000015d4                myUSB_HandleStandardRqst
 .text.myUSB_HandleVendorRqst
                0x00001928       0x18 .\CortexM3\ARM_GCC_541\Debug\Design01.a(myUSB_vnd.o)
                0x00001928                myUSB_HandleVendorRqst
 .text.myUSB_Dp_ClearInterrupt
                0x00001940       0x10 .\CortexM3\ARM_GCC_541\Debug\Design01.a(myUSB_Dp.o)
                0x00001940                myUSB_Dp_ClearInterrupt
 .text.CyDmacConfigure
                0x00001950       0x34 .\CortexM3\ARM_GCC_541\Debug\Design01.a(CyDmac.o)
                0x00001950                CyDmacConfigure
 .text.CyDmaChEnable
                0x00001984       0x38 .\CortexM3\ARM_GCC_541\Debug\Design01.a(CyDmac.o)
                0x00001984                CyDmaChEnable
 .text.CyDmaClearPendingDrq
                0x000019bc       0x28 .\CortexM3\ARM_GCC_541\Debug\Design01.a(CyDmac.o)
                0x000019bc                CyDmaClearPendingDrq
 .text.CyDmaChPriority
                0x000019e4       0x24 .\CortexM3\ARM_GCC_541\Debug\Design01.a(CyDmac.o)
                0x000019e4                CyDmaChPriority
 .text.CyDmaChSetExtendedAddress
                0x00001a08       0x34 .\CortexM3\ARM_GCC_541\Debug\Design01.a(CyDmac.o)
                0x00001a08                CyDmaChSetExtendedAddress
 .text.CyDmaChSetInitialTd
                0x00001a3c       0x18 .\CortexM3\ARM_GCC_541\Debug\Design01.a(CyDmac.o)
                0x00001a3c                CyDmaChSetInitialTd
 .text.CyDmaChSetConfiguration
                0x00001a54       0x44 .\CortexM3\ARM_GCC_541\Debug\Design01.a(CyDmac.o)
                0x00001a54                CyDmaChSetConfiguration
 .text.CyDmaTdAllocate
                0x00001a98       0x34 .\CortexM3\ARM_GCC_541\Debug\Design01.a(CyDmac.o)
                0x00001a98                CyDmaTdAllocate
 .text.CyDmaTdSetConfiguration
                0x00001acc       0x28 .\CortexM3\ARM_GCC_541\Debug\Design01.a(CyDmac.o)
                0x00001acc                CyDmaTdSetConfiguration
 .text.CyDmaTdSetAddress
                0x00001af4       0x1c .\CortexM3\ARM_GCC_541\Debug\Design01.a(CyDmac.o)
                0x00001af4                CyDmaTdSetAddress
 .text.CyHalt   0x00001b10        0x4 .\CortexM3\ARM_GCC_541\Debug\Design01.a(CyLib.o)
                0x00001b10                CyHalt
 .text.CyDelayUs
                0x00001b14       0x14 .\CortexM3\ARM_GCC_541\Debug\Design01.a(CyLib.o)
                0x00001b14                CyDelayUs
 .text.CyIntSetVector
                0x00001b28       0x28 .\CortexM3\ARM_GCC_541\Debug\Design01.a(CyLib.o)
                0x00001b28                CyIntSetVector
 .text.CyIntSetPriority
                0x00001b50       0x30 .\CortexM3\ARM_GCC_541\Debug\Design01.a(CyLib.o)
                0x00001b50                CyIntSetPriority
 .text.CyGetUniqueId
                0x00001b80       0x70 .\CortexM3\ARM_GCC_541\Debug\Design01.a(CyLib.o)
                0x00001b80                CyGetUniqueId
 .text.myDAC_Enable
                0x00001bf0       0x1c .\CortexM3\ARM_GCC_541\Debug\Design01.a(myDAC.o)
                0x00001bf0                myDAC_Enable
 .text.myDAC_SetSpeed
                0x00001c0c       0x1c .\CortexM3\ARM_GCC_541\Debug\Design01.a(myDAC.o)
                0x00001c0c                myDAC_SetSpeed
 .text.myDAC_SetValue
                0x00001c28        0xc .\CortexM3\ARM_GCC_541\Debug\Design01.a(myDAC.o)
                0x00001c28                myDAC_SetValue
 .text.myDAC_DacTrim
                0x00001c34       0x24 .\CortexM3\ARM_GCC_541\Debug\Design01.a(myDAC.o)
                0x00001c34                myDAC_DacTrim
 .text.myDAC_SetRange
                0x00001c58       0x20 .\CortexM3\ARM_GCC_541\Debug\Design01.a(myDAC.o)
                0x00001c58                myDAC_SetRange
 .text.myDAC_Init
                0x00001c78       0x20 .\CortexM3\ARM_GCC_541\Debug\Design01.a(myDAC.o)
                0x00001c78                myDAC_Init
 .text.myDAC_Start
                0x00001c98       0x24 .\CortexM3\ARM_GCC_541\Debug\Design01.a(myDAC.o)
                0x00001c98                myDAC_Start
 .text.myADC_SEQ_Init
                0x00001cbc       0x3c .\CortexM3\ARM_GCC_541\Debug\Design01.a(myADC_SEQ.o)
                0x00001cbc                myADC_SEQ_Init
 .text.myADC_SEQ_Enable
                0x00001cf8       0xcc .\CortexM3\ARM_GCC_541\Debug\Design01.a(myADC_SEQ.o)
                0x00001cf8                myADC_SEQ_Enable
 .text.myADC_SEQ_Start
                0x00001dc4       0x28 .\CortexM3\ARM_GCC_541\Debug\Design01.a(myADC_SEQ.o)
                0x00001dc4                myADC_SEQ_Start
 .text.myADC_SEQ_StartConvert
                0x00001dec        0x8 .\CortexM3\ARM_GCC_541\Debug\Design01.a(myADC_SEQ.o)
                0x00001dec                myADC_SEQ_StartConvert
 .text.myADC_SEQ_IsEndConversion
                0x00001df4       0x18 .\CortexM3\ARM_GCC_541\Debug\Design01.a(myADC_SEQ.o)
                0x00001df4                myADC_SEQ_IsEndConversion
 .text.myADC_SEQ_GetResult16
                0x00001e0c       0x1c .\CortexM3\ARM_GCC_541\Debug\Design01.a(myADC_SEQ.o)
                0x00001e0c                myADC_SEQ_GetResult16
 .text.myADC_SEQ_ISR
                0x00001e28        0x4 .\CortexM3\ARM_GCC_541\Debug\Design01.a(myADC_SEQ_INT.o)
                0x00001e28                myADC_SEQ_ISR
 .text.myADC_SEQ_SAR_CalcGain
                0x00001e2c       0x64 .\CortexM3\ARM_GCC_541\Debug\Design01.a(myADC_SEQ_SAR.o)
 .text.myADC_SEQ_SAR_Enable
                0x00001e90       0x78 .\CortexM3\ARM_GCC_541\Debug\Design01.a(myADC_SEQ_SAR.o)
                0x00001e90                myADC_SEQ_SAR_Enable
 .text.myADC_SEQ_SAR_SetResolution
                0x00001f08       0x38 .\CortexM3\ARM_GCC_541\Debug\Design01.a(myADC_SEQ_SAR.o)
                0x00001f08                myADC_SEQ_SAR_SetResolution
 .text.myADC_SEQ_SAR_Init
                0x00001f40       0x24 .\CortexM3\ARM_GCC_541\Debug\Design01.a(myADC_SEQ_SAR.o)
                0x00001f40                myADC_SEQ_SAR_Init
 .text.myADC_SEQ_SAR_Start
                0x00001f64       0x1c .\CortexM3\ARM_GCC_541\Debug\Design01.a(myADC_SEQ_SAR.o)
                0x00001f64                myADC_SEQ_SAR_Start
 .text.myADC_SEQ_SAR_StartConvert
                0x00001f80       0x10 .\CortexM3\ARM_GCC_541\Debug\Design01.a(myADC_SEQ_SAR.o)
                0x00001f80                myADC_SEQ_SAR_StartConvert
 .text.myADC_SEQ_TempBuf_DmaInitialize
                0x00001f90       0x3c .\CortexM3\ARM_GCC_541\Debug\Design01.a(myADC_SEQ_TempBuf_dma.o)
                0x00001f90                myADC_SEQ_TempBuf_DmaInitialize
 .text.myADC_SEQ_FinalBuf_DmaInitialize
                0x00001fcc       0x3c .\CortexM3\ARM_GCC_541\Debug\Design01.a(myADC_SEQ_FinalBuf_dma.o)
                0x00001fcc                myADC_SEQ_FinalBuf_DmaInitialize
 .text.myADC_SEQ_IRQ_SetVector
                0x00002008        0xc .\CortexM3\ARM_GCC_541\Debug\Design01.a(myADC_SEQ_IRQ.o)
                0x00002008                myADC_SEQ_IRQ_SetVector
 .text.myADC_SEQ_IRQ_SetPriority
                0x00002014       0x10 .\CortexM3\ARM_GCC_541\Debug\Design01.a(myADC_SEQ_IRQ.o)
                0x00002014                myADC_SEQ_IRQ_SetPriority
 .text.myCounter_Enable
                0x00002024       0x28 .\CortexM3\ARM_GCC_541\Debug\Design01.a(myCounter.o)
                0x00002024                myCounter_Enable
 .text.myCounter_SetInterruptMode
                0x0000204c        0xc .\CortexM3\ARM_GCC_541\Debug\Design01.a(myCounter.o)
                0x0000204c                myCounter_SetInterruptMode
 .text.myCounter_WriteCounter
                0x00002058       0x34 .\CortexM3\ARM_GCC_541\Debug\Design01.a(myCounter.o)
                0x00002058                myCounter_WriteCounter
 .text.myCounter_ReadCounter
                0x0000208c       0x14 .\CortexM3\ARM_GCC_541\Debug\Design01.a(myCounter.o)
                0x0000208c                myCounter_ReadCounter
 .text.myCounter_WritePeriod
                0x000020a0        0xc .\CortexM3\ARM_GCC_541\Debug\Design01.a(myCounter.o)
                0x000020a0                myCounter_WritePeriod
 .text.myCounter_Init
                0x000020ac       0x64 .\CortexM3\ARM_GCC_541\Debug\Design01.a(myCounter.o)
                0x000020ac                myCounter_Init
 .text.myCounter_Start
                0x00002110       0x1c .\CortexM3\ARM_GCC_541\Debug\Design01.a(myCounter.o)
                0x00002110                myCounter_Start
 *fill*         0x0000212c        0x4 
 .text          0x00002130       0x20 .\CortexM3\ARM_GCC_541\Debug\Design01.a(CyBootAsmGnu.o)
                0x00002130                CyDelayCycles
                0x00002140                CyEnterCriticalSection
                0x00002148                CyExitCriticalSection
 .text.myUSB_DispatchClassRqst
                0x00002150       0x60 .\CortexM3\ARM_GCC_541\Debug\Design01.a(myUSB_cls.o)
                0x00002150                myUSB_DispatchClassRqst
 .text.sin      0x000021b0       0x90 c:/program files (x86)/cypress/psoc creator/4.3/psoc creator/import/gnu/arm/5.4.1/bin/../lib/gcc/arm-none-eabi/5.4.1/../../../../arm-none-eabi/lib/armv7-m\libm.a(lib_a-s_sin.o)
                0x000021b0                sin
 .text.__ieee754_rem_pio2
                0x00002240      0x42c c:/program files (x86)/cypress/psoc creator/4.3/psoc creator/import/gnu/arm/5.4.1/bin/../lib/gcc/arm-none-eabi/5.4.1/../../../../arm-none-eabi/lib/armv7-m\libm.a(lib_a-e_rem_pio2.o)
                0x00002240                __ieee754_rem_pio2
 *fill*         0x0000266c        0x4 
 .text.__kernel_cos
                0x00002670      0x248 c:/program files (x86)/cypress/psoc creator/4.3/psoc creator/import/gnu/arm/5.4.1/bin/../lib/gcc/arm-none-eabi/5.4.1/../../../../arm-none-eabi/lib/armv7-m\libm.a(lib_a-k_cos.o)
                0x00002670                __kernel_cos
 .text.__kernel_rem_pio2
                0x000028b8      0x7f0 c:/program files (x86)/cypress/psoc creator/4.3/psoc creator/import/gnu/arm/5.4.1/bin/../lib/gcc/arm-none-eabi/5.4.1/../../../../arm-none-eabi/lib/armv7-m\libm.a(lib_a-k_rem_pio2.o)
                0x000028b8                __kernel_rem_pio2
 .text.__kernel_sin
                0x000030a8      0x16c c:/program files (x86)/cypress/psoc creator/4.3/psoc creator/import/gnu/arm/5.4.1/bin/../lib/gcc/arm-none-eabi/5.4.1/../../../../arm-none-eabi/lib/armv7-m\libm.a(lib_a-k_sin.o)
                0x000030a8                __kernel_sin
 .text.fabs     0x00003214        0x8 c:/program files (x86)/cypress/psoc creator/4.3/psoc creator/import/gnu/arm/5.4.1/bin/../lib/gcc/arm-none-eabi/5.4.1/../../../../arm-none-eabi/lib/armv7-m\libm.a(lib_a-s_fabs.o)
                0x00003214                fabs
 *fill*         0x0000321c        0x4 
 .text.floor    0x00003220      0x110 c:/program files (x86)/cypress/psoc creator/4.3/psoc creator/import/gnu/arm/5.4.1/bin/../lib/gcc/arm-none-eabi/5.4.1/../../../../arm-none-eabi/lib/armv7-m\libm.a(lib_a-s_floor.o)
                0x00003220                floor
 .text.scalbn   0x00003330       0xe4 c:/program files (x86)/cypress/psoc creator/4.3/psoc creator/import/gnu/arm/5.4.1/bin/../lib/gcc/arm-none-eabi/5.4.1/../../../../arm-none-eabi/lib/armv7-m\libm.a(lib_a-s_scalbn.o)
                0x00003330                scalbn
 .text.copysign
                0x00003414       0x10 c:/program files (x86)/cypress/psoc creator/4.3/psoc creator/import/gnu/arm/5.4.1/bin/../lib/gcc/arm-none-eabi/5.4.1/../../../../arm-none-eabi/lib/armv7-m\libm.a(lib_a-s_copysign.o)
                0x00003414                copysign
 .text          0x00003424      0x370 c:/program files (x86)/cypress/psoc creator/4.3/psoc creator/import/gnu/arm/5.4.1/bin/../lib/gcc/arm-none-eabi/5.4.1/armv7-m\libgcc.a(_arm_addsubdf3.o)
                0x00003424                __aeabi_drsub
                0x0000342c                __aeabi_dsub
                0x0000342c                __subdf3
                0x00003430                __aeabi_dadd
                0x00003430                __adddf3
                0x000036a8                __floatunsidf
                0x000036a8                __aeabi_ui2d
                0x000036c8                __floatsidf
                0x000036c8                __aeabi_i2d
                0x000036ec                __aeabi_f2d
                0x000036ec                __extendsfdf2
                0x00003728                __floatundidf
                0x00003728                __aeabi_ul2d
                0x00003738                __floatdidf
                0x00003738                __aeabi_l2d
 .text          0x00003794      0x424 c:/program files (x86)/cypress/psoc creator/4.3/psoc creator/import/gnu/arm/5.4.1/bin/../lib/gcc/arm-none-eabi/5.4.1/armv7-m\libgcc.a(_arm_muldivdf3.o)
                0x00003794                __aeabi_dmul
                0x00003794                __muldf3
                0x000039e8                __divdf3
                0x000039e8                __aeabi_ddiv
 .text          0x00003bb8      0x110 c:/program files (x86)/cypress/psoc creator/4.3/psoc creator/import/gnu/arm/5.4.1/bin/../lib/gcc/arm-none-eabi/5.4.1/armv7-m\libgcc.a(_arm_cmpdf2.o)
                0x00003bb8                __gtdf2
                0x00003bb8                __gedf2
                0x00003bc0                __ltdf2
                0x00003bc0                __ledf2
                0x00003bc8                __nedf2
                0x00003bc8                __eqdf2
                0x00003bc8                __cmpdf2
                0x00003c44                __aeabi_cdrcmple
                0x00003c54                __aeabi_cdcmpeq
                0x00003c54                __aeabi_cdcmple
                0x00003c64                __aeabi_dcmpeq
                0x00003c78                __aeabi_dcmplt
                0x00003c8c                __aeabi_dcmple
                0x00003ca0                __aeabi_dcmpge
                0x00003cb4                __aeabi_dcmpgt
 .text          0x00003cc8       0x50 c:/program files (x86)/cypress/psoc creator/4.3/psoc creator/import/gnu/arm/5.4.1/bin/../lib/gcc/arm-none-eabi/5.4.1/armv7-m\libgcc.a(_arm_fixdfsi.o)
                0x00003cc8                __aeabi_d2iz
                0x00003cc8                __fixdfsi
 .text          0x00003d18       0xa0 c:/program files (x86)/cypress/psoc creator/4.3/psoc creator/import/gnu/arm/5.4.1/bin/../lib/gcc/arm-none-eabi/5.4.1/armv7-m\libgcc.a(_arm_truncdfsf2.o)
                0x00003d18                __truncdfsf2
                0x00003d18                __aeabi_d2f
 .text          0x00003db8      0x21c c:/program files (x86)/cypress/psoc creator/4.3/psoc creator/import/gnu/arm/5.4.1/bin/../lib/gcc/arm-none-eabi/5.4.1/armv7-m\libgcc.a(_arm_addsubsf3.o)
                0x00003db8                __aeabi_frsub
                0x00003dc0                __subsf3
                0x00003dc0                __aeabi_fsub
                0x00003dc4                __aeabi_fadd
                0x00003dc4                __addsf3
                0x00003f24                __aeabi_ui2f
                0x00003f24                __floatunsisf
                0x00003f2c                __aeabi_i2f
                0x00003f2c                __floatsisf
                0x00003f48                __aeabi_ul2f
                0x00003f48                __floatundisf
                0x00003f58                __aeabi_l2f
                0x00003f58                __floatdisf
 .text          0x00003fd4      0x2a0 c:/program files (x86)/cypress/psoc creator/4.3/psoc creator/import/gnu/arm/5.4.1/bin/../lib/gcc/arm-none-eabi/5.4.1/armv7-m\libgcc.a(_arm_muldivsf3.o)
                0x00003fd4                __mulsf3
                0x00003fd4                __aeabi_fmul
                0x0000413c                __aeabi_fdiv
                0x0000413c                __divsf3
 .text.__errno  0x00004274        0xc c:/program files (x86)/cypress/psoc creator/4.3/psoc creator/import/gnu/arm/5.4.1/bin/../lib/gcc/arm-none-eabi/5.4.1/../../../../arm-none-eabi/lib/armv7-m\libg_nano.a(lib_a-errno.o)
                0x00004274                __errno
 .text.__libc_init_array
                0x00004280       0x4c c:/program files (x86)/cypress/psoc creator/4.3/psoc creator/import/gnu/arm/5.4.1/bin/../lib/gcc/arm-none-eabi/5.4.1/../../../../arm-none-eabi/lib/armv7-m\libg_nano.a(lib_a-init.o)
                0x00004280                __libc_init_array
 .text.memcpy   0x000042cc       0x16 c:/program files (x86)/cypress/psoc creator/4.3/psoc creator/import/gnu/arm/5.4.1/bin/../lib/gcc/arm-none-eabi/5.4.1/../../../../arm-none-eabi/lib/armv7-m\libg_nano.a(lib_a-memcpy-stub.o)
                0x000042cc                memcpy
 .text.memset   0x000042e2       0x10 c:/program files (x86)/cypress/psoc creator/4.3/psoc creator/import/gnu/arm/5.4.1/bin/../lib/gcc/arm-none-eabi/5.4.1/../../../../arm-none-eabi/lib/armv7-m\libg_nano.a(lib_a-memset.o)
                0x000042e2                memset
 .text.__cvt    0x000042f2       0xc0 c:/program files (x86)/cypress/psoc creator/4.3/psoc creator/import/gnu/arm/5.4.1/bin/../lib/gcc/arm-none-eabi/5.4.1/../../../../arm-none-eabi/lib/armv7-m\libg_nano.a(lib_a-nano-vfprintf_float.o)
                0x000042f2                __cvt
 .text.__exponent
                0x000043b2       0x62 c:/program files (x86)/cypress/psoc creator/4.3/psoc creator/import/gnu/arm/5.4.1/bin/../lib/gcc/arm-none-eabi/5.4.1/../../../../arm-none-eabi/lib/armv7-m\libg_nano.a(lib_a-nano-vfprintf_float.o)
                0x000043b2                __exponent
 .text._printf_float
                0x00004414      0x488 c:/program files (x86)/cypress/psoc creator/4.3/psoc creator/import/gnu/arm/5.4.1/bin/../lib/gcc/arm-none-eabi/5.4.1/../../../../arm-none-eabi/lib/armv7-m\libg_nano.a(lib_a-nano-vfprintf_float.o)
                0x00004414                _printf_float
 .text._printf_common
                0x0000489c       0xec c:/program files (x86)/cypress/psoc creator/4.3/psoc creator/import/gnu/arm/5.4.1/bin/../lib/gcc/arm-none-eabi/5.4.1/../../../../arm-none-eabi/lib/armv7-m\libg_nano.a(lib_a-nano-vfprintf_i.o)
                0x0000489c                _printf_common
 .text._printf_i
                0x00004988      0x24c c:/program files (x86)/cypress/psoc creator/4.3/psoc creator/import/gnu/arm/5.4.1/bin/../lib/gcc/arm-none-eabi/5.4.1/../../../../arm-none-eabi/lib/armv7-m\libg_nano.a(lib_a-nano-vfprintf_i.o)
                0x00004988                _printf_i
 .text.sprintf  0x00004bd4       0x48 c:/program files (x86)/cypress/psoc creator/4.3/psoc creator/import/gnu/arm/5.4.1/bin/../lib/gcc/arm-none-eabi/5.4.1/../../../../arm-none-eabi/lib/armv7-m\libg_nano.a(lib_a-sprintf.o)
                0x00004bd4                siprintf
                0x00004bd4                sprintf
 .text          0x00004c1c       0x10 c:/program files (x86)/cypress/psoc creator/4.3/psoc creator/import/gnu/arm/5.4.1/bin/../lib/gcc/arm-none-eabi/5.4.1/../../../../arm-none-eabi/lib/armv7-m\libg_nano.a(lib_a-strlen.o)
                0x00004c1c                strlen
 .text.quorem   0x00004c2c      0x116 c:/program files (x86)/cypress/psoc creator/4.3/psoc creator/import/gnu/arm/5.4.1/bin/../lib/gcc/arm-none-eabi/5.4.1/../../../../arm-none-eabi/lib/armv7-m\libg_nano.a(lib_a-dtoa.o)
 *fill*         0x00004d42        0x6 
 .text._dtoa_r  0x00004d48      0xb30 c:/program files (x86)/cypress/psoc creator/4.3/psoc creator/import/gnu/arm/5.4.1/bin/../lib/gcc/arm-none-eabi/5.4.1/../../../../arm-none-eabi/lib/armv7-m\libg_nano.a(lib_a-dtoa.o)
                0x00004d48                _dtoa_r
 .text._localeconv_r
                0x00005878        0x8 c:/program files (x86)/cypress/psoc creator/4.3/psoc creator/import/gnu/arm/5.4.1/bin/../lib/gcc/arm-none-eabi/5.4.1/../../../../arm-none-eabi/lib/armv7-m\libg_nano.a(lib_a-locale.o)
                0x00005878                _localeconv_r
 .text.malloc   0x00005880       0x10 c:/program files (x86)/cypress/psoc creator/4.3/psoc creator/import/gnu/arm/5.4.1/bin/../lib/gcc/arm-none-eabi/5.4.1/../../../../arm-none-eabi/lib/armv7-m\libg_nano.a(lib_a-malloc.o)
                0x00005880                malloc
 .text.memchr   0x00005890       0x1c c:/program files (x86)/cypress/psoc creator/4.3/psoc creator/import/gnu/arm/5.4.1/bin/../lib/gcc/arm-none-eabi/5.4.1/../../../../arm-none-eabi/lib/armv7-m\libg_nano.a(lib_a-memchr-stub.o)
                0x00005890                memchr
 .text._Balloc  0x000058ac       0x6a c:/program files (x86)/cypress/psoc creator/4.3/psoc creator/import/gnu/arm/5.4.1/bin/../lib/gcc/arm-none-eabi/5.4.1/../../../../arm-none-eabi/lib/armv7-m\libg_nano.a(lib_a-mprec.o)
                0x000058ac                _Balloc
 .text._Bfree   0x00005916       0x2e c:/program files (x86)/cypress/psoc creator/4.3/psoc creator/import/gnu/arm/5.4.1/bin/../lib/gcc/arm-none-eabi/5.4.1/../../../../arm-none-eabi/lib/armv7-m\libg_nano.a(lib_a-mprec.o)
                0x00005916                _Bfree
 .text.__multadd
                0x00005944       0x76 c:/program files (x86)/cypress/psoc creator/4.3/psoc creator/import/gnu/arm/5.4.1/bin/../lib/gcc/arm-none-eabi/5.4.1/../../../../arm-none-eabi/lib/armv7-m\libg_nano.a(lib_a-mprec.o)
                0x00005944                __multadd
 .text.__hi0bits
                0x000059ba       0x40 c:/program files (x86)/cypress/psoc creator/4.3/psoc creator/import/gnu/arm/5.4.1/bin/../lib/gcc/arm-none-eabi/5.4.1/../../../../arm-none-eabi/lib/armv7-m\libg_nano.a(lib_a-mprec.o)
                0x000059ba                __hi0bits
 .text.__lo0bits
                0x000059fa       0x5a c:/program files (x86)/cypress/psoc creator/4.3/psoc creator/import/gnu/arm/5.4.1/bin/../lib/gcc/arm-none-eabi/5.4.1/../../../../arm-none-eabi/lib/armv7-m\libg_nano.a(lib_a-mprec.o)
                0x000059fa                __lo0bits
 .text.__i2b    0x00005a54       0x12 c:/program files (x86)/cypress/psoc creator/4.3/psoc creator/import/gnu/arm/5.4.1/bin/../lib/gcc/arm-none-eabi/5.4.1/../../../../arm-none-eabi/lib/armv7-m\libg_nano.a(lib_a-mprec.o)
                0x00005a54                __i2b
 .text.__multiply
                0x00005a66      0x120 c:/program files (x86)/cypress/psoc creator/4.3/psoc creator/import/gnu/arm/5.4.1/bin/../lib/gcc/arm-none-eabi/5.4.1/../../../../arm-none-eabi/lib/armv7-m\libg_nano.a(lib_a-mprec.o)
                0x00005a66                __multiply
 *fill*         0x00005b86        0x2 
 .text.__pow5mult
                0x00005b88       0x9c c:/program files (x86)/cypress/psoc creator/4.3/psoc creator/import/gnu/arm/5.4.1/bin/../lib/gcc/arm-none-eabi/5.4.1/../../../../arm-none-eabi/lib/armv7-m\libg_nano.a(lib_a-mprec.o)
                0x00005b88                __pow5mult
 .text.__lshift
                0x00005c24       0xa2 c:/program files (x86)/cypress/psoc creator/4.3/psoc creator/import/gnu/arm/5.4.1/bin/../lib/gcc/arm-none-eabi/5.4.1/../../../../arm-none-eabi/lib/armv7-m\libg_nano.a(lib_a-mprec.o)
                0x00005c24                __lshift
 .text.__mcmp   0x00005cc6       0x38 c:/program files (x86)/cypress/psoc creator/4.3/psoc creator/import/gnu/arm/5.4.1/bin/../lib/gcc/arm-none-eabi/5.4.1/../../../../arm-none-eabi/lib/armv7-m\libg_nano.a(lib_a-mprec.o)
                0x00005cc6                __mcmp
 .text.__mdiff  0x00005cfe       0xbe c:/program files (x86)/cypress/psoc creator/4.3/psoc creator/import/gnu/arm/5.4.1/bin/../lib/gcc/arm-none-eabi/5.4.1/../../../../arm-none-eabi/lib/armv7-m\libg_nano.a(lib_a-mprec.o)
                0x00005cfe                __mdiff
 .text.__d2b    0x00005dbc       0x9c c:/program files (x86)/cypress/psoc creator/4.3/psoc creator/import/gnu/arm/5.4.1/bin/../lib/gcc/arm-none-eabi/5.4.1/../../../../arm-none-eabi/lib/armv7-m\libg_nano.a(lib_a-mprec.o)
                0x00005dbc                __d2b
 .text._calloc_r
                0x00005e58       0x1c c:/program files (x86)/cypress/psoc creator/4.3/psoc creator/import/gnu/arm/5.4.1/bin/../lib/gcc/arm-none-eabi/5.4.1/../../../../arm-none-eabi/lib/armv7-m\libg_nano.a(lib_a-nano-callocr.o)
                0x00005e58                _calloc_r
 .text._free_r  0x00005e74       0x98 c:/program files (x86)/cypress/psoc creator/4.3/psoc creator/import/gnu/arm/5.4.1/bin/../lib/gcc/arm-none-eabi/5.4.1/../../../../arm-none-eabi/lib/armv7-m\libg_nano.a(lib_a-nano-freer.o)
                0x00005e74                _free_r
 .text._malloc_r
                0x00005f0c       0xbc c:/program files (x86)/cypress/psoc creator/4.3/psoc creator/import/gnu/arm/5.4.1/bin/../lib/gcc/arm-none-eabi/5.4.1/../../../../arm-none-eabi/lib/armv7-m\libg_nano.a(lib_a-nano-mallocr.o)
                0x00005f0c                _malloc_r
 .text.__ssputs_r
                0x00005fc8       0xb2 c:/program files (x86)/cypress/psoc creator/4.3/psoc creator/import/gnu/arm/5.4.1/bin/../lib/gcc/arm-none-eabi/5.4.1/../../../../arm-none-eabi/lib/armv7-m\libg_nano.a(lib_a-nano-svfprintf.o)
                0x00005fc8                __ssputs_r
 *fill*         0x0000607a        0x2 
 .text._svfprintf_r
                0x0000607c      0x1e8 c:/program files (x86)/cypress/psoc creator/4.3/psoc creator/import/gnu/arm/5.4.1/bin/../lib/gcc/arm-none-eabi/5.4.1/../../../../arm-none-eabi/lib/armv7-m\libg_nano.a(lib_a-nano-svfprintf.o)
                0x0000607c                _svfiprintf_r
                0x0000607c                _svfprintf_r
 .text._sbrk_r  0x00006264       0x20 c:/program files (x86)/cypress/psoc creator/4.3/psoc creator/import/gnu/arm/5.4.1/bin/../lib/gcc/arm-none-eabi/5.4.1/../../../../arm-none-eabi/lib/armv7-m\libg_nano.a(lib_a-sbrkr.o)
                0x00006264                _sbrk_r
 .text.memmove  0x00006284       0x36 c:/program files (x86)/cypress/psoc creator/4.3/psoc creator/import/gnu/arm/5.4.1/bin/../lib/gcc/arm-none-eabi/5.4.1/../../../../arm-none-eabi/lib/armv7-m\libg_nano.a(lib_a-memmove.o)
                0x00006284                memmove
 .text.__malloc_lock
                0x000062ba        0x2 c:/program files (x86)/cypress/psoc creator/4.3/psoc creator/import/gnu/arm/5.4.1/bin/../lib/gcc/arm-none-eabi/5.4.1/../../../../arm-none-eabi/lib/armv7-m\libg_nano.a(lib_a-mlock.o)
                0x000062ba                __malloc_lock
 .text.__malloc_unlock
                0x000062bc        0x2 c:/program files (x86)/cypress/psoc creator/4.3/psoc creator/import/gnu/arm/5.4.1/bin/../lib/gcc/arm-none-eabi/5.4.1/../../../../arm-none-eabi/lib/armv7-m\libg_nano.a(lib_a-mlock.o)
                0x000062bc                __malloc_unlock
 .text._realloc_r
                0x000062be       0x4c c:/program files (x86)/cypress/psoc creator/4.3/psoc creator/import/gnu/arm/5.4.1/bin/../lib/gcc/arm-none-eabi/5.4.1/../../../../arm-none-eabi/lib/armv7-m\libg_nano.a(lib_a-nano-reallocr.o)
                0x000062be                _realloc_r
 .text._malloc_usable_size_r
                0x0000630a       0x14 c:/program files (x86)/cypress/psoc creator/4.3/psoc creator/import/gnu/arm/5.4.1/bin/../lib/gcc/arm-none-eabi/5.4.1/../../../../arm-none-eabi/lib/armv7-m\libg_nano.a(lib_a-nano-msizer.o)
                0x0000630a                _malloc_usable_size_r
 *fill*         0x0000631e        0x2 
 .text          0x00006320       0x2c c:/program files (x86)/cypress/psoc creator/4.3/psoc creator/import/gnu/arm/5.4.1/bin/../lib/gcc/arm-none-eabi/5.4.1/armv7-m\libgcc.a(_arm_unorddf2.o)
                0x00006320                __unorddf2
                0x00006320                __aeabi_dcmpun
 *(.plt)
 *(.gnu.warning)
 *(.glue_7t)
 .glue_7t       0x0000634c        0x0 linker stubs
 *(.glue_7)
 .glue_7        0x0000634c        0x0 linker stubs
 *(.vfp11_veneer)
 .vfp11_veneer  0x0000634c        0x0 linker stubs
 *(.bootloader)
 *(.ARM.extab* .gnu.linkonce.armextab.*)
 *(.gcc_except_table)

.v4_bx          0x0000634c        0x0
 .v4_bx         0x0000634c        0x0 linker stubs

.iplt           0x0000634c        0x0
 .iplt          0x0000634c        0x0 c:/program files (x86)/cypress/psoc creator/4.3/psoc creator/import/gnu/arm/5.4.1/bin/../lib/gcc/arm-none-eabi/5.4.1/armv7-m/crtbegin.o

.eh_frame_hdr
 *(.eh_frame_hdr)

.eh_frame       0x0000634c        0x4
 *(.eh_frame)
 .eh_frame      0x0000634c        0x0 c:/program files (x86)/cypress/psoc creator/4.3/psoc creator/import/gnu/arm/5.4.1/bin/../lib/gcc/arm-none-eabi/5.4.1/armv7-m/crtbegin.o
 .eh_frame      0x0000634c        0x4 c:/program files (x86)/cypress/psoc creator/4.3/psoc creator/import/gnu/arm/5.4.1/bin/../lib/gcc/arm-none-eabi/5.4.1/armv7-m/crtend.o
                [!provide]                PROVIDE (__exidx_start, .)

.ARM.exidx
 *(.ARM.exidx* .gnu.linkonce.armexidx.*)
                0x00006350                __exidx_end = .

.rodata         0x00006350      0x530
 *(.rodata .rodata.* .gnu.linkonce.r.*)
 .rodata.str1.4
                0x00006350       0x1b .\CortexM3\ARM_GCC_541\Debug\main.o
 *fill*         0x0000636b        0x1 
 .rodata        0x0000636c       0x30 .\CortexM3\ARM_GCC_541\Debug\cyfitter_cfg.o
 .rodata.str1.4
                0x0000639c       0x14 .\CortexM3\ARM_GCC_541\Debug\Design01.a(myUSB_std.o)
                                 0x11 (size before relaxing)
 .rodata        0x000063b0      0x15e .\CortexM3\ARM_GCC_541\Debug\Design01.a(myUSB_descr.o)
                0x000063b0                myUSB_TABLE
                0x000063b8                myUSB_DEVICE0_TABLE
                0x000063d0                myUSB_DEVICE0_CONFIGURATION0_TABLE
                0x000063f8                myUSB_DEVICE0_CONFIGURATION0_INTERFACE_CLASS
                0x000063fc                myUSB_DEVICE0_CONFIGURATION0_EP_SETTINGS_TABLE
                0x00006414                myUSB_SN_STRING_DESCRIPTOR
                0x00006418                myUSB_STRING_DESCRIPTORS
                0x000064b8                myUSB_DEVICE0_CONFIGURATION0_DESCR
                0x000064fc                myUSB_DEVICE0_DESCR
 *fill*         0x0000650e        0x2 
 .rodata.npio2_hw
                0x00006510       0x80 c:/program files (x86)/cypress/psoc creator/4.3/psoc creator/import/gnu/arm/5.4.1/bin/../lib/gcc/arm-none-eabi/5.4.1/../../../../arm-none-eabi/lib/armv7-m\libm.a(lib_a-e_rem_pio2.o)
 .rodata.two_over_pi
                0x00006590      0x108 c:/program files (x86)/cypress/psoc creator/4.3/psoc creator/import/gnu/arm/5.4.1/bin/../lib/gcc/arm-none-eabi/5.4.1/../../../../arm-none-eabi/lib/armv7-m\libm.a(lib_a-e_rem_pio2.o)
 .rodata.init_jk
                0x00006698       0x10 c:/program files (x86)/cypress/psoc creator/4.3/psoc creator/import/gnu/arm/5.4.1/bin/../lib/gcc/arm-none-eabi/5.4.1/../../../../arm-none-eabi/lib/armv7-m\libm.a(lib_a-k_rem_pio2.o)
 .rodata.PIo2   0x000066a8       0x40 c:/program files (x86)/cypress/psoc creator/4.3/psoc creator/import/gnu/arm/5.4.1/bin/../lib/gcc/arm-none-eabi/5.4.1/../../../../arm-none-eabi/lib/armv7-m\libm.a(lib_a-k_rem_pio2.o)
 .rodata.str1.1
                0x000066e8        0x2 c:/program files (x86)/cypress/psoc creator/4.3/psoc creator/import/gnu/arm/5.4.1/bin/../lib/gcc/arm-none-eabi/5.4.1/../../../../arm-none-eabi/lib/armv7-m\libg_nano.a(lib_a-impure.o)
 .rodata.str1.1
                0x000066ea       0x12 c:/program files (x86)/cypress/psoc creator/4.3/psoc creator/import/gnu/arm/5.4.1/bin/../lib/gcc/arm-none-eabi/5.4.1/../../../../arm-none-eabi/lib/armv7-m\libg_nano.a(lib_a-nano-vfprintf_float.o)
 .rodata.str1.1
                0x000066fc       0x22 c:/program files (x86)/cypress/psoc creator/4.3/psoc creator/import/gnu/arm/5.4.1/bin/../lib/gcc/arm-none-eabi/5.4.1/../../../../arm-none-eabi/lib/armv7-m\libg_nano.a(lib_a-nano-vfprintf_i.o)
 .rodata.str1.1
                0x0000671e        0xd c:/program files (x86)/cypress/psoc creator/4.3/psoc creator/import/gnu/arm/5.4.1/bin/../lib/gcc/arm-none-eabi/5.4.1/../../../../arm-none-eabi/lib/armv7-m\libg_nano.a(lib_a-dtoa.o)
                                  0xf (size before relaxing)
 .rodata.str1.1
                0x0000672b        0x8 c:/program files (x86)/cypress/psoc creator/4.3/psoc creator/import/gnu/arm/5.4.1/bin/../lib/gcc/arm-none-eabi/5.4.1/../../../../arm-none-eabi/lib/armv7-m\libg_nano.a(lib_a-locale.o)
                                  0xb (size before relaxing)
 *fill*         0x00006733        0x5 
 .rodata.__mprec_tens
                0x00006738       0xc8 c:/program files (x86)/cypress/psoc creator/4.3/psoc creator/import/gnu/arm/5.4.1/bin/../lib/gcc/arm-none-eabi/5.4.1/../../../../arm-none-eabi/lib/armv7-m\libg_nano.a(lib_a-mprec.o)
                0x00006738                __mprec_tens
 .rodata.p05.5408
                0x00006800        0xc c:/program files (x86)/cypress/psoc creator/4.3/psoc creator/import/gnu/arm/5.4.1/bin/../lib/gcc/arm-none-eabi/5.4.1/../../../../arm-none-eabi/lib/armv7-m\libg_nano.a(lib_a-mprec.o)
 *fill*         0x0000680c        0x4 
 .rodata.__mprec_bigtens
                0x00006810       0x28 c:/program files (x86)/cypress/psoc creator/4.3/psoc creator/import/gnu/arm/5.4.1/bin/../lib/gcc/arm-none-eabi/5.4.1/../../../../arm-none-eabi/lib/armv7-m\libg_nano.a(lib_a-mprec.o)
                0x00006810                __mprec_bigtens
 .rodata.str1.1
                0x00006838       0x11 c:/program files (x86)/cypress/psoc creator/4.3/psoc creator/import/gnu/arm/5.4.1/bin/../lib/gcc/arm-none-eabi/5.4.1/../../../../arm-none-eabi/lib/armv7-m\libg_nano.a(lib_a-nano-svfprintf.o)
                0x0000684c                . = ALIGN (0x4)
 *fill*         0x00006849        0x3 
 *(.init)
 .init          0x0000684c        0x4 c:/program files (x86)/cypress/psoc creator/4.3/psoc creator/import/gnu/arm/5.4.1/bin/../lib/gcc/arm-none-eabi/5.4.1/armv7-m/crti.o
                0x0000684c                _init
 .init          0x00006850        0x8 c:/program files (x86)/cypress/psoc creator/4.3/psoc creator/import/gnu/arm/5.4.1/bin/../lib/gcc/arm-none-eabi/5.4.1/armv7-m/crtn.o
                0x00006858                . = ALIGN (0x4)
                0x00006858                __preinit_array_start = .
 *(.preinit_array)
                0x00006858                __preinit_array_end = .
                0x00006858                . = ALIGN (0x4)
                0x00006858                __init_array_start = .
 *(SORT(.init_array.*))
 *(.init_array)
 .init_array    0x00006858        0x4 c:/program files (x86)/cypress/psoc creator/4.3/psoc creator/import/gnu/arm/5.4.1/bin/../lib/gcc/arm-none-eabi/5.4.1/armv7-m/crtbegin.o
 .init_array    0x0000685c        0x4 .\CortexM3\ARM_GCC_541\Debug\Cm3Start.o
                0x00006860                __init_array_end = .
                0x00006860                . = ALIGN (0x4)
 *(.fini)
 .fini          0x00006860        0x4 c:/program files (x86)/cypress/psoc creator/4.3/psoc creator/import/gnu/arm/5.4.1/bin/../lib/gcc/arm-none-eabi/5.4.1/armv7-m/crti.o
                0x00006860                _fini
 .fini          0x00006864        0x8 c:/program files (x86)/cypress/psoc creator/4.3/psoc creator/import/gnu/arm/5.4.1/bin/../lib/gcc/arm-none-eabi/5.4.1/armv7-m/crtn.o
                0x0000686c                . = ALIGN (0x4)
                0x0000686c                __fini_array_start = .
 *(.fini_array)
 .fini_array    0x0000686c        0x4 c:/program files (x86)/cypress/psoc creator/4.3/psoc creator/import/gnu/arm/5.4.1/bin/../lib/gcc/arm-none-eabi/5.4.1/armv7-m/crtbegin.o
 *(SORT(.fini_array.*))
                0x00006870                __fini_array_end = .
                0x00006870                . = ALIGN (0x4)
 *crtbegin.o(.ctors)
 *(EXCLUDE_FILE(*crtend.o) .ctors)
 *(SORT(.ctors.*))
 *crtend.o(.ctors)
                0x00006870                . = ALIGN (0x4)
 *crtbegin.o(.dtors)
 *(EXCLUDE_FILE(*crtend.o) .dtors)
 *(SORT(.dtors.*))
 *crtend.o(.dtors)
                0x00006870                . = ALIGN (0x4)
                0x00006870                __cy_regions = .
                0x00006870        0x4 LONG 0x6880 __cy_region_init_ram
                0x00006874        0x4 LONG 0x1fff80c8 __cy_region_start_data
                0x00006878        0x4 LONG 0xe0 __cy_region_init_size_ram
                0x0000687c        0x4 LONG 0x128 __cy_region_zero_size_ram
                0x00006880                __cy_regions_end = .
                0x00006880                . = ALIGN (0x8)
                0x00006880                _etext = .

.cy_checksum_exclude
                0x00006880        0x0
 *(.cy_checksum_exclude)

.ramvectors     0x1fff8000       0xc0
                0x1fff8000                __cy_region_start_ram = .
 *(.ramvectors)
 .ramvectors    0x1fff8000       0xc0 .\CortexM3\ARM_GCC_541\Debug\Cm3Start.o
                0x1fff8000                CyRamVectors

.noinit         0x1fff80c0        0x1
 *(.noinit)
 .noinit        0x1fff80c0        0x1 .\CortexM3\ARM_GCC_541\Debug\Design01.a(CyLib.o)
                0x1fff80c0                CyResetStatus

.data           0x1fff80c8       0xe0 load address 0x00006880
                0x1fff80c8                __cy_region_start_data = .
 *(.jcr)
 .jcr           0x1fff80c8        0x0 c:/program files (x86)/cypress/psoc creator/4.3/psoc creator/import/gnu/arm/5.4.1/bin/../lib/gcc/arm-none-eabi/5.4.1/armv7-m/crtbegin.o
 .jcr           0x1fff80c8        0x4 c:/program files (x86)/cypress/psoc creator/4.3/psoc creator/import/gnu/arm/5.4.1/bin/../lib/gcc/arm-none-eabi/5.4.1/armv7-m/crtend.o
 *(.got.plt)
 *(.got)
 *(.shdata)
 *(.data .data.* .gnu.linkonce.d.*)
 .data          0x1fff80cc        0x4 .\CortexM3\ARM_GCC_541\Debug\Cm3Start.o
 .data          0x1fff80d0       0x1a .\CortexM3\ARM_GCC_541\Debug\Design01.a(myUSB_cdc.o)
                0x1fff80d0                myUSB_linesCoding
 *fill*         0x1fff80ea        0x2 
 .data          0x1fff80ec        0x8 .\CortexM3\ARM_GCC_541\Debug\Design01.a(CyDmac.o)
 .data          0x1fff80f4       0x10 .\CortexM3\ARM_GCC_541\Debug\Design01.a(CyLib.o)
                0x1fff80f4                cydelay_32k_ms
                0x1fff80f8                cydelay_freq_khz
                0x1fff80fc                cydelay_freq_mhz
                0x1fff8100                cydelay_freq_hz
 .data          0x1fff8104        0x2 .\CortexM3\ARM_GCC_541\Debug\Design01.a(myADC_SEQ.o)
 .data          0x1fff8106        0x1 .\CortexM3\ARM_GCC_541\Debug\Design01.a(myADC_SEQ_TempBuf_dma.o)
                0x1fff8106                myADC_SEQ_TempBuf_DmaHandle
 .data          0x1fff8107        0x1 .\CortexM3\ARM_GCC_541\Debug\Design01.a(myADC_SEQ_FinalBuf_dma.o)
                0x1fff8107                myADC_SEQ_FinalBuf_DmaHandle
 .data.impure_data
                0x1fff8108       0x60 c:/program files (x86)/cypress/psoc creator/4.3/psoc creator/import/gnu/arm/5.4.1/bin/../lib/gcc/arm-none-eabi/5.4.1/../../../../arm-none-eabi/lib/armv7-m\libg_nano.a(lib_a-impure.o)
 .data._impure_ptr
                0x1fff8168        0x4 c:/program files (x86)/cypress/psoc creator/4.3/psoc creator/import/gnu/arm/5.4.1/bin/../lib/gcc/arm-none-eabi/5.4.1/../../../../arm-none-eabi/lib/armv7-m\libg_nano.a(lib_a-impure.o)
                0x1fff8168                _impure_ptr
 .data.lconv    0x1fff816c       0x38 c:/program files (x86)/cypress/psoc creator/4.3/psoc creator/import/gnu/arm/5.4.1/bin/../lib/gcc/arm-none-eabi/5.4.1/../../../../arm-none-eabi/lib/armv7-m\libg_nano.a(lib_a-locale.o)
                0x1fff81a8                . = ALIGN (0x8)
 *fill*         0x1fff81a4        0x4 
 *(.ram)
                0x1fff81a8                _edata = .

.igot.plt       0x1fff81a8        0x0 load address 0x00006960
 .igot.plt      0x1fff81a8        0x0 c:/program files (x86)/cypress/psoc creator/4.3/psoc creator/import/gnu/arm/5.4.1/bin/../lib/gcc/arm-none-eabi/5.4.1/armv7-m/crtbegin.o

.bss            0x1fff81a8      0x128 load address 0x00006960
                0x1fff81a8                PROVIDE (__bss_start__, .)
 *(.shbss)
 *(.bss .bss.* .gnu.linkonce.b.*)
 .bss           0x1fff81a8       0x1c c:/program files (x86)/cypress/psoc creator/4.3/psoc creator/import/gnu/arm/5.4.1/bin/../lib/gcc/arm-none-eabi/5.4.1/armv7-m/crtbegin.o
 .bss           0x1fff81c4        0x1 .\CortexM3\ARM_GCC_541\Debug\Design01.a(myUSB.o)
                0x1fff81c4                myUSB_initVar
 .bss           0x1fff81c5        0x1 .\CortexM3\ARM_GCC_541\Debug\Design01.a(myUSB_cdc.o)
 *fill*         0x1fff81c6        0x2 
 .bss           0x1fff81c8        0x2 .\CortexM3\ARM_GCC_541\Debug\Design01.a(myUSB_std.o)
 .bss           0x1fff81ca        0x1 .\CortexM3\ARM_GCC_541\Debug\Design01.a(myDAC.o)
                0x1fff81ca                myDAC_initVar
 *fill*         0x1fff81cb        0x1 
 .bss           0x1fff81cc       0x10 .\CortexM3\ARM_GCC_541\Debug\Design01.a(myADC_SEQ.o)
                0x1fff81d8                myADC_SEQ_initVar
 .bss           0x1fff81dc        0x1 .\CortexM3\ARM_GCC_541\Debug\Design01.a(myADC_SEQ_SAR.o)
                0x1fff81dc                myADC_SEQ_SAR_initVar
 .bss           0x1fff81dd        0x1 .\CortexM3\ARM_GCC_541\Debug\Design01.a(myCounter.o)
                0x1fff81dd                myCounter_initVar
 *fill*         0x1fff81de        0x2 
 .bss.__malloc_sbrk_start
                0x1fff81e0        0x4 c:/program files (x86)/cypress/psoc creator/4.3/psoc creator/import/gnu/arm/5.4.1/bin/../lib/gcc/arm-none-eabi/5.4.1/../../../../arm-none-eabi/lib/armv7-m\libg_nano.a(lib_a-nano-mallocr.o)
                0x1fff81e0                __malloc_sbrk_start
 .bss.__malloc_free_list
                0x1fff81e4        0x4 c:/program files (x86)/cypress/psoc creator/4.3/psoc creator/import/gnu/arm/5.4.1/bin/../lib/gcc/arm-none-eabi/5.4.1/../../../../arm-none-eabi/lib/armv7-m\libg_nano.a(lib_a-nano-mallocr.o)
                0x1fff81e4                __malloc_free_list
 *(COMMON)
 COMMON         0x1fff81e8       0x18 .\CortexM3\ARM_GCC_541\Debug\Design01.a(myUSB_cdc.o)
                0x1fff81e8                myUSB_linesChanged
                0x1fff81ec                myUSB_cdcCommInInterruptEp
                0x1fff81f0                myUSB_cdcDataOutEp
                0x1fff81f4                myUSB_cdcDataInEp
                0x1fff81f8                myUSB_serialStateBitmap
                0x1fff81fc                myUSB_linesControlBitmap
 COMMON         0x1fff8200       0x93 .\CortexM3\ARM_GCC_541\Debug\Design01.a(myUSB_drv.o)
                0x1fff8200                myUSB_interfaceSettingLast
                0x1fff8202                myUSB_ep0Mode
                0x1fff8203                myUSB_interfaceNumber
                0x1fff8204                myUSB_EP
                0x1fff8270                myUSB_deviceStatus
                0x1fff8271                myUSB_deviceAddress
                0x1fff8272                myUSB_device
                0x1fff8274                myUSB_interfaceSetting
                0x1fff8276                myUSB_lastPacketSize
                0x1fff8278                myUSB_transferByteCount
                0x1fff827a                myUSB_transferState
                0x1fff827c                myUSB_interfaceClass
                0x1fff8280                myUSB_configurationChanged
                0x1fff8281                myUSB_ep0Toggle
                0x1fff8282                myUSB_ep0Count
                0x1fff8284                myUSB_currentTD
                0x1fff8290                myUSB_interfaceStatus
                0x1fff8292                myUSB_configuration
 *fill*         0x1fff8293        0x1 
 COMMON         0x1fff8294        0x6 .\CortexM3\ARM_GCC_541\Debug\Design01.a(myADC_SEQ.o)
                0x1fff8294                myADC_SEQ_finalArray
 *fill*         0x1fff829a        0x2 
 COMMON         0x1fff829c        0xc .\CortexM3\ARM_GCC_541\Debug\Design01.a(myADC_SEQ_SAR.o)
                0x1fff829c                myADC_SEQ_SAR_offset
                0x1fff82a0                myADC_SEQ_SAR_countsPer10Volt
                0x1fff82a4                myADC_SEQ_SAR_shift
                0x1fff82a6                myADC_SEQ_SAR_countsPerVolt
 COMMON         0x1fff82a8       0x22 .\CortexM3\ARM_GCC_541\Debug\Design01.a(myUSB_descr.o)
                0x1fff82a8                myUSB_idSerialNumberStringDescriptor
 *fill*         0x1fff82ca        0x2 
 COMMON         0x1fff82cc        0x4 c:/program files (x86)/cypress/psoc creator/4.3/psoc creator/import/gnu/arm/5.4.1/bin/../lib/gcc/arm-none-eabi/5.4.1/../../../../arm-none-eabi/lib/armv7-m\libg_nano.a(lib_a-reent.o)
                0x1fff82cc                errno
                0x1fff82d0                . = ALIGN (0x8)
 *(.ram.b)
                0x1fff82d0                _end = .
                0x1fff82d0                __end = .
                0x1fff82d0                PROVIDE (end, .)
                0x1fff82d0                PROVIDE (__bss_end__, .)
                0x00006880                __cy_region_init_ram = LOADADDR (.data)
                0x000000e0                __cy_region_init_size_ram = (_edata - ADDR (.data))
                0x00000128                __cy_region_zero_size_ram = (_end - _edata)

.heap           0x1fff82d0      0x200 load address 0x00006960
                0x1fff82d0                . = _end
                0x1fff84d0                . = (. + 0x200)
 *fill*         0x1fff82d0      0x200 
                0x1fff84d0                __cy_heap_limit = .

.stack          0x20007800      0x800
                0x20007800                __cy_stack_limit = .
                0x20008000                . = (. + 0x800)
 *fill*         0x20007800      0x800 
                0x00000001                ASSERT ((__cy_stack_limit >= __cy_heap_limit), region RAM overflowed with stack)
                0x00000000                cy_checksum_exclude_size = (CY_APPL_LOADABLE == 0x1)?SIZEOF (.cy_checksum_exclude):0x0
                0x00000001                ASSERT ((cy_checksum_exclude_size <= CY_CHECKSUM_EXCLUDE_SIZE), CY_BOOT: Section .cy_checksum_exclude size exceedes specified limit.)

.cyloadermeta
 *(.cyloadermeta)

.cyloadablemeta
 *(.cyloadablemeta)

.cyconfigecc    0x80000000      0x4d8
 *(.cyconfigecc)
 .cyconfigecc   0x80000000      0x4d8 .\CortexM3\ARM_GCC_541\Debug\cymetadata.o
                0x80000000                cy_meta_configecc

.cycustnvl      0x90000000        0x4
 *(.cycustnvl)
 .cycustnvl     0x90000000        0x4 .\CortexM3\ARM_GCC_541\Debug\cymetadata.o
                0x90000000                cy_meta_custnvl

.cywolatch      0x90100000        0x4
 *(.cywolatch)
 .cywolatch     0x90100000        0x4 .\CortexM3\ARM_GCC_541\Debug\cymetadata.o
                0x90100000                cy_meta_wonvl

.cyeeprom       0x90200000        0x0
 *(.cyeeprom)
                0x00000001                ASSERT ((. <= ((0x90200000 + ee_offset) + ee_size)), .cyeeprom data will not fit in EEPROM)

.cyflashprotect
                0x90400000      0x100
 *(.cyflashprotect)
 .cyflashprotect
                0x90400000      0x100 .\CortexM3\ARM_GCC_541\Debug\cymetadata.o
                0x90400000                cy_meta_flashprotect

.cymeta         0x90500000        0xc
 *(.cymeta)
 .cymeta        0x90500000        0xc .\CortexM3\ARM_GCC_541\Debug\cymetadata.o
                0x90500000                cy_metadata

.rel.dyn        0x00006960        0x0 load address 0x9050000c
 .rel.iplt      0x00006960        0x0 c:/program files (x86)/cypress/psoc creator/4.3/psoc creator/import/gnu/arm/5.4.1/bin/../lib/gcc/arm-none-eabi/5.4.1/armv7-m/crtbegin.o

.stab
 *(.stab)

.stabstr
 *(.stabstr)

.debug
 *(.debug)

.line
 *(.line)

.debug_srcinfo
 *(.debug_srcinfo)

.debug_sfnames
 *(.debug_sfnames)

.debug_aranges  0x00000000      0xd08
 *(.debug_aranges)
 .debug_aranges
                0x00000000       0x20 .\CortexM3\ARM_GCC_541\Debug\main.o
 .debug_aranges
                0x00000020       0x58 .\CortexM3\ARM_GCC_541\Debug\cyfitter_cfg.o
 .debug_aranges
                0x00000078       0x18 .\CortexM3\ARM_GCC_541\Debug\cymetadata.o
 .debug_aranges
                0x00000090       0x48 .\CortexM3\ARM_GCC_541\Debug\Cm3Start.o
 .debug_aranges
                0x000000d8       0xc8 .\CortexM3\ARM_GCC_541\Debug\Design01.a(myUSB.o)
 .debug_aranges
                0x000001a0       0xe8 .\CortexM3\ARM_GCC_541\Debug\Design01.a(myUSB_cdc.o)
 .debug_aranges
                0x00000288       0x98 .\CortexM3\ARM_GCC_541\Debug\Design01.a(myUSB_drv.o)
 .debug_aranges
                0x00000320       0x40 .\CortexM3\ARM_GCC_541\Debug\Design01.a(myUSB_episr.o)
 .debug_aranges
                0x00000360       0x40 .\CortexM3\ARM_GCC_541\Debug\Design01.a(myUSB_pm.o)
 .debug_aranges
                0x000003a0       0x80 .\CortexM3\ARM_GCC_541\Debug\Design01.a(myUSB_std.o)
 .debug_aranges
                0x00000420       0x20 .\CortexM3\ARM_GCC_541\Debug\Design01.a(myUSB_vnd.o)
 .debug_aranges
                0x00000440       0x48 .\CortexM3\ARM_GCC_541\Debug\Design01.a(myUSB_Dp.o)
 .debug_aranges
                0x00000488       0xd8 .\CortexM3\ARM_GCC_541\Debug\Design01.a(CyDmac.o)
 .debug_aranges
                0x00000560      0x2a0 .\CortexM3\ARM_GCC_541\Debug\Design01.a(CyLib.o)
 .debug_aranges
                0x00000800       0x98 .\CortexM3\ARM_GCC_541\Debug\Design01.a(cyPm.o)
 .debug_aranges
                0x00000898       0x58 .\CortexM3\ARM_GCC_541\Debug\Design01.a(myDAC.o)
 .debug_aranges
                0x000008f0       0xa0 .\CortexM3\ARM_GCC_541\Debug\Design01.a(myADC_SEQ.o)
 .debug_aranges
                0x00000990       0x20 .\CortexM3\ARM_GCC_541\Debug\Design01.a(myADC_SEQ_INT.o)
 .debug_aranges
                0x000009b0       0xa8 .\CortexM3\ARM_GCC_541\Debug\Design01.a(myADC_SEQ_SAR.o)
 .debug_aranges
                0x00000a58       0x28 .\CortexM3\ARM_GCC_541\Debug\Design01.a(myADC_SEQ_TempBuf_dma.o)
 .debug_aranges
                0x00000a80       0x28 .\CortexM3\ARM_GCC_541\Debug\Design01.a(myADC_SEQ_FinalBuf_dma.o)
 .debug_aranges
                0x00000aa8       0x80 .\CortexM3\ARM_GCC_541\Debug\Design01.a(myADC_SEQ_IRQ.o)
 .debug_aranges
                0x00000b28       0x80 .\CortexM3\ARM_GCC_541\Debug\Design01.a(myCounter.o)
 .debug_aranges
                0x00000ba8       0x20 .\CortexM3\ARM_GCC_541\Debug\Design01.a(CyBootAsmGnu.o)
 .debug_aranges
                0x00000bc8       0x20 .\CortexM3\ARM_GCC_541\Debug\Design01.a(myUSB_cls.o)
 .debug_aranges
                0x00000be8       0x18 .\CortexM3\ARM_GCC_541\Debug\Design01.a(myUSB_descr.o)
 .debug_aranges
                0x00000c00       0x88 .\CortexM3\ARM_GCC_541\Debug\Design01.a(CyFlash.o)
 .debug_aranges
                0x00000c88       0x80 .\CortexM3\ARM_GCC_541\Debug\Design01.a(CySpc.o)

.debug_pubnames
 *(.debug_pubnames)

.debug_info     0x00000000     0x8a97
 *(.debug_info .gnu.linkonce.wi.*)
 .debug_info    0x00000000      0x37c .\CortexM3\ARM_GCC_541\Debug\main.o
 .debug_info    0x0000037c      0x569 .\CortexM3\ARM_GCC_541\Debug\cyfitter_cfg.o
 .debug_info    0x000008e5      0x136 .\CortexM3\ARM_GCC_541\Debug\cymetadata.o
 .debug_info    0x00000a1b      0x3cf .\CortexM3\ARM_GCC_541\Debug\Cm3Start.o
 .debug_info    0x00000dea      0x993 .\CortexM3\ARM_GCC_541\Debug\Design01.a(myUSB.o)
 .debug_info    0x0000177d      0xaf7 .\CortexM3\ARM_GCC_541\Debug\Design01.a(myUSB_cdc.o)
 .debug_info    0x00002274      0x655 .\CortexM3\ARM_GCC_541\Debug\Design01.a(myUSB_drv.o)
 .debug_info    0x000028c9      0x254 .\CortexM3\ARM_GCC_541\Debug\Design01.a(myUSB_episr.o)
 .debug_info    0x00002b1d      0x2e4 .\CortexM3\ARM_GCC_541\Debug\Design01.a(myUSB_pm.o)
 .debug_info    0x00002e01      0xb26 .\CortexM3\ARM_GCC_541\Debug\Design01.a(myUSB_std.o)
 .debug_info    0x00003927       0xed .\CortexM3\ARM_GCC_541\Debug\Design01.a(myUSB_vnd.o)
 .debug_info    0x00003a14      0x174 .\CortexM3\ARM_GCC_541\Debug\Design01.a(myUSB_Dp.o)
 .debug_info    0x00003b88      0x94e .\CortexM3\ARM_GCC_541\Debug\Design01.a(CyDmac.o)
 .debug_info    0x000044d6     0x1374 .\CortexM3\ARM_GCC_541\Debug\Design01.a(CyLib.o)
 .debug_info    0x0000584a      0xa2a .\CortexM3\ARM_GCC_541\Debug\Design01.a(cyPm.o)
 .debug_info    0x00006274      0x1e0 .\CortexM3\ARM_GCC_541\Debug\Design01.a(myDAC.o)
 .debug_info    0x00006454      0x6f2 .\CortexM3\ARM_GCC_541\Debug\Design01.a(myADC_SEQ.o)
 .debug_info    0x00006b46       0xa0 .\CortexM3\ARM_GCC_541\Debug\Design01.a(myADC_SEQ_INT.o)
 .debug_info    0x00006be6      0x544 .\CortexM3\ARM_GCC_541\Debug\Design01.a(myADC_SEQ_SAR.o)
 .debug_info    0x0000712a      0x1a8 .\CortexM3\ARM_GCC_541\Debug\Design01.a(myADC_SEQ_TempBuf_dma.o)
 .debug_info    0x000072d2      0x1aa .\CortexM3\ARM_GCC_541\Debug\Design01.a(myADC_SEQ_FinalBuf_dma.o)
 .debug_info    0x0000747c      0x2d2 .\CortexM3\ARM_GCC_541\Debug\Design01.a(myADC_SEQ_IRQ.o)
 .debug_info    0x0000774e      0x28f .\CortexM3\ARM_GCC_541\Debug\Design01.a(myCounter.o)
 .debug_info    0x000079dd       0x9c .\CortexM3\ARM_GCC_541\Debug\Design01.a(CyBootAsmGnu.o)
 .debug_info    0x00007a79      0x1de .\CortexM3\ARM_GCC_541\Debug\Design01.a(myUSB_cls.o)
 .debug_info    0x00007c57      0x2a3 .\CortexM3\ARM_GCC_541\Debug\Design01.a(myUSB_descr.o)
 .debug_info    0x00007efa      0x64d .\CortexM3\ARM_GCC_541\Debug\Design01.a(CyFlash.o)
 .debug_info    0x00008547      0x550 .\CortexM3\ARM_GCC_541\Debug\Design01.a(CySpc.o)

.debug_abbrev   0x00000000     0x23a8
 *(.debug_abbrev)
 .debug_abbrev  0x00000000      0x129 .\CortexM3\ARM_GCC_541\Debug\main.o
 .debug_abbrev  0x00000129      0x1fe .\CortexM3\ARM_GCC_541\Debug\cyfitter_cfg.o
 .debug_abbrev  0x00000327       0x77 .\CortexM3\ARM_GCC_541\Debug\cymetadata.o
 .debug_abbrev  0x0000039e      0x1e8 .\CortexM3\ARM_GCC_541\Debug\Cm3Start.o
 .debug_abbrev  0x00000586      0x215 .\CortexM3\ARM_GCC_541\Debug\Design01.a(myUSB.o)
 .debug_abbrev  0x0000079b      0x245 .\CortexM3\ARM_GCC_541\Debug\Design01.a(myUSB_cdc.o)
 .debug_abbrev  0x000009e0      0x189 .\CortexM3\ARM_GCC_541\Debug\Design01.a(myUSB_drv.o)
 .debug_abbrev  0x00000b69      0x11b .\CortexM3\ARM_GCC_541\Debug\Design01.a(myUSB_episr.o)
 .debug_abbrev  0x00000c84      0x108 .\CortexM3\ARM_GCC_541\Debug\Design01.a(myUSB_pm.o)
 .debug_abbrev  0x00000d8c      0x20a .\CortexM3\ARM_GCC_541\Debug\Design01.a(myUSB_std.o)
 .debug_abbrev  0x00000f96       0x9b .\CortexM3\ARM_GCC_541\Debug\Design01.a(myUSB_vnd.o)
 .debug_abbrev  0x00001031       0x90 .\CortexM3\ARM_GCC_541\Debug\Design01.a(myUSB_Dp.o)
 .debug_abbrev  0x000010c1      0x1b2 .\CortexM3\ARM_GCC_541\Debug\Design01.a(CyDmac.o)
 .debug_abbrev  0x00001273      0x254 .\CortexM3\ARM_GCC_541\Debug\Design01.a(CyLib.o)
 .debug_abbrev  0x000014c7      0x1ab .\CortexM3\ARM_GCC_541\Debug\Design01.a(cyPm.o)
 .debug_abbrev  0x00001672       0xf7 .\CortexM3\ARM_GCC_541\Debug\Design01.a(myDAC.o)
 .debug_abbrev  0x00001769      0x13e .\CortexM3\ARM_GCC_541\Debug\Design01.a(myADC_SEQ.o)
 .debug_abbrev  0x000018a7       0x42 .\CortexM3\ARM_GCC_541\Debug\Design01.a(myADC_SEQ_INT.o)
 .debug_abbrev  0x000018e9      0x1ac .\CortexM3\ARM_GCC_541\Debug\Design01.a(myADC_SEQ_SAR.o)
 .debug_abbrev  0x00001a95       0xcd .\CortexM3\ARM_GCC_541\Debug\Design01.a(myADC_SEQ_TempBuf_dma.o)
 .debug_abbrev  0x00001b62       0xcd .\CortexM3\ARM_GCC_541\Debug\Design01.a(myADC_SEQ_FinalBuf_dma.o)
 .debug_abbrev  0x00001c2f      0x173 .\CortexM3\ARM_GCC_541\Debug\Design01.a(myADC_SEQ_IRQ.o)
 .debug_abbrev  0x00001da2      0x122 .\CortexM3\ARM_GCC_541\Debug\Design01.a(myCounter.o)
 .debug_abbrev  0x00001ec4       0x14 .\CortexM3\ARM_GCC_541\Debug\Design01.a(CyBootAsmGnu.o)
 .debug_abbrev  0x00001ed8       0xe1 .\CortexM3\ARM_GCC_541\Debug\Design01.a(myUSB_cls.o)
 .debug_abbrev  0x00001fb9       0xb4 .\CortexM3\ARM_GCC_541\Debug\Design01.a(myUSB_descr.o)
 .debug_abbrev  0x0000206d      0x1a7 .\CortexM3\ARM_GCC_541\Debug\Design01.a(CyFlash.o)
 .debug_abbrev  0x00002214      0x194 .\CortexM3\ARM_GCC_541\Debug\Design01.a(CySpc.o)

.debug_line     0x00000000     0x33ce
 *(.debug_line)
 .debug_line    0x00000000      0x25b .\CortexM3\ARM_GCC_541\Debug\main.o
 .debug_line    0x0000025b      0x1ea .\CortexM3\ARM_GCC_541\Debug\cyfitter_cfg.o
 .debug_line    0x00000445      0x141 .\CortexM3\ARM_GCC_541\Debug\cymetadata.o
 .debug_line    0x00000586      0x241 .\CortexM3\ARM_GCC_541\Debug\Cm3Start.o
 .debug_line    0x000007c7      0x2d4 .\CortexM3\ARM_GCC_541\Debug\Design01.a(myUSB.o)
 .debug_line    0x00000a9b      0x2ec .\CortexM3\ARM_GCC_541\Debug\Design01.a(myUSB_cdc.o)
 .debug_line    0x00000d87      0x21b .\CortexM3\ARM_GCC_541\Debug\Design01.a(myUSB_drv.o)
 .debug_line    0x00000fa2       0xe0 .\CortexM3\ARM_GCC_541\Debug\Design01.a(myUSB_episr.o)
 .debug_line    0x00001082      0x106 .\CortexM3\ARM_GCC_541\Debug\Design01.a(myUSB_pm.o)
 .debug_line    0x00001188      0x3dc .\CortexM3\ARM_GCC_541\Debug\Design01.a(myUSB_std.o)
 .debug_line    0x00001564       0x6f .\CortexM3\ARM_GCC_541\Debug\Design01.a(myUSB_vnd.o)
 .debug_line    0x000015d3       0xb9 .\CortexM3\ARM_GCC_541\Debug\Design01.a(myUSB_Dp.o)
 .debug_line    0x0000168c      0x2e4 .\CortexM3\ARM_GCC_541\Debug\Design01.a(CyDmac.o)
 .debug_line    0x00001970      0x816 .\CortexM3\ARM_GCC_541\Debug\Design01.a(CyLib.o)
 .debug_line    0x00002186      0x367 .\CortexM3\ARM_GCC_541\Debug\Design01.a(cyPm.o)
 .debug_line    0x000024ed       0xe2 .\CortexM3\ARM_GCC_541\Debug\Design01.a(myDAC.o)
 .debug_line    0x000025cf      0x220 .\CortexM3\ARM_GCC_541\Debug\Design01.a(myADC_SEQ.o)
 .debug_line    0x000027ef       0x56 .\CortexM3\ARM_GCC_541\Debug\Design01.a(myADC_SEQ_INT.o)
 .debug_line    0x00002845      0x209 .\CortexM3\ARM_GCC_541\Debug\Design01.a(myADC_SEQ_SAR.o)
 .debug_line    0x00002a4e       0x8e .\CortexM3\ARM_GCC_541\Debug\Design01.a(myADC_SEQ_TempBuf_dma.o)
 .debug_line    0x00002adc       0x8f .\CortexM3\ARM_GCC_541\Debug\Design01.a(myADC_SEQ_FinalBuf_dma.o)
 .debug_line    0x00002b6b      0x13a .\CortexM3\ARM_GCC_541\Debug\Design01.a(myADC_SEQ_IRQ.o)
 .debug_line    0x00002ca5      0x15d .\CortexM3\ARM_GCC_541\Debug\Design01.a(myCounter.o)
 .debug_line    0x00002e02       0x66 .\CortexM3\ARM_GCC_541\Debug\Design01.a(CyBootAsmGnu.o)
 .debug_line    0x00002e68       0x8f .\CortexM3\ARM_GCC_541\Debug\Design01.a(myUSB_cls.o)
 .debug_line    0x00002ef7       0x5d .\CortexM3\ARM_GCC_541\Debug\Design01.a(myUSB_descr.o)
 .debug_line    0x00002f54      0x21a .\CortexM3\ARM_GCC_541\Debug\Design01.a(CyFlash.o)
 .debug_line    0x0000316e      0x260 .\CortexM3\ARM_GCC_541\Debug\Design01.a(CySpc.o)

.debug_frame    0x00000000     0x2b18
 *(.debug_frame)
 .debug_frame   0x00000000       0x40 .\CortexM3\ARM_GCC_541\Debug\main.o
 .debug_frame   0x00000040       0xfc .\CortexM3\ARM_GCC_541\Debug\cyfitter_cfg.o
 .debug_frame   0x0000013c       0xb8 .\CortexM3\ARM_GCC_541\Debug\Cm3Start.o
 .debug_frame   0x000001f4      0x1dc .\CortexM3\ARM_GCC_541\Debug\Design01.a(myUSB.o)
 .debug_frame   0x000003d0      0x27c .\CortexM3\ARM_GCC_541\Debug\Design01.a(myUSB_cdc.o)
 .debug_frame   0x0000064c      0x194 .\CortexM3\ARM_GCC_541\Debug\Design01.a(myUSB_drv.o)
 .debug_frame   0x000007e0       0x6c .\CortexM3\ARM_GCC_541\Debug\Design01.a(myUSB_episr.o)
 .debug_frame   0x0000084c       0xa0 .\CortexM3\ARM_GCC_541\Debug\Design01.a(myUSB_pm.o)
 .debug_frame   0x000008ec      0x17c .\CortexM3\ARM_GCC_541\Debug\Design01.a(myUSB_std.o)
 .debug_frame   0x00000a68       0x20 .\CortexM3\ARM_GCC_541\Debug\Design01.a(myUSB_vnd.o)
 .debug_frame   0x00000a88       0x70 .\CortexM3\ARM_GCC_541\Debug\Design01.a(myUSB_Dp.o)
 .debug_frame   0x00000af8      0x1f8 .\CortexM3\ARM_GCC_541\Debug\Design01.a(CyDmac.o)
 .debug_frame   0x00000cf0      0x738 .\CortexM3\ARM_GCC_541\Debug\Design01.a(CyLib.o)
 .debug_frame   0x00001428      0x1f8 .\CortexM3\ARM_GCC_541\Debug\Design01.a(cyPm.o)
 .debug_frame   0x00001620       0xb4 .\CortexM3\ARM_GCC_541\Debug\Design01.a(myDAC.o)
 .debug_frame   0x000016d4      0x1dc .\CortexM3\ARM_GCC_541\Debug\Design01.a(myADC_SEQ.o)
 .debug_frame   0x000018b0       0x20 .\CortexM3\ARM_GCC_541\Debug\Design01.a(myADC_SEQ_INT.o)
 .debug_frame   0x000018d0      0x1b0 .\CortexM3\ARM_GCC_541\Debug\Design01.a(myADC_SEQ_SAR.o)
 .debug_frame   0x00001a80       0x54 .\CortexM3\ARM_GCC_541\Debug\Design01.a(myADC_SEQ_TempBuf_dma.o)
 .debug_frame   0x00001ad4       0x54 .\CortexM3\ARM_GCC_541\Debug\Design01.a(myADC_SEQ_FinalBuf_dma.o)
 .debug_frame   0x00001b28      0x104 .\CortexM3\ARM_GCC_541\Debug\Design01.a(myADC_SEQ_IRQ.o)
 .debug_frame   0x00001c2c      0x104 .\CortexM3\ARM_GCC_541\Debug\Design01.a(myCounter.o)
 .debug_frame   0x00001d30       0x2c .\CortexM3\ARM_GCC_541\Debug\Design01.a(myUSB_cls.o)
 .debug_frame   0x00001d5c      0x194 .\CortexM3\ARM_GCC_541\Debug\Design01.a(CyFlash.o)
 .debug_frame   0x00001ef0      0x180 .\CortexM3\ARM_GCC_541\Debug\Design01.a(CySpc.o)
 .debug_frame   0x00002070       0x38 c:/program files (x86)/cypress/psoc creator/4.3/psoc creator/import/gnu/arm/5.4.1/bin/../lib/gcc/arm-none-eabi/5.4.1/../../../../arm-none-eabi/lib/armv7-m\libm.a(lib_a-s_sin.o)
 .debug_frame   0x000020a8       0x48 c:/program files (x86)/cypress/psoc creator/4.3/psoc creator/import/gnu/arm/5.4.1/bin/../lib/gcc/arm-none-eabi/5.4.1/../../../../arm-none-eabi/lib/armv7-m\libm.a(lib_a-e_rem_pio2.o)
 .debug_frame   0x000020f0       0x4c c:/program files (x86)/cypress/psoc creator/4.3/psoc creator/import/gnu/arm/5.4.1/bin/../lib/gcc/arm-none-eabi/5.4.1/../../../../arm-none-eabi/lib/armv7-m\libm.a(lib_a-k_cos.o)
 .debug_frame   0x0000213c       0x50 c:/program files (x86)/cypress/psoc creator/4.3/psoc creator/import/gnu/arm/5.4.1/bin/../lib/gcc/arm-none-eabi/5.4.1/../../../../arm-none-eabi/lib/armv7-m\libm.a(lib_a-k_rem_pio2.o)
 .debug_frame   0x0000218c       0x48 c:/program files (x86)/cypress/psoc creator/4.3/psoc creator/import/gnu/arm/5.4.1/bin/../lib/gcc/arm-none-eabi/5.4.1/../../../../arm-none-eabi/lib/armv7-m\libm.a(lib_a-k_sin.o)
 .debug_frame   0x000021d4       0x20 c:/program files (x86)/cypress/psoc creator/4.3/psoc creator/import/gnu/arm/5.4.1/bin/../lib/gcc/arm-none-eabi/5.4.1/../../../../arm-none-eabi/lib/armv7-m\libm.a(lib_a-s_fabs.o)
 .debug_frame   0x000021f4       0x34 c:/program files (x86)/cypress/psoc creator/4.3/psoc creator/import/gnu/arm/5.4.1/bin/../lib/gcc/arm-none-eabi/5.4.1/../../../../arm-none-eabi/lib/armv7-m\libm.a(lib_a-s_floor.o)
 .debug_frame   0x00002228       0x30 c:/program files (x86)/cypress/psoc creator/4.3/psoc creator/import/gnu/arm/5.4.1/bin/../lib/gcc/arm-none-eabi/5.4.1/../../../../arm-none-eabi/lib/armv7-m\libm.a(lib_a-s_scalbn.o)
 .debug_frame   0x00002258       0x20 c:/program files (x86)/cypress/psoc creator/4.3/psoc creator/import/gnu/arm/5.4.1/bin/../lib/gcc/arm-none-eabi/5.4.1/../../../../arm-none-eabi/lib/armv7-m\libm.a(lib_a-s_copysign.o)
 .debug_frame   0x00002278       0x44 c:/program files (x86)/cypress/psoc creator/4.3/psoc creator/import/gnu/arm/5.4.1/bin/../lib/gcc/arm-none-eabi/5.4.1/armv7-m\libgcc.a(_aeabi_ldivmod.o)
 .debug_frame   0x000022bc       0x38 c:/program files (x86)/cypress/psoc creator/4.3/psoc creator/import/gnu/arm/5.4.1/bin/../lib/gcc/arm-none-eabi/5.4.1/armv7-m\libgcc.a(_udivmoddi4.o)
 .debug_frame   0x000022f4       0x20 c:/program files (x86)/cypress/psoc creator/4.3/psoc creator/import/gnu/arm/5.4.1/bin/../lib/gcc/arm-none-eabi/5.4.1/../../../../arm-none-eabi/lib/armv7-m\libg_nano.a(lib_a-errno.o)
 .debug_frame   0x00002314       0x28 c:/program files (x86)/cypress/psoc creator/4.3/psoc creator/import/gnu/arm/5.4.1/bin/../lib/gcc/arm-none-eabi/5.4.1/../../../../arm-none-eabi/lib/armv7-m\libg_nano.a(lib_a-exit.o)
 .debug_frame   0x0000233c       0x2c c:/program files (x86)/cypress/psoc creator/4.3/psoc creator/import/gnu/arm/5.4.1/bin/../lib/gcc/arm-none-eabi/5.4.1/../../../../arm-none-eabi/lib/armv7-m\libg_nano.a(lib_a-init.o)
 .debug_frame   0x00002368       0x28 c:/program files (x86)/cypress/psoc creator/4.3/psoc creator/import/gnu/arm/5.4.1/bin/../lib/gcc/arm-none-eabi/5.4.1/../../../../arm-none-eabi/lib/armv7-m\libg_nano.a(lib_a-memcpy-stub.o)
 .debug_frame   0x00002390       0x20 c:/program files (x86)/cypress/psoc creator/4.3/psoc creator/import/gnu/arm/5.4.1/bin/../lib/gcc/arm-none-eabi/5.4.1/../../../../arm-none-eabi/lib/armv7-m\libg_nano.a(lib_a-memset.o)
 .debug_frame   0x000023b0       0x8c c:/program files (x86)/cypress/psoc creator/4.3/psoc creator/import/gnu/arm/5.4.1/bin/../lib/gcc/arm-none-eabi/5.4.1/../../../../arm-none-eabi/lib/armv7-m\libg_nano.a(lib_a-nano-vfprintf_float.o)
 .debug_frame   0x0000243c       0x60 c:/program files (x86)/cypress/psoc creator/4.3/psoc creator/import/gnu/arm/5.4.1/bin/../lib/gcc/arm-none-eabi/5.4.1/../../../../arm-none-eabi/lib/armv7-m\libg_nano.a(lib_a-nano-vfprintf_i.o)
 .debug_frame   0x0000249c       0x70 c:/program files (x86)/cypress/psoc creator/4.3/psoc creator/import/gnu/arm/5.4.1/bin/../lib/gcc/arm-none-eabi/5.4.1/../../../../arm-none-eabi/lib/armv7-m\libg_nano.a(lib_a-sprintf.o)
 .debug_frame   0x0000250c       0x6c c:/program files (x86)/cypress/psoc creator/4.3/psoc creator/import/gnu/arm/5.4.1/bin/../lib/gcc/arm-none-eabi/5.4.1/../../../../arm-none-eabi/lib/armv7-m\libg_nano.a(lib_a-dtoa.o)
 .debug_frame   0x00002578       0x98 c:/program files (x86)/cypress/psoc creator/4.3/psoc creator/import/gnu/arm/5.4.1/bin/../lib/gcc/arm-none-eabi/5.4.1/../../../../arm-none-eabi/lib/armv7-m\libg_nano.a(lib_a-locale.o)
 .debug_frame   0x00002610       0x30 c:/program files (x86)/cypress/psoc creator/4.3/psoc creator/import/gnu/arm/5.4.1/bin/../lib/gcc/arm-none-eabi/5.4.1/../../../../arm-none-eabi/lib/armv7-m\libg_nano.a(lib_a-malloc.o)
 .debug_frame   0x00002640       0x28 c:/program files (x86)/cypress/psoc creator/4.3/psoc creator/import/gnu/arm/5.4.1/bin/../lib/gcc/arm-none-eabi/5.4.1/../../../../arm-none-eabi/lib/armv7-m\libg_nano.a(lib_a-memchr-stub.o)
 .debug_frame   0x00002668      0x234 c:/program files (x86)/cypress/psoc creator/4.3/psoc creator/import/gnu/arm/5.4.1/bin/../lib/gcc/arm-none-eabi/5.4.1/../../../../arm-none-eabi/lib/armv7-m\libg_nano.a(lib_a-mprec.o)
 .debug_frame   0x0000289c       0x2c c:/program files (x86)/cypress/psoc creator/4.3/psoc creator/import/gnu/arm/5.4.1/bin/../lib/gcc/arm-none-eabi/5.4.1/../../../../arm-none-eabi/lib/armv7-m\libg_nano.a(lib_a-nano-callocr.o)
 .debug_frame   0x000028c8       0x38 c:/program files (x86)/cypress/psoc creator/4.3/psoc creator/import/gnu/arm/5.4.1/bin/../lib/gcc/arm-none-eabi/5.4.1/../../../../arm-none-eabi/lib/armv7-m\libg_nano.a(lib_a-nano-freer.o)
 .debug_frame   0x00002900       0x2c c:/program files (x86)/cypress/psoc creator/4.3/psoc creator/import/gnu/arm/5.4.1/bin/../lib/gcc/arm-none-eabi/5.4.1/../../../../arm-none-eabi/lib/armv7-m\libg_nano.a(lib_a-nano-mallocr.o)
 .debug_frame   0x0000292c       0x90 c:/program files (x86)/cypress/psoc creator/4.3/psoc creator/import/gnu/arm/5.4.1/bin/../lib/gcc/arm-none-eabi/5.4.1/../../../../arm-none-eabi/lib/armv7-m\libg_nano.a(lib_a-nano-svfprintf.o)
 .debug_frame   0x000029bc       0x2c c:/program files (x86)/cypress/psoc creator/4.3/psoc creator/import/gnu/arm/5.4.1/bin/../lib/gcc/arm-none-eabi/5.4.1/../../../../arm-none-eabi/lib/armv7-m\libg_nano.a(lib_a-sbrkr.o)
 .debug_frame   0x000029e8       0x20 c:/program files (x86)/cypress/psoc creator/4.3/psoc creator/import/gnu/arm/5.4.1/bin/../lib/gcc/arm-none-eabi/5.4.1/../../../../arm-none-eabi/lib/armv7-m\libg_nano.a(lib_a-strcmp.o)
 .debug_frame   0x00002a08       0x28 c:/program files (x86)/cypress/psoc creator/4.3/psoc creator/import/gnu/arm/5.4.1/bin/../lib/gcc/arm-none-eabi/5.4.1/../../../../arm-none-eabi/lib/armv7-m\libg_nano.a(lib_a-memmove.o)
 .debug_frame   0x00002a30       0x30 c:/program files (x86)/cypress/psoc creator/4.3/psoc creator/import/gnu/arm/5.4.1/bin/../lib/gcc/arm-none-eabi/5.4.1/../../../../arm-none-eabi/lib/armv7-m\libg_nano.a(lib_a-mlock.o)
 .debug_frame   0x00002a60       0x3c c:/program files (x86)/cypress/psoc creator/4.3/psoc creator/import/gnu/arm/5.4.1/bin/../lib/gcc/arm-none-eabi/5.4.1/../../../../arm-none-eabi/lib/armv7-m\libg_nano.a(lib_a-nano-reallocr.o)
 .debug_frame   0x00002a9c       0x5c c:/program files (x86)/cypress/psoc creator/4.3/psoc creator/import/gnu/arm/5.4.1/bin/../lib/gcc/arm-none-eabi/5.4.1/../../../../arm-none-eabi/lib/armv7-m\libg_nano.a(lib_a-reent.o)
 .debug_frame   0x00002af8       0x20 c:/program files (x86)/cypress/psoc creator/4.3/psoc creator/import/gnu/arm/5.4.1/bin/../lib/gcc/arm-none-eabi/5.4.1/../../../../arm-none-eabi/lib/armv7-m\libg_nano.a(lib_a-nano-msizer.o)

.debug_str      0x00000000     0x3062
 *(.debug_str)
 .debug_str     0x00000000      0x288 .\CortexM3\ARM_GCC_541\Debug\main.o
                                0x2e5 (size before relaxing)
 .debug_str     0x00000288      0x16f .\CortexM3\ARM_GCC_541\Debug\cyfitter_cfg.o
                                0x325 (size before relaxing)
 .debug_str     0x000003f7       0x7f .\CortexM3\ARM_GCC_541\Debug\cymetadata.o
                                0x1f0 (size before relaxing)
 .debug_str     0x00000476      0x154 .\CortexM3\ARM_GCC_541\Debug\Cm3Start.o
                                0x326 (size before relaxing)
 .debug_str     0x000005ca      0x43f .\CortexM3\ARM_GCC_541\Debug\Design01.a(myUSB.o)
                                0x626 (size before relaxing)
 .debug_str     0x00000a09      0x4b7 .\CortexM3\ARM_GCC_541\Debug\Design01.a(myUSB_cdc.o)
                                0x773 (size before relaxing)
 .debug_str     0x00000ec0      0x261 .\CortexM3\ARM_GCC_541\Debug\Design01.a(myUSB_drv.o)
                                0x600 (size before relaxing)
 .debug_str     0x00001121       0x74 .\CortexM3\ARM_GCC_541\Debug\Design01.a(myUSB_episr.o)
                                0x2d5 (size before relaxing)
 .debug_str     0x00001195       0xbe .\CortexM3\ARM_GCC_541\Debug\Design01.a(myUSB_pm.o)
                                0x2e4 (size before relaxing)
 .debug_str     0x00001253      0x24e .\CortexM3\ARM_GCC_541\Debug\Design01.a(myUSB_std.o)
                                0x769 (size before relaxing)
 .debug_str     0x000014a1       0x23 .\CortexM3\ARM_GCC_541\Debug\Design01.a(myUSB_vnd.o)
                                0x1f3 (size before relaxing)
 .debug_str     0x000014c4       0x98 .\CortexM3\ARM_GCC_541\Debug\Design01.a(myUSB_Dp.o)
                                0x23f (size before relaxing)
 .debug_str     0x0000155c      0x348 .\CortexM3\ARM_GCC_541\Debug\Design01.a(CyDmac.o)
                                0x556 (size before relaxing)
 .debug_str     0x000018a4      0x7b3 .\CortexM3\ARM_GCC_541\Debug\Design01.a(CyLib.o)
                                0xa53 (size before relaxing)
 .debug_str     0x00002057      0x365 .\CortexM3\ARM_GCC_541\Debug\Design01.a(cyPm.o)
                                0x73f (size before relaxing)
 .debug_str     0x000023bc       0x88 .\CortexM3\ARM_GCC_541\Debug\Design01.a(myDAC.o)
                                0x22b (size before relaxing)
 .debug_str     0x00002444      0x3a7 .\CortexM3\ARM_GCC_541\Debug\Design01.a(myADC_SEQ.o)
                                0x688 (size before relaxing)
 .debug_str     0x000027eb       0x35 .\CortexM3\ARM_GCC_541\Debug\Design01.a(myADC_SEQ_INT.o)
                                0x1bc (size before relaxing)
 .debug_str     0x00002820      0x139 .\CortexM3\ARM_GCC_541\Debug\Design01.a(myADC_SEQ_SAR.o)
                                0x4da (size before relaxing)
 .debug_str     0x00002959       0xa3 .\CortexM3\ARM_GCC_541\Debug\Design01.a(myADC_SEQ_TempBuf_dma.o)
                                0x2a8 (size before relaxing)
 .debug_str     0x000029fc       0x6b .\CortexM3\ARM_GCC_541\Debug\Design01.a(myADC_SEQ_FinalBuf_dma.o)
                                0x2ac (size before relaxing)
 .debug_str     0x00002a67      0x124 .\CortexM3\ARM_GCC_541\Debug\Design01.a(myADC_SEQ_IRQ.o)
                                0x322 (size before relaxing)
 .debug_str     0x00002b8b      0x157 .\CortexM3\ARM_GCC_541\Debug\Design01.a(myCounter.o)
                                0x323 (size before relaxing)
 .debug_str     0x00002ce2       0x23 .\CortexM3\ARM_GCC_541\Debug\Design01.a(myUSB_cls.o)
                                0x2aa (size before relaxing)
 .debug_str     0x00002d05       0xf6 .\CortexM3\ARM_GCC_541\Debug\Design01.a(myUSB_descr.o)
                                0x34b (size before relaxing)
 .debug_str     0x00002dfb      0x1bb .\CortexM3\ARM_GCC_541\Debug\Design01.a(CyFlash.o)
                                0x3cc (size before relaxing)
 .debug_str     0x00002fb6       0xac .\CortexM3\ARM_GCC_541\Debug\Design01.a(CySpc.o)
                                0x344 (size before relaxing)

.debug_loc      0x00000000     0x423c
 *(.debug_loc)
 .debug_loc     0x00000000      0x1f6 .\CortexM3\ARM_GCC_541\Debug\main.o
 .debug_loc     0x000001f6      0x1fd .\CortexM3\ARM_GCC_541\Debug\cyfitter_cfg.o
 .debug_loc     0x000003f3      0x144 .\CortexM3\ARM_GCC_541\Debug\Cm3Start.o
 .debug_loc     0x00000537      0x3e1 .\CortexM3\ARM_GCC_541\Debug\Design01.a(myUSB.o)
 .debug_loc     0x00000918      0x557 .\CortexM3\ARM_GCC_541\Debug\Design01.a(myUSB_cdc.o)
 .debug_loc     0x00000e6f      0x171 .\CortexM3\ARM_GCC_541\Debug\Design01.a(myUSB_drv.o)
 .debug_loc     0x00000fe0       0x26 .\CortexM3\ARM_GCC_541\Debug\Design01.a(myUSB_pm.o)
 .debug_loc     0x00001006      0x945 .\CortexM3\ARM_GCC_541\Debug\Design01.a(myUSB_std.o)
 .debug_loc     0x0000194b       0x84 .\CortexM3\ARM_GCC_541\Debug\Design01.a(myUSB_Dp.o)
 .debug_loc     0x000019cf      0xb8e .\CortexM3\ARM_GCC_541\Debug\Design01.a(CyDmac.o)
 .debug_loc     0x0000255d      0xa11 .\CortexM3\ARM_GCC_541\Debug\Design01.a(CyLib.o)
 .debug_loc     0x00002f6e      0x1e4 .\CortexM3\ARM_GCC_541\Debug\Design01.a(cyPm.o)
 .debug_loc     0x00003152       0x79 .\CortexM3\ARM_GCC_541\Debug\Design01.a(myDAC.o)
 .debug_loc     0x000031cb      0x13c .\CortexM3\ARM_GCC_541\Debug\Design01.a(myADC_SEQ.o)
 .debug_loc     0x00003307      0x295 .\CortexM3\ARM_GCC_541\Debug\Design01.a(myADC_SEQ_SAR.o)
 .debug_loc     0x0000359c       0x84 .\CortexM3\ARM_GCC_541\Debug\Design01.a(myADC_SEQ_TempBuf_dma.o)
 .debug_loc     0x00003620       0x84 .\CortexM3\ARM_GCC_541\Debug\Design01.a(myADC_SEQ_FinalBuf_dma.o)
 .debug_loc     0x000036a4       0x56 .\CortexM3\ARM_GCC_541\Debug\Design01.a(myADC_SEQ_IRQ.o)
 .debug_loc     0x000036fa       0x21 .\CortexM3\ARM_GCC_541\Debug\Design01.a(myCounter.o)
 .debug_loc     0x0000371b       0x6a .\CortexM3\ARM_GCC_541\Debug\Design01.a(myUSB_cls.o)
 .debug_loc     0x00003785      0x3b2 .\CortexM3\ARM_GCC_541\Debug\Design01.a(CyFlash.o)
 .debug_loc     0x00003b37      0x705 .\CortexM3\ARM_GCC_541\Debug\Design01.a(CySpc.o)

.debug_macinfo
 *(.debug_macinfo)

.debug_ranges   0x00000000      0xb40
 *(.debug_ranges)
 .debug_ranges  0x00000000       0x10 .\CortexM3\ARM_GCC_541\Debug\main.o
 .debug_ranges  0x00000010       0x48 .\CortexM3\ARM_GCC_541\Debug\cyfitter_cfg.o
 .debug_ranges  0x00000058       0x38 .\CortexM3\ARM_GCC_541\Debug\Cm3Start.o
 .debug_ranges  0x00000090       0xd0 .\CortexM3\ARM_GCC_541\Debug\Design01.a(myUSB.o)
 .debug_ranges  0x00000160       0xd8 .\CortexM3\ARM_GCC_541\Debug\Design01.a(myUSB_cdc.o)
 .debug_ranges  0x00000238       0x88 .\CortexM3\ARM_GCC_541\Debug\Design01.a(myUSB_drv.o)
 .debug_ranges  0x000002c0       0x30 .\CortexM3\ARM_GCC_541\Debug\Design01.a(myUSB_episr.o)
 .debug_ranges  0x000002f0       0x30 .\CortexM3\ARM_GCC_541\Debug\Design01.a(myUSB_pm.o)
 .debug_ranges  0x00000320       0x70 .\CortexM3\ARM_GCC_541\Debug\Design01.a(myUSB_std.o)
 .debug_ranges  0x00000390       0x10 .\CortexM3\ARM_GCC_541\Debug\Design01.a(myUSB_vnd.o)
 .debug_ranges  0x000003a0       0x38 .\CortexM3\ARM_GCC_541\Debug\Design01.a(myUSB_Dp.o)
 .debug_ranges  0x000003d8       0xc8 .\CortexM3\ARM_GCC_541\Debug\Design01.a(CyDmac.o)
 .debug_ranges  0x000004a0      0x290 .\CortexM3\ARM_GCC_541\Debug\Design01.a(CyLib.o)
 .debug_ranges  0x00000730       0x88 .\CortexM3\ARM_GCC_541\Debug\Design01.a(cyPm.o)
 .debug_ranges  0x000007b8       0x48 .\CortexM3\ARM_GCC_541\Debug\Design01.a(myDAC.o)
 .debug_ranges  0x00000800       0x90 .\CortexM3\ARM_GCC_541\Debug\Design01.a(myADC_SEQ.o)
 .debug_ranges  0x00000890       0x10 .\CortexM3\ARM_GCC_541\Debug\Design01.a(myADC_SEQ_INT.o)
 .debug_ranges  0x000008a0       0x98 .\CortexM3\ARM_GCC_541\Debug\Design01.a(myADC_SEQ_SAR.o)
 .debug_ranges  0x00000938       0x18 .\CortexM3\ARM_GCC_541\Debug\Design01.a(myADC_SEQ_TempBuf_dma.o)
 .debug_ranges  0x00000950       0x18 .\CortexM3\ARM_GCC_541\Debug\Design01.a(myADC_SEQ_FinalBuf_dma.o)
 .debug_ranges  0x00000968       0x70 .\CortexM3\ARM_GCC_541\Debug\Design01.a(myADC_SEQ_IRQ.o)
 .debug_ranges  0x000009d8       0x70 .\CortexM3\ARM_GCC_541\Debug\Design01.a(myCounter.o)
 .debug_ranges  0x00000a48       0x10 .\CortexM3\ARM_GCC_541\Debug\Design01.a(myUSB_cls.o)
 .debug_ranges  0x00000a58       0x78 .\CortexM3\ARM_GCC_541\Debug\Design01.a(CyFlash.o)
 .debug_ranges  0x00000ad0       0x70 .\CortexM3\ARM_GCC_541\Debug\Design01.a(CySpc.o)

.comment        0x00000000       0x6e
 .comment       0x00000000       0x6e .\CortexM3\ARM_GCC_541\Debug\main.o
                                 0x6f (size before relaxing)
 .comment       0x0000006e       0x6f .\CortexM3\ARM_GCC_541\Debug\cyfitter_cfg.o
 .comment       0x0000006e       0x6f .\CortexM3\ARM_GCC_541\Debug\cymetadata.o
 .comment       0x0000006e       0x6f .\CortexM3\ARM_GCC_541\Debug\Cm3Start.o
 .comment       0x0000006e       0x6f .\CortexM3\ARM_GCC_541\Debug\Design01.a(myUSB.o)
 .comment       0x0000006e       0x6f .\CortexM3\ARM_GCC_541\Debug\Design01.a(myUSB_cdc.o)
 .comment       0x0000006e       0x6f .\CortexM3\ARM_GCC_541\Debug\Design01.a(myUSB_drv.o)
 .comment       0x0000006e       0x6f .\CortexM3\ARM_GCC_541\Debug\Design01.a(myUSB_episr.o)
 .comment       0x0000006e       0x6f .\CortexM3\ARM_GCC_541\Debug\Design01.a(myUSB_pm.o)
 .comment       0x0000006e       0x6f .\CortexM3\ARM_GCC_541\Debug\Design01.a(myUSB_std.o)
 .comment       0x0000006e       0x6f .\CortexM3\ARM_GCC_541\Debug\Design01.a(myUSB_vnd.o)
 .comment       0x0000006e       0x6f .\CortexM3\ARM_GCC_541\Debug\Design01.a(myUSB_Dp.o)