Archive member included to satisfy reference by file (symbol)

.\CortexM3\ARM_GCC_541\Debug\Design01.a(myUSB.o)
                              .\CortexM3\ARM_GCC_541\Debug\main.o (myUSB_Start)
.\CortexM3\ARM_GCC_541\Debug\Design01.a(myUSB_cdc.o)
                              .\CortexM3\ARM_GCC_541\Debug\main.o (myUSB_PutString)
.\CortexM3\ARM_GCC_541\Debug\Design01.a(myUSB_drv.o)
                              .\CortexM3\ARM_GCC_541\Debug\Design01.a(myUSB.o) (myUSB_lastPacketSize)
.\CortexM3\ARM_GCC_541\Debug\Design01.a(myUSB_episr.o)
                              .\CortexM3\ARM_GCC_541\Debug\Design01.a(myUSB.o) (myUSB_EP_1_ISR)
.\CortexM3\ARM_GCC_541\Debug\Design01.a(myUSB_pm.o)
                              .\CortexM3\ARM_GCC_541\Debug\Design01.a(myUSB.o) (myUSB_DP_ISR)
.\CortexM3\ARM_GCC_541\Debug\Design01.a(myUSB_std.o)
                              .\CortexM3\ARM_GCC_541\Debug\Design01.a(myUSB_pm.o) (myUSB_ConfigReg)
.\CortexM3\ARM_GCC_541\Debug\Design01.a(myUSB_vnd.o)
                              .\CortexM3\ARM_GCC_541\Debug\Design01.a(myUSB_drv.o) (myUSB_HandleVendorRqst)
.\CortexM3\ARM_GCC_541\Debug\Design01.a(myUSB_Dp.o)
                              .\CortexM3\ARM_GCC_541\Debug\Design01.a(myUSB.o) (myUSB_Dp_ClearInterrupt)
.\CortexM3\ARM_GCC_541\Debug\Design01.a(CyDmac.o)
                              .\CortexM3\ARM_GCC_541\Debug\Cm3Start.o (CyDmacConfigure)
.\CortexM3\ARM_GCC_541\Debug\Design01.a(CyLib.o)
                              .\CortexM3\ARM_GCC_541\Debug\Cm3Start.o (CyHalt)
.\CortexM3\ARM_GCC_541\Debug\Design01.a(cyPm.o)
                              .\CortexM3\ARM_GCC_541\Debug\Design01.a(CyLib.o) (CyPmReadStatus)
.\CortexM3\ARM_GCC_541\Debug\Design01.a(myDAC.o)
                              .\CortexM3\ARM_GCC_541\Debug\main.o (myDAC_SetValue)
.\CortexM3\ARM_GCC_541\Debug\Design01.a(myADC_SEQ.o)
                              .\CortexM3\ARM_GCC_541\Debug\main.o (myADC_SEQ_Start)
.\CortexM3\ARM_GCC_541\Debug\Design01.a(myADC_SEQ_INT.o)
                              .\CortexM3\ARM_GCC_541\Debug\Design01.a(myADC_SEQ.o) (myADC_SEQ_ISR)
.\CortexM3\ARM_GCC_541\Debug\Design01.a(myADC_SEQ_SAR.o)
                              .\CortexM3\ARM_GCC_541\Debug\Design01.a(myADC_SEQ.o) (myADC_SEQ_SAR_shift)
.\CortexM3\ARM_GCC_541\Debug\Design01.a(myADC_SEQ_TempBuf_dma.o)
                              .\CortexM3\ARM_GCC_541\Debug\Design01.a(myADC_SEQ.o) (myADC_SEQ_TempBuf_DmaInitialize)
.\CortexM3\ARM_GCC_541\Debug\Design01.a(myADC_SEQ_FinalBuf_dma.o)
                              .\CortexM3\ARM_GCC_541\Debug\Design01.a(myADC_SEQ.o) (myADC_SEQ_FinalBuf_DmaInitialize)
.\CortexM3\ARM_GCC_541\Debug\Design01.a(myADC_SEQ_IRQ.o)
                              .\CortexM3\ARM_GCC_541\Debug\Design01.a(myADC_SEQ.o) (myADC_SEQ_IRQ_SetVector)
.\CortexM3\ARM_GCC_541\Debug\Design01.a(CyBootAsmGnu.o)
                              .\CortexM3\ARM_GCC_541\Debug\cyfitter_cfg.o (CyDelayCycles)
.\CortexM3\ARM_GCC_541\Debug\Design01.a(myUSB_cls.o)
                              .\CortexM3\ARM_GCC_541\Debug\Design01.a(myUSB_drv.o) (myUSB_DispatchClassRqst)
.\CortexM3\ARM_GCC_541\Debug\Design01.a(myUSB_descr.o)
                              .\CortexM3\ARM_GCC_541\Debug\Design01.a(myUSB_std.o) (myUSB_idSerialNumberStringDescriptor)
.\CortexM3\ARM_GCC_541\Debug\Design01.a(CyFlash.o)
                              .\CortexM3\ARM_GCC_541\Debug\Design01.a(cyPm.o) (CyFlash_SetWaitCycles)
.\CortexM3\ARM_GCC_541\Debug\Design01.a(CySpc.o)
                              .\CortexM3\ARM_GCC_541\Debug\Design01.a(CyFlash.o) (CySpcStart)
c:/program files (x86)/cypress/psoc creator/4.3/psoc creator/import/gnu/arm/5.4.1/bin/../lib/gcc/arm-none-eabi/5.4.1/../../../../arm-none-eabi/lib/armv7-m\libm.a(lib_a-s_sin.o)
                              .\CortexM3\ARM_GCC_541\Debug\main.o (sin)
c:/program files (x86)/cypress/psoc creator/4.3/psoc creator/import/gnu/arm/5.4.1/bin/../lib/gcc/arm-none-eabi/5.4.1/../../../../arm-none-eabi/lib/armv7-m\libm.a(lib_a-e_rem_pio2.o)
                              c:/program files (x86)/cypress/psoc creator/4.3/psoc creator/import/gnu/arm/5.4.1/bin/../lib/gcc/arm-none-eabi/5.4.1/../../../../arm-none-eabi/lib/armv7-m\libm.a(lib_a-s_sin.o) (__ieee754_rem_pio2)
c:/program files (x86)/cypress/psoc creator/4.3/psoc creator/import/gnu/arm/5.4.1/bin/../lib/gcc/arm-none-eabi/5.4.1/../../../../arm-none-eabi/lib/armv7-m\libm.a(lib_a-k_cos.o)
                              c:/program files (x86)/cypress/psoc creator/4.3/psoc creator/import/gnu/arm/5.4.1/bin/../lib/gcc/arm-none-eabi/5.4.1/../../../../arm-none-eabi/lib/armv7-m\libm.a(lib_a-s_sin.o) (__kernel_cos)
c:/program files (x86)/cypress/psoc creator/4.3/psoc creator/import/gnu/arm/5.4.1/bin/../lib/gcc/arm-none-eabi/5.4.1/../../../../arm-none-eabi/lib/armv7-m\libm.a(lib_a-k_rem_pio2.o)
[...]
Memory Configuration

Name             Origin             Length             Attributes
rom              0x00000000         0x00040000         xr
ram              0x1fff8000         0x00010000         xrw
*default*        0x00000000         0xffffffff

Linker script and memory map

LOAD c:/program files (x86)/cypress/psoc creator/4.3/psoc creator/import/gnu/arm/5.4.1/bin/../lib/gcc/arm-none-eabi/5.4.1/armv7-m/crti.o
LOAD c:/program files (x86)/cypress/psoc creator/4.3/psoc creator/import/gnu/arm/5.4.1/bin/../lib/gcc/arm-none-eabi/5.4.1/armv7-m/crtbegin.o
LOAD c:/program files (x86)/cypress/psoc creator/4.3/psoc creator/import/gnu/arm/5.4.1/bin/../lib/gcc/arm-none-eabi/5.4.1/../../../../arm-none-eabi/lib/armv7-m/crt0.o
START GROUP
LOAD .\CortexM3\ARM_GCC_541\Debug\main.o
LOAD .\CortexM3\ARM_GCC_541\Debug\cyfitter_cfg.o
LOAD .\CortexM3\ARM_GCC_541\Debug\cymetadata.o
LOAD .\CortexM3\ARM_GCC_541\Debug\Cm3Start.o
LOAD .\CortexM3\ARM_GCC_541\Debug\Design01.a
LOAD C:\Program Files (x86)\Cypress\PSoC Creator\4.3\PSoC Creator\psoc\content\cycomponentlibrary\CyComponentLibrary.cylib\CortexM3\ARM_GCC_541\Debug\CyComponentLibrary.a
LOAD c:/program files (x86)/cypress/psoc creator/4.3/psoc creator/import/gnu/arm/5.4.1/bin/../lib/gcc/arm-none-eabi/5.4.1/../../../../arm-none-eabi/lib/armv7-m\libm.a
END GROUP
START GROUP
LOAD c:/program files (x86)/cypress/psoc creator/4.3/psoc creator/import/gnu/arm/5.4.1/bin/../lib/gcc/arm-none-eabi/5.4.1/armv7-m\libgcc.a
LOAD c:/program files (x86)/cypress/psoc creator/4.3/psoc creator/import/gnu/arm/5.4.1/bin/../lib/gcc/arm-none-eabi/5.4.1/../../../../arm-none-eabi/lib/armv7-m\libg_nano.a
LOAD c:/program files (x86)/cypress/psoc creator/4.3/psoc creator/import/gnu/arm/5.4.1/bin/../lib/gcc/arm-none-eabi/5.4.1/../../../../arm-none-eabi/lib/armv7-m\libc_nano.a
END GROUP
START GROUP
LOAD c:/program files (x86)/cypress/psoc creator/4.3/psoc creator/import/gnu/arm/5.4.1/bin/../lib/gcc/arm-none-eabi/5.4.1/armv7-m\libgcc.a
LOAD c:/program files (x86)/cypress/psoc creator/4.3/psoc creator/import/gnu/arm/5.4.1/bin/../lib/gcc/arm-none-eabi/5.4.1/../../../../arm-none-eabi/lib/armv7-m\libc_nano.a
END GROUP
LOAD c:/program files (x86)/cypress/psoc creator/4.3/psoc creator/import/gnu/arm/5.4.1/bin/../lib/gcc/arm-none-eabi/5.4.1/armv7-m/crtend.o
LOAD c:/program files (x86)/cypress/psoc creator/4.3/psoc creator/import/gnu/arm/5.4.1/bin/../lib/gcc/arm-none-eabi/5.4.1/armv7-m/crtn.o
START GROUP
LOAD c:/program files (x86)/cypress/psoc creator/4.3/psoc creator/import/gnu/arm/5.4.1/bin/../lib/gcc/arm-none-eabi/5.4.1/armv7-m\libgcc.a
LOAD c:/program files (x86)/cypress/psoc creator/4.3/psoc creator/import/gnu/arm/5.4.1/bin/../lib/gcc/arm-none-eabi/5.4.1/../../../../arm-none-eabi/lib/armv7-m\libc.a
LOAD c:/program files (x86)/cypress/psoc creator/4.3/psoc creator/import/gnu/arm/5.4.1/bin/../lib/gcc/arm-none-eabi/5.4.1/../../../../arm-none-eabi/lib/armv7-m\libnosys.a
END GROUP
                0x00000000                CY_APPL_ORIGIN = 0x0
                0x00000100                CY_FLASH_ROW_SIZE = 0x100
                0x00000020                CY_ECC_ROW_SIZE = 0x20
                0x00000000                CY_EE_IN_BTLDR = 0x0
                0x00000000                CY_APPL_LOADABLE = 0x0
                0x00000800                CY_EE_SIZE = 0x800
                0x00000001                CY_APPL_NUM = 0x1
                0x00000001                CY_APPL_MAX = 0x1
                0x00000040                CY_METADATA_SIZE = 0x40
                0x00000000                CY_APPL_LOADABLE = 0x0
                0x00000000                CY_CHECKSUM_EXCLUDE_SIZE = ALIGN (0x0, CY_FLASH_ROW_SIZE)
                [!provide]                PROVIDE (__cy_heap_start, _end)
                0x00000001                PROVIDE (__cy_region_num, ((__cy_regions_end - __cy_regions) / 0x10))
                0x20008000                PROVIDE (__cy_stack, (ORIGIN (ram) + LENGTH (ram)))
                [!provide]                PROVIDE (__cy_heap_end, (__cy_stack - 0x800))

.cybootloader   0x00000000        0x0
 *(.cybootloader)
                0x00000000                appl1_start = CY_APPL_ORIGIN?CY_APPL_ORIGIN:ALIGN (CY_FLASH_ROW_SIZE)
                0x0001ff00                appl2_start = (appl1_start + ALIGN ((((LENGTH (rom) - appl1_start) - (0x2 * CY_FLASH_ROW_SIZE)) / 0x2), CY_FLASH_ROW_SIZE))
                0x00000000                appl_start = (CY_APPL_NUM == 0x1)?appl1_start:appl2_start
                0x00000000                ecc_offset = ((appl_start / CY_FLASH_ROW_SIZE) * CY_ECC_ROW_SIZE)
                0x00000000                ee_offset = (CY_APPL_LOADABLE && ! (CY_EE_IN_BTLDR))?((CY_EE_SIZE / CY_APPL_MAX) * (CY_APPL_NUM - 0x1)):0x0
                0x00000800                ee_size = (CY_APPL_LOADABLE && ! (CY_EE_IN_BTLDR))?(CY_EE_SIZE / CY_APPL_MAX):CY_EE_SIZE
                [!provide]                PROVIDE (CY_ECC_OFFSET, ecc_offset)

.text           0x00000000     0x6244
 CREATE_OBJECT_SYMBOLS
                0x00000000                PROVIDE (__cy_interrupt_vector, RomVectors)
 *(.romvectors)
 .romvectors    0x00000000       0x10 .\CortexM3\ARM_GCC_541\Debug\Cm3Start.o
                0x00000000                RomVectors
                0x00000001                ASSERT ((. != __cy_interrupt_vector), No interrupt vector)
                0x00000001                ASSERT (CY_APPL_ORIGIN?(SIZEOF (.cybootloader) <= CY_APPL_ORIGIN):0x1, Wrong image location)
                0x00000010                PROVIDE (__cy_reset, Reset)
 *(.text.Reset)
 .text.Reset    0x00000010       0x18 .\CortexM3\ARM_GCC_541\Debug\Cm3Start.o
                0x00000010                Reset
                0x00000001                ASSERT ((. != __cy_reset), No reset code)
 *(.dma_init)
                0x00000001                ASSERT ((((appl_start + .) <= 0x10000) || 0x1), DMA Init must be within the first 64k of flash)
 *(.text .text.* .gnu.linkonce.t.*)
 .text          0x00000028       0x5c c:/program files (x86)/cypress/psoc creator/4.3/psoc creator/import/gnu/arm/5.4.1/bin/../lib/gcc/arm-none-eabi/5.4.1/armv7-m/crtbegin.o
 *fill*         0x00000084        0x4 
 .text.main     0x00000088      0x17c .\CortexM3\ARM_GCC_541\Debug\main.o
                0x00000088                main
 .text.CyClockStartupError
                0x00000204        0x4 .\CortexM3\ARM_GCC_541\Debug\cyfitter_cfg.o
 .text.cfg_write_bytes32
                0x00000208       0x34 .\CortexM3\ARM_GCC_541\Debug\cyfitter_cfg.o
 .text.CYMEMZERO
                0x0000023c        0xc .\CortexM3\ARM_GCC_541\Debug\cyfitter_cfg.o
 .text.ClockSetup
                0x00000248       0xbc .\CortexM3\ARM_GCC_541\Debug\cyfitter_cfg.o
 .text.AnalogSetDefault
                0x00000304       0x90 .\CortexM3\ARM_GCC_541\Debug\cyfitter_cfg.o
 .text.CYCONFIGCPY
                0x00000394        0x8 .\CortexM3\ARM_GCC_541\Debug\cyfitter_cfg.o
 .text.cyfitter_cfg
                0x0000039c      0x114 .\CortexM3\ARM_GCC_541\Debug\cyfitter_cfg.o
                0x0000039c                cyfitter_cfg
 .text.IntDefaultHandler
                0x000004b0       0x10 .\CortexM3\ARM_GCC_541\Debug\Cm3Start.o
                0x000004b0                IntDefaultHandler
 .text._sbrk    0x000004c0       0x30 .\CortexM3\ARM_GCC_541\Debug\Cm3Start.o
                0x000004c0                _sbrk
 .text.Start_c  0x000004f0       0x4c .\CortexM3\ARM_GCC_541\Debug\Cm3Start.o
                0x000004f0                Start_c
 .text.initialize_psoc
                0x0000053c       0x6c .\CortexM3\ARM_GCC_541\Debug\Cm3Start.o
                0x0000053c                initialize_psoc
 .text.myUSB_Init
                0x000005a8      0x140 .\CortexM3\ARM_GCC_541\Debug\Design01.a(myUSB.o)
                0x000005a8                myUSB_Init
 .text.myUSB_InitComponent
                0x000006e8       0xb8 .\CortexM3\ARM_GCC_541\Debug\Design01.a(myUSB.o)
                0x000006e8                myUSB_InitComponent
 .text.myUSB_Start
                0x000007a0       0x24 .\CortexM3\ARM_GCC_541\Debug\Design01.a(myUSB.o)
                0x000007a0                myUSB_Start
 .text.myUSB_ReInitComponent
                0x000007c4       0x4c .\CortexM3\ARM_GCC_541\Debug\Design01.a(myUSB.o)
                0x000007c4                myUSB_ReInitComponent
 .text.myUSB_GetEPState
                0x00000810       0x14 .\CortexM3\ARM_GCC_541\Debug\Design01.a(myUSB.o)
                0x00000810                myUSB_GetEPState
 .text.myUSB_LoadInEP
                0x00000824       0x94 .\CortexM3\ARM_GCC_541\Debug\Design01.a(myUSB.o)
                0x00000824                myUSB_LoadInEP
 .text.myUSB_StrLen
                0x000008b8       0x14 .\CortexM3\ARM_GCC_541\Debug\Design01.a(myUSB_cdc.o)
 .text.myUSB_GetInterfaceComPort
                0x000008cc       0x38 .\CortexM3\ARM_GCC_541\Debug\Design01.a(myUSB_cdc.o)
                0x000008cc                myUSB_GetInterfaceComPort
 .text.myUSB_DispatchCDCClassRqst
                0x00000904       0x98 .\CortexM3\ARM_GCC_541\Debug\Design01.a(myUSB_cdc.o)
                0x00000904                myUSB_DispatchCDCClassRqst
 .text.myUSB_PutString
                0x0000099c       0xa0 .\CortexM3\ARM_GCC_541\Debug\Design01.a(myUSB_cdc.o)
                0x0000099c                myUSB_PutString
 .text.myUSB_CDCIsReady
                0x00000a3c       0x18 .\CortexM3\ARM_GCC_541\Debug\Design01.a(myUSB_cdc.o)
                0x00000a3c                myUSB_CDCIsReady
 .text.myUSB_Cdc_EpInit
                0x00000a54       0x50 .\CortexM3\ARM_GCC_541\Debug\Design01.a(myUSB_cdc.o)
                0x00000a54                myUSB_Cdc_EpInit
 .text.myUSB_LoadEP0
                0x00000aa4       0x98 .\CortexM3\ARM_GCC_541\Debug\Design01.a(myUSB_drv.o)
                0x00000aa4                myUSB_LoadEP0
 .text.myUSB_InitZeroLengthControlTransfer
                0x00000b3c       0x34 .\CortexM3\ARM_GCC_541\Debug\Design01.a(myUSB_drv.o)
                0x00000b3c                myUSB_InitZeroLengthControlTransfer
 .text.myUSB_ControlReadDataStage
                0x00000b70        0x8 .\CortexM3\ARM_GCC_541\Debug\Design01.a(myUSB_drv.o)
                0x00000b70                myUSB_ControlReadDataStage
 .text.myUSB_ControlWriteDataStage
                0x00000b78       0x84 .\CortexM3\ARM_GCC_541\Debug\Design01.a(myUSB_drv.o)
                0x00000b78                myUSB_ControlWriteDataStage
 .text.myUSB_InitNoDataControlTransfer
                0x00000bfc       0x2c .\CortexM3\ARM_GCC_541\Debug\Design01.a(myUSB_drv.o)
                0x00000bfc                myUSB_InitNoDataControlTransfer
 .text.myUSB_UpdateStatusBlock
                0x00000c28       0x24 .\CortexM3\ARM_GCC_541\Debug\Design01.a(myUSB_drv.o)
                0x00000c28                myUSB_UpdateStatusBlock
 .text.myUSB_HandleSetup
                0x00000c4c       0x5c .\CortexM3\ARM_GCC_541\Debug\Design01.a(myUSB_drv.o)
                0x00000c4c                myUSB_HandleSetup
 .text.myUSB_ControlReadStatusStage
                0x00000ca8       0x38 .\CortexM3\ARM_GCC_541\Debug\Design01.a(myUSB_drv.o)
                0x00000ca8                myUSB_ControlReadStatusStage
 .text.myUSB_HandleOUT
                0x00000ce0       0x38 .\CortexM3\ARM_GCC_541\Debug\Design01.a(myUSB_drv.o)
                0x00000ce0                myUSB_HandleOUT
 .text.myUSB_ControlWriteStatusStage
                0x00000d18       0x20 .\CortexM3\ARM_GCC_541\Debug\Design01.a(myUSB_drv.o)
                0x00000d18                myUSB_ControlWriteStatusStage
 .text.myUSB_NoDataControlStatusStage
                0x00000d38       0x40 .\CortexM3\ARM_GCC_541\Debug\Design01.a(myUSB_drv.o)
                0x00000d38                myUSB_NoDataControlStatusStage
 .text.myUSB_HandleIN
                0x00000d78       0x2c .\CortexM3\ARM_GCC_541\Debug\Design01.a(myUSB_drv.o)
                0x00000d78                myUSB_HandleIN
 .text.myUSB_EP_0_ISR
                0x00000da4       0xb8 .\CortexM3\ARM_GCC_541\Debug\Design01.a(myUSB_drv.o)
                0x00000da4                myUSB_EP_0_ISR
 .text.myUSB_InitializeStatusBlock
                0x00000e5c       0x24 .\CortexM3\ARM_GCC_541\Debug\Design01.a(myUSB_drv.o)
                0x00000e5c                myUSB_InitializeStatusBlock
 .text.myUSB_InitControlRead
                0x00000e80       0x50 .\CortexM3\ARM_GCC_541\Debug\Design01.a(myUSB_drv.o)
                0x00000e80                myUSB_InitControlRead
 .text.myUSB_InitControlWrite
                0x00000ed0       0x48 .\CortexM3\ARM_GCC_541\Debug\Design01.a(myUSB_drv.o)
                0x00000ed0                myUSB_InitControlWrite
 .text.myUSB_EP_1_ISR
                0x00000f18       0x30 .\CortexM3\ARM_GCC_541\Debug\Design01.a(myUSB_episr.o)
                0x00000f18                myUSB_EP_1_ISR
 .text.myUSB_EP_2_ISR
                0x00000f48       0x34 .\CortexM3\ARM_GCC_541\Debug\Design01.a(myUSB_episr.o)
                0x00000f48                myUSB_EP_2_ISR
 .text.myUSB_EP_3_ISR
                0x00000f7c       0x3c .\CortexM3\ARM_GCC_541\Debug\Design01.a(myUSB_episr.o)
                0x00000f7c                myUSB_EP_3_ISR
 .text.myUSB_SOF_ISR
                0x00000fb8        0x4 .\CortexM3\ARM_GCC_541\Debug\Design01.a(myUSB_episr.o)
                0x00000fb8                myUSB_SOF_ISR
 .text.myUSB_BUS_RESET_ISR
                0x00000fbc        0x8 .\CortexM3\ARM_GCC_541\Debug\Design01.a(myUSB_episr.o)
                0x00000fbc                myUSB_BUS_RESET_ISR
 .text.myUSB_DP_ISR
                0x00000fc4        0x8 .\CortexM3\ARM_GCC_541\Debug\Design01.a(myUSB_pm.o)
                0x00000fc4                myUSB_DP_ISR
 .text.myUSB_ReadDieID
                0x00000fcc       0x6c .\CortexM3\ARM_GCC_541\Debug\Design01.a(myUSB_std.o)
                0x00000fcc                myUSB_ReadDieID
 .text.myUSB_ConfigReg
                0x00001038       0xa4 .\CortexM3\ARM_GCC_541\Debug\Design01.a(myUSB_std.o)
                0x00001038                myUSB_ConfigReg
 .text.myUSB_GetConfigTablePtr
                0x000010dc       0x28 .\CortexM3\ARM_GCC_541\Debug\Design01.a(myUSB_std.o)
                0x000010dc                myUSB_GetConfigTablePtr
 .text.myUSB_ConfigAltChanged
                0x00001104      0x11c .\CortexM3\ARM_GCC_541\Debug\Design01.a(myUSB_std.o)
                0x00001104                myUSB_ConfigAltChanged
 .text.myUSB_GetDeviceTablePtr
                0x00001220       0x18 .\CortexM3\ARM_GCC_541\Debug\Design01.a(myUSB_std.o)
                0x00001220                myUSB_GetDeviceTablePtr
 .text.myUSB_GetInterfaceClassTablePtr
                0x00001238       0x28 .\CortexM3\ARM_GCC_541\Debug\Design01.a(myUSB_std.o)
                0x00001238                myUSB_GetInterfaceClassTablePtr
 .text.myUSB_Config
                0x00001260      0x1ec .\CortexM3\ARM_GCC_541\Debug\Design01.a(myUSB_std.o)
                0x00001260                myUSB_Config
 .text.myUSB_SetEndpointHalt
                0x0000144c       0x64 .\CortexM3\ARM_GCC_541\Debug\Design01.a(myUSB_std.o)
                0x0000144c                myUSB_SetEndpointHalt
 .text.myUSB_ClearEndpointHalt
                0x000014b0       0xac .\CortexM3\ARM_GCC_541\Debug\Design01.a(myUSB_std.o)
                0x000014b0                myUSB_ClearEndpointHalt
 .text.myUSB_ValidateAlternateSetting
                0x0000155c       0x4c .\CortexM3\ARM_GCC_541\Debug\Design01.a(myUSB_std.o)
                0x0000155c                myUSB_ValidateAlternateSetting
 .text.myUSB_HandleStandardRqst
                0x000015a8      0x354 .\CortexM3\ARM_GCC_541\Debug\Design01.a(myUSB_std.o)
                0x000015a8                myUSB_HandleStandardRqst
 .text.myUSB_HandleVendorRqst
                0x000018fc       0x18 .\CortexM3\ARM_GCC_541\Debug\Design01.a(myUSB_vnd.o)
                0x000018fc                myUSB_HandleVendorRqst
 .text.myUSB_Dp_ClearInterrupt
                0x00001914       0x10 .\CortexM3\ARM_GCC_541\Debug\Design01.a(myUSB_Dp.o)
                0x00001914                myUSB_Dp_ClearInterrupt
 .text.CyDmacConfigure
                0x00001924       0x34 .\CortexM3\ARM_GCC_541\Debug\Design01.a(CyDmac.o)
                0x00001924                CyDmacConfigure
 .text.CyDmaChEnable
                0x00001958       0x38 .\CortexM3\ARM_GCC_541\Debug\Design01.a(CyDmac.o)
                0x00001958                CyDmaChEnable
 .text.CyDmaClearPendingDrq
                0x00001990       0x28 .\CortexM3\ARM_GCC_541\Debug\Design01.a(CyDmac.o)
                0x00001990                CyDmaClearPendingDrq
 .text.CyDmaChPriority
                0x000019b8       0x24 .\CortexM3\ARM_GCC_541\Debug\Design01.a(CyDmac.o)
                0x000019b8                CyDmaChPriority
 .text.CyDmaChSetExtendedAddress
                0x000019dc       0x34 .\CortexM3\ARM_GCC_541\Debug\Design01.a(CyDmac.o)
                0x000019dc                CyDmaChSetExtendedAddress
 .text.CyDmaChSetInitialTd
                0x00001a10       0x18 .\CortexM3\ARM_GCC_541\Debug\Design01.a(CyDmac.o)
                0x00001a10                CyDmaChSetInitialTd
 .text.CyDmaChSetConfiguration
                0x00001a28       0x44 .\CortexM3\ARM_GCC_541\Debug\Design01.a(CyDmac.o)
                0x00001a28                CyDmaChSetConfiguration
 .text.CyDmaTdAllocate
                0x00001a6c       0x34 .\CortexM3\ARM_GCC_541\Debug\Design01.a(CyDmac.o)
                0x00001a6c                CyDmaTdAllocate
 .text.CyDmaTdSetConfiguration
                0x00001aa0       0x28 .\CortexM3\ARM_GCC_541\Debug\Design01.a(CyDmac.o)
                0x00001aa0                CyDmaTdSetConfiguration
 .text.CyDmaTdSetAddress
                0x00001ac8       0x1c .\CortexM3\ARM_GCC_541\Debug\Design01.a(CyDmac.o)
                0x00001ac8                CyDmaTdSetAddress
 .text.CyHalt   0x00001ae4        0x4 .\CortexM3\ARM_GCC_541\Debug\Design01.a(CyLib.o)
                0x00001ae4                CyHalt
 .text.CyDelay  0x00001ae8       0x2c .\CortexM3\ARM_GCC_541\Debug\Design01.a(CyLib.o)
                0x00001ae8                CyDelay
 .text.CyDelayUs
                0x00001b14       0x14 .\CortexM3\ARM_GCC_541\Debug\Design01.a(CyLib.o)
                0x00001b14                CyDelayUs
 .text.CyIntSetVector
                0x00001b28       0x28 .\CortexM3\ARM_GCC_541\Debug\Design01.a(CyLib.o)
                0x00001b28                CyIntSetVector
 .text.CyIntSetPriority
                0x00001b50       0x30 .\CortexM3\ARM_GCC_541\Debug\Design01.a(CyLib.o)
                0x00001b50                CyIntSetPriority
 .text.CyGetUniqueId
                0x00001b80       0x70 .\CortexM3\ARM_GCC_541\Debug\Design01.a(CyLib.o)
                0x00001b80                CyGetUniqueId
 .text.myDAC_Enable
                0x00001bf0       0x1c .\CortexM3\ARM_GCC_541\Debug\Design01.a(myDAC.o)
                0x00001bf0                myDAC_Enable
 .text.myDAC_SetSpeed
                0x00001c0c       0x1c .\CortexM3\ARM_GCC_541\Debug\Design01.a(myDAC.o)
                0x00001c0c                myDAC_SetSpeed
 .text.myDAC_SetValue
                0x00001c28        0xc .\CortexM3\ARM_GCC_541\Debug\Design01.a(myDAC.o)
                0x00001c28                myDAC_SetValue
 .text.myDAC_DacTrim
                0x00001c34       0x24 .\CortexM3\ARM_GCC_541\Debug\Design01.a(myDAC.o)
                0x00001c34                myDAC_DacTrim
 .text.myDAC_SetRange
                0x00001c58       0x20 .\CortexM3\ARM_GCC_541\Debug\Design01.a(myDAC.o)
                0x00001c58                myDAC_SetRange
 .text.myDAC_Init
                0x00001c78       0x20 .\CortexM3\ARM_GCC_541\Debug\Design01.a(myDAC.o)
                0x00001c78                myDAC_Init
 .text.myDAC_Start
                0x00001c98       0x24 .\CortexM3\ARM_GCC_541\Debug\Design01.a(myDAC.o)
                0x00001c98                myDAC_Start
 .text.myADC_SEQ_Init
                0x00001cbc       0x3c .\CortexM3\ARM_GCC_541\Debug\Design01.a(myADC_SEQ.o)
                0x00001cbc                myADC_SEQ_Init
 .text.myADC_SEQ_Enable
                0x00001cf8       0xcc .\CortexM3\ARM_GCC_541\Debug\Design01.a(myADC_SEQ.o)
                0x00001cf8                myADC_SEQ_Enable
 .text.myADC_SEQ_Start
                0x00001dc4       0x28 .\CortexM3\ARM_GCC_541\Debug\Design01.a(myADC_SEQ.o)
                0x00001dc4                myADC_SEQ_Start
 .text.myADC_SEQ_StartConvert
                0x00001dec        0x8 .\CortexM3\ARM_GCC_541\Debug\Design01.a(myADC_SEQ.o)
                0x00001dec                myADC_SEQ_StartConvert
 .text.myADC_SEQ_IsEndConversion
                0x00001df4       0x18 .\CortexM3\ARM_GCC_541\Debug\Design01.a(myADC_SEQ.o)
                0x00001df4                myADC_SEQ_IsEndConversion
 .text.myADC_SEQ_GetResult16
                0x00001e0c       0x1c .\CortexM3\ARM_GCC_541\Debug\Design01.a(myADC_SEQ.o)
                0x00001e0c                myADC_SEQ_GetResult16
 .text.myADC_SEQ_ISR
                0x00001e28        0x4 .\CortexM3\ARM_GCC_541\Debug\Design01.a(myADC_SEQ_INT.o)
                0x00001e28                myADC_SEQ_ISR
 .text.myADC_SEQ_SAR_CalcGain
                0x00001e2c       0x64 .\CortexM3\ARM_GCC_541\Debug\Design01.a(myADC_SEQ_SAR.o)
 .text.myADC_SEQ_SAR_Enable
                0x00001e90       0x78 .\CortexM3\ARM_GCC_541\Debug\Design01.a(myADC_SEQ_SAR.o)
                0x00001e90                myADC_SEQ_SAR_Enable
 .text.myADC_SEQ_SAR_SetResolution
                0x00001f08       0x38 .\CortexM3\ARM_GCC_541\Debug\Design01.a(myADC_SEQ_SAR.o)
                0x00001f08                myADC_SEQ_SAR_SetResolution
 .text.myADC_SEQ_SAR_Init
                0x00001f40       0x24 .\CortexM3\ARM_GCC_541\Debug\Design01.a(myADC_SEQ_SAR.o)
                0x00001f40                myADC_SEQ_SAR_Init
 .text.myADC_SEQ_SAR_Start
                0x00001f64       0x1c .\CortexM3\ARM_GCC_541\Debug\Design01.a(myADC_SEQ_SAR.o)
                0x00001f64                myADC_SEQ_SAR_Start
 .text.myADC_SEQ_SAR_StartConvert
                0x00001f80       0x10 .\CortexM3\ARM_GCC_541\Debug\Design01.a(myADC_SEQ_SAR.o)
                0x00001f80                myADC_SEQ_SAR_StartConvert
 .text.myADC_SEQ_TempBuf_DmaInitialize
                0x00001f90       0x3c .\CortexM3\ARM_GCC_541\Debug\Design01.a(myADC_SEQ_TempBuf_dma.o)
                0x00001f90                myADC_SEQ_TempBuf_DmaInitialize
 .text.myADC_SEQ_FinalBuf_DmaInitialize
                0x00001fcc       0x3c .\CortexM3\ARM_GCC_541\Debug\Design01.a(myADC_SEQ_FinalBuf_dma.o)
                0x00001fcc                myADC_SEQ_FinalBuf_DmaInitialize
 .text.myADC_SEQ_IRQ_SetVector
                0x00002008        0xc .\CortexM3\ARM_GCC_541\Debug\Design01.a(myADC_SEQ_IRQ.o)
                0x00002008                myADC_SEQ_IRQ_SetVector
 .text.myADC_SEQ_IRQ_SetPriority
                0x00002014       0x10 .\CortexM3\ARM_GCC_541\Debug\Design01.a(myADC_SEQ_IRQ.o)
                0x00002014                myADC_SEQ_IRQ_SetPriority
 *fill*         0x00002024        0x4 
 .text          0x00002028       0x20 .\CortexM3\ARM_GCC_541\Debug\Design01.a(CyBootAsmGnu.o)
                0x00002028                CyDelayCycles
                0x00002038                CyEnterCriticalSection
                0x00002040                CyExitCriticalSection
 .text.myUSB_DispatchClassRqst
                0x00002048       0x60 .\CortexM3\ARM_GCC_541\Debug\Design01.a(myUSB_cls.o)
                0x00002048                myUSB_DispatchClassRqst
 .text.sin      0x000020a8       0x90 c:/program files (x86)/cypress/psoc creator/4.3/psoc creator/import/gnu/arm/5.4.1/bin/../lib/gcc/arm-none-eabi/5.4.1/../../../../arm-none-eabi/lib/armv7-m\libm.a(lib_a-s_sin.o)
                0x000020a8                sin
 .text.__ieee754_rem_pio2
                0x00002138      0x42c c:/program files (x86)/cypress/psoc creator/4.3/psoc creator/import/gnu/arm/5.4.1/bin/../lib/gcc/arm-none-eabi/5.4.1/../../../../arm-none-eabi/lib/armv7-m\libm.a(lib_a-e_rem_pio2.o)
                0x00002138                __ieee754_rem_pio2
 *fill*         0x00002564        0x4 
 .text.__kernel_cos
                0x00002568      0x248 c:/program files (x86)/cypress/psoc creator/4.3/psoc creator/import/gnu/arm/5.4.1/bin/../lib/gcc/arm-none-eabi/5.4.1/../../../../arm-none-eabi/lib/armv7-m\libm.a(lib_a-k_cos.o)
                0x00002568                __kernel_cos
 .text.__kernel_rem_pio2
                0x000027b0      0x7f0 c:/program files (x86)/cypress/psoc creator/4.3/psoc creator/import/gnu/arm/5.4.1/bin/../lib/gcc/arm-none-eabi/5.4.1/../../../../arm-none-eabi/lib/armv7-m\libm.a(lib_a-k_rem_pio2.o)
                0x000027b0                __kernel_rem_pio2
 .text.__kernel_sin
                0x00002fa0      0x16c c:/program files (x86)/cypress/psoc creator/4.3/psoc creator/import/gnu/arm/5.4.1/bin/../lib/gcc/arm-none-eabi/5.4.1/../../../../arm-none-eabi/lib/armv7-m\libm.a(lib_a-k_sin.o)
                0x00002fa0                __kernel_sin
 .text.fabs     0x0000310c        0x8 c:/program files (x86)/cypress/psoc creator/4.3/psoc creator/import/gnu/arm/5.4.1/bin/../lib/gcc/arm-none-eabi/5.4.1/../../../../arm-none-eabi/lib/armv7-m\libm.a(lib_a-s_fabs.o)
                0x0000310c                fabs
 *fill*         0x00003114        0x4 
 .text.floor    0x00003118      0x110 c:/program files (x86)/cypress/psoc creator/4.3/psoc creator/import/gnu/arm/5.4.1/bin/../lib/gcc/arm-none-eabi/5.4.1/../../../../arm-none-eabi/lib/armv7-m\libm.a(lib_a-s_floor.o)
                0x00003118                floor
 .text.scalbn   0x00003228       0xe4 c:/program files (x86)/cypress/psoc creator/4.3/psoc creator/import/gnu/arm/5.4.1/bin/../lib/gcc/arm-none-eabi/5.4.1/../../../../arm-none-eabi/lib/armv7-m\libm.a(lib_a-s_scalbn.o)
                0x00003228                scalbn
 .text.copysign
                0x0000330c       0x10 c:/program files (x86)/cypress/psoc creator/4.3/psoc creator/import/gnu/arm/5.4.1/bin/../lib/gcc/arm-none-eabi/5.4.1/../../../../arm-none-eabi/lib/armv7-m\libm.a(lib_a-s_copysign.o)
                0x0000330c                copysign
 .text          0x0000331c      0x370 c:/program files (x86)/cypress/psoc creator/4.3/psoc creator/import/gnu/arm/5.4.1/bin/../lib/gcc/arm-none-eabi/5.4.1/armv7-m\libgcc.a(_arm_addsubdf3.o)
                0x0000331c                __aeabi_drsub
                0x00003324                __aeabi_dsub
                0x00003324                __subdf3
                0x00003328                __aeabi_dadd
                0x00003328                __adddf3
                0x000035a0                __floatunsidf
                0x000035a0                __aeabi_ui2d
                0x000035c0                __floatsidf
                0x000035c0                __aeabi_i2d
                0x000035e4                __aeabi_f2d
                0x000035e4                __extendsfdf2
                0x00003620                __floatundidf
                0x00003620                __aeabi_ul2d
                0x00003630                __floatdidf
                0x00003630                __aeabi_l2d
 .text          0x0000368c      0x424 c:/program files (x86)/cypress/psoc creator/4.3/psoc creator/import/gnu/arm/5.4.1/bin/../lib/gcc/arm-none-eabi/5.4.1/armv7-m\libgcc.a(_arm_muldivdf3.o)
                0x0000368c                __aeabi_dmul
                0x0000368c                __muldf3
                0x000038e0                __divdf3
                0x000038e0                __aeabi_ddiv
 .text          0x00003ab0      0x110 c:/program files (x86)/cypress/psoc creator/4.3/psoc creator/import/gnu/arm/5.4.1/bin/../lib/gcc/arm-none-eabi/5.4.1/armv7-m\libgcc.a(_arm_cmpdf2.o)
                0x00003ab0                __gtdf2
                0x00003ab0                __gedf2
                0x00003ab8                __ltdf2
                0x00003ab8                __ledf2
                0x00003ac0                __nedf2
                0x00003ac0                __eqdf2
                0x00003ac0                __cmpdf2
                0x00003b3c                __aeabi_cdrcmple
                0x00003b4c                __aeabi_cdcmpeq
                0x00003b4c                __aeabi_cdcmple
                0x00003b5c                __aeabi_dcmpeq
                0x00003b70                __aeabi_dcmplt
                0x00003b84                __aeabi_dcmple
                0x00003b98                __aeabi_dcmpge
                0x00003bac                __aeabi_dcmpgt
 .text          0x00003bc0       0x50 c:/program files (x86)/cypress/psoc creator/4.3/psoc creator/import/gnu/arm/5.4.1/bin/../lib/gcc/arm-none-eabi/5.4.1/armv7-m\libgcc.a(_arm_fixdfsi.o)
                0x00003bc0                __aeabi_d2iz
                0x00003bc0                __fixdfsi
 .text          0x00003c10       0xa0 c:/program files (x86)/cypress/psoc creator/4.3/psoc creator/import/gnu/arm/5.4.1/bin/../lib/gcc/arm-none-eabi/5.4.1/armv7-m\libgcc.a(_arm_truncdfsf2.o)
                0x00003c10                __truncdfsf2
                0x00003c10                __aeabi_d2f
 .text          0x00003cb0      0x21c c:/program files (x86)/cypress/psoc creator/4.3/psoc creator/import/gnu/arm/5.4.1/bin/../lib/gcc/arm-none-eabi/5.4.1/armv7-m\libgcc.a(_arm_addsubsf3.o)
                0x00003cb0                __aeabi_frsub
                0x00003cb8                __subsf3
                0x00003cb8                __aeabi_fsub
                0x00003cbc                __aeabi_fadd
                0x00003cbc                __addsf3
                0x00003e1c                __aeabi_ui2f
                0x00003e1c                __floatunsisf
                0x00003e24                __aeabi_i2f
                0x00003e24                __floatsisf
                0x00003e40                __aeabi_ul2f
                0x00003e40                __floatundisf
                0x00003e50                __aeabi_l2f
                0x00003e50                __floatdisf
 .text          0x00003ecc      0x2a0 c:/program files (x86)/cypress/psoc creator/4.3/psoc creator/import/gnu/arm/5.4.1/bin/../lib/gcc/arm-none-eabi/5.4.1/armv7-m\libgcc.a(_arm_muldivsf3.o)
                0x00003ecc                __mulsf3
                0x00003ecc                __aeabi_fmul
                0x00004034                __aeabi_fdiv
                0x00004034                __divsf3
 .text.__errno  0x0000416c        0xc c:/program files (x86)/cypress/psoc creator/4.3/psoc creator/import/gnu/arm/5.4.1/bin/../lib/gcc/arm-none-eabi/5.4.1/../../../../arm-none-eabi/lib/armv7-m\libg_nano.a(lib_a-errno.o)
                0x0000416c                __errno
 .text.__libc_init_array
                0x00004178       0x4c c:/program files (x86)/cypress/psoc creator/4.3/psoc creator/import/gnu/arm/5.4.1/bin/../lib/gcc/arm-none-eabi/5.4.1/../../../../arm-none-eabi/lib/armv7-m\libg_nano.a(lib_a-init.o)
                0x00004178                __libc_init_array
 .text.memcpy   0x000041c4       0x16 c:/program files (x86)/cypress/psoc creator/4.3/psoc creator/import/gnu/arm/5.4.1/bin/../lib/gcc/arm-none-eabi/5.4.1/../../../../arm-none-eabi/lib/armv7-m\libg_nano.a(lib_a-memcpy-stub.o)
                0x000041c4                memcpy
 .text.memset   0x000041da       0x10 c:/program files (x86)/cypress/psoc creator/4.3/psoc creator/import/gnu/arm/5.4.1/bin/../lib/gcc/arm-none-eabi/5.4.1/../../../../arm-none-eabi/lib/armv7-m\libg_nano.a(lib_a-memset.o)
                0x000041da                memset
 .text.__cvt    0x000041ea       0xc0 c:/program files (x86)/cypress/psoc creator/4.3/psoc creator/import/gnu/arm/5.4.1/bin/../lib/gcc/arm-none-eabi/5.4.1/../../../../arm-none-eabi/lib/armv7-m\libg_nano.a(lib_a-nano-vfprintf_float.o)
                0x000041ea                __cvt
 .text.__exponent
                0x000042aa       0x62 c:/program files (x86)/cypress/psoc creator/4.3/psoc creator/import/gnu/arm/5.4.1/bin/../lib/gcc/arm-none-eabi/5.4.1/../../../../arm-none-eabi/lib/armv7-m\libg_nano.a(lib_a-nano-vfprintf_float.o)
                0x000042aa                __exponent
 .text._printf_float
                0x0000430c      0x488 c:/program files (x86)/cypress/psoc creator/4.3/psoc creator/import/gnu/arm/5.4.1/bin/../lib/gcc/arm-none-eabi/5.4.1/../../../../arm-none-eabi/lib/armv7-m\libg_nano.a(lib_a-nano-vfprintf_float.o)
                0x0000430c                _printf_float
 .text._printf_common
                0x00004794       0xec c:/program files (x86)/cypress/psoc creator/4.3/psoc creator/import/gnu/arm/5.4.1/bin/../lib/gcc/arm-none-eabi/5.4.1/../../../../arm-none-eabi/lib/armv7-m\libg_nano.a(lib_a-nano-vfprintf_i.o)
                0x00004794                _printf_common
 .text._printf_i
                0x00004880      0x24c c:/program files (x86)/cypress/psoc creator/4.3/psoc creator/import/gnu/arm/5.4.1/bin/../lib/gcc/arm-none-eabi/5.4.1/../../../../arm-none-eabi/lib/armv7-m\libg_nano.a(lib_a-nano-vfprintf_i.o)
                0x00004880                _printf_i
 .text.sprintf  0x00004acc       0x48 c:/program files (x86)/cypress/psoc creator/4.3/psoc creator/import/gnu/arm/5.4.1/bin/../lib/gcc/arm-none-eabi/5.4.1/../../../../arm-none-eabi/lib/armv7-m\libg_nano.a(lib_a-sprintf.o)
                0x00004acc                siprintf
                0x00004acc                sprintf
 .text          0x00004b14       0x10 c:/program files (x86)/cypress/psoc creator/4.3/psoc creator/import/gnu/arm/5.4.1/bin/../lib/gcc/arm-none-eabi/5.4.1/../../../../arm-none-eabi/lib/armv7-m\libg_nano.a(lib_a-strlen.o)
                0x00004b14                strlen
 .text.quorem   0x00004b24      0x116 c:/program files (x86)/cypress/psoc creator/4.3/psoc creator/import/gnu/arm/5.4.1/bin/../lib/gcc/arm-none-eabi/5.4.1/../../../../arm-none-eabi/lib/armv7-m\libg_nano.a(lib_a-dtoa.o)
 *fill*         0x00004c3a        0x6 
 .text._dtoa_r  0x00004c40      0xb30 c:/program files (x86)/cypress/psoc creator/4.3/psoc creator/import/gnu/arm/5.4.1/bin/../lib/gcc/arm-none-eabi/5.4.1/../../../../arm-none-eabi/lib/armv7-m\libg_nano.a(lib_a-dtoa.o)
                0x00004c40                _dtoa_r
 .text._localeconv_r
                0x00005770        0x8 c:/program files (x86)/cypress/psoc creator/4.3/psoc creator/import/gnu/arm/5.4.1/bin/../lib/gcc/arm-none-eabi/5.4.1/../../../../arm-none-eabi/lib/armv7-m\libg_nano.a(lib_a-locale.o)
                0x00005770                _localeconv_r
 .text.malloc   0x00005778       0x10 c:/program files (x86)/cypress/psoc creator/4.3/psoc creator/import/gnu/arm/5.4.1/bin/../lib/gcc/arm-none-eabi/5.4.1/../../../../arm-none-eabi/lib/armv7-m\libg_nano.a(lib_a-malloc.o)
                0x00005778                malloc
 .text.memchr   0x00005788       0x1c c:/program files (x86)/cypress/psoc creator/4.3/psoc creator/import/gnu/arm/5.4.1/bin/../lib/gcc/arm-none-eabi/5.4.1/../../../../arm-none-eabi/lib/armv7-m\libg_nano.a(lib_a-memchr-stub.o)
                0x00005788                memchr
 .text._Balloc  0x000057a4       0x6a c:/program files (x86)/cypress/psoc creator/4.3/psoc creator/import/gnu/arm/5.4.1/bin/../lib/gcc/arm-none-eabi/5.4.1/../../../../arm-none-eabi/lib/armv7-m\libg_nano.a(lib_a-mprec.o)
                0x000057a4                _Balloc
 .text._Bfree   0x0000580e       0x2e c:/program files (x86)/cypress/psoc creator/4.3/psoc creator/import/gnu/arm/5.4.1/bin/../lib/gcc/arm-none-eabi/5.4.1/../../../../arm-none-eabi/lib/armv7-m\libg_nano.a(lib_a-mprec.o)
                0x0000580e                _Bfree
 .text.__multadd
                0x0000583c       0x76 c:/program files (x86)/cypress/psoc creator/4.3/psoc creator/import/gnu/arm/5.4.1/bin/../lib/gcc/arm-none-eabi/5.4.1/../../../../arm-none-eabi/lib/armv7-m\libg_nano.a(lib_a-mprec.o)
                0x0000583c                __multadd
 .text.__hi0bits
                0x000058b2       0x40 c:/program files (x86)/cypress/psoc creator/4.3/psoc creator/import/gnu/arm/5.4.1/bin/../lib/gcc/arm-none-eabi/5.4.1/../../../../arm-none-eabi/lib/armv7-m\libg_nano.a(lib_a-mprec.o)
                0x000058b2                __hi0bits
 .text.__lo0bits
                0x000058f2       0x5a c:/program files (x86)/cypress/psoc creator/4.3/psoc creator/import/gnu/arm/5.4.1/bin/../lib/gcc/arm-none-eabi/5.4.1/../../../../arm-none-eabi/lib/armv7-m\libg_nano.a(lib_a-mprec.o)
                0x000058f2                __lo0bits
 .text.__i2b    0x0000594c       0x12 c:/program files (x86)/cypress/psoc creator/4.3/psoc creator/import/gnu/arm/5.4.1/bin/../lib/gcc/arm-none-eabi/5.4.1/../../../../arm-none-eabi/lib/armv7-m\libg_nano.a(lib_a-mprec.o)
                0x0000594c                __i2b
 .text.__multiply
                0x0000595e      0x120 c:/program files (x86)/cypress/psoc creator/4.3/psoc creator/import/gnu/arm/5.4.1/bin/../lib/gcc/arm-none-eabi/5.4.1/../../../../arm-none-eabi/lib/armv7-m\libg_nano.a(lib_a-mprec.o)
                0x0000595e                __multiply
 *fill*         0x00005a7e        0x2 
 .text.__pow5mult
                0x00005a80       0x9c c:/program files (x86)/cypress/psoc creator/4.3/psoc creator/import/gnu/arm/5.4.1/bin/../lib/gcc/arm-none-eabi/5.4.1/../../../../arm-none-eabi/lib/armv7-m\libg_nano.a(lib_a-mprec.o)
                0x00005a80                __pow5mult
 .text.__lshift
                0x00005b1c       0xa2 c:/program files (x86)/cypress/psoc creator/4.3/psoc creator/import/gnu/arm/5.4.1/bin/../lib/gcc/arm-none-eabi/5.4.1/../../../../arm-none-eabi/lib/armv7-m\libg_nano.a(lib_a-mprec.o)
                0x00005b1c                __lshift
 .text.__mcmp   0x00005bbe       0x38 c:/program files (x86)/cypress/psoc creator/4.3/psoc creator/import/gnu/arm/5.4.1/bin/../lib/gcc/arm-none-eabi/5.4.1/../../../../arm-none-eabi/lib/armv7-m\libg_nano.a(lib_a-mprec.o)
                0x00005bbe                __mcmp
 .text.__mdiff  0x00005bf6       0xbe c:/program files (x86)/cypress/psoc creator/4.3/psoc creator/import/gnu/arm/5.4.1/bin/../lib/gcc/arm-none-eabi/5.4.1/../../../../arm-none-eabi/lib/armv7-m\libg_nano.a(lib_a-mprec.o)
                0x00005bf6                __mdiff
 .text.__d2b    0x00005cb4       0x9c c:/program files (x86)/cypress/psoc creator/4.3/psoc creator/import/gnu/arm/5.4.1/bin/../lib/gcc/arm-none-eabi/5.4.1/../../../../arm-none-eabi/lib/armv7-m\libg_nano.a(lib_a-mprec.o)
                0x00005cb4                __d2b
 .text._calloc_r
                0x00005d50       0x1c c:/program files (x86)/cypress/psoc creator/4.3/psoc creator/import/gnu/arm/5.4.1/bin/../lib/gcc/arm-none-eabi/5.4.1/../../../../arm-none-eabi/lib/armv7-m\libg_nano.a(lib_a-nano-callocr.o)
                0x00005d50                _calloc_r
 .text._free_r  0x00005d6c       0x98 c:/program files (x86)/cypress/psoc creator/4.3/psoc creator/import/gnu/arm/5.4.1/bin/../lib/gcc/arm-none-eabi/5.4.1/../../../../arm-none-eabi/lib/armv7-m\libg_nano.a(lib_a-nano-freer.o)
                0x00005d6c                _free_r
 .text._malloc_r
                0x00005e04       0xbc c:/program files (x86)/cypress/psoc creator/4.3/psoc creator/import/gnu/arm/5.4.1/bin/../lib/gcc/arm-none-eabi/5.4.1/../../../../arm-none-eabi/lib/armv7-m\libg_nano.a(lib_a-nano-mallocr.o)
                0x00005e04                _malloc_r
 .text.__ssputs_r
                0x00005ec0       0xb2 c:/program files (x86)/cypress/psoc creator/4.3/psoc creator/import/gnu/arm/5.4.1/bin/../lib/gcc/arm-none-eabi/5.4.1/../../../../arm-none-eabi/lib/armv7-m\libg_nano.a(lib_a-nano-svfprintf.o)
                0x00005ec0                __ssputs_r
 *fill*         0x00005f72        0x2 
 .text._svfprintf_r
                0x00005f74      0x1e8 c:/program files (x86)/cypress/psoc creator/4.3/psoc creator/import/gnu/arm/5.4.1/bin/../lib/gcc/arm-none-eabi/5.4.1/../../../../arm-none-eabi/lib/armv7-m\libg_nano.a(lib_a-nano-svfprintf.o)
                0x00005f74                _svfiprintf_r
                0x00005f74                _svfprintf_r
 .text._sbrk_r  0x0000615c       0x20 c:/program files (x86)/cypress/psoc creator/4.3/psoc creator/import/gnu/arm/5.4.1/bin/../lib/gcc/arm-none-eabi/5.4.1/../../../../arm-none-eabi/lib/armv7-m\libg_nano.a(lib_a-sbrkr.o)
                0x0000615c                _sbrk_r
 .text.memmove  0x0000617c       0x36 c:/program files (x86)/cypress/psoc creator/4.3/psoc creator/import/gnu/arm/5.4.1/bin/../lib/gcc/arm-none-eabi/5.4.1/../../../../arm-none-eabi/lib/armv7-m\libg_nano.a(lib_a-memmove.o)
                0x0000617c                memmove
 .text.__malloc_lock
                0x000061b2        0x2 c:/program files (x86)/cypress/psoc creator/4.3/psoc creator/import/gnu/arm/5.4.1/bin/../lib/gcc/arm-none-eabi/5.4.1/../../../../arm-none-eabi/lib/armv7-m\libg_nano.a(lib_a-mlock.o)
                0x000061b2                __malloc_lock
 .text.__malloc_unlock
                0x000061b4        0x2 c:/program files (x86)/cypress/psoc creator/4.3/psoc creator/import/gnu/arm/5.4.1/bin/../lib/gcc/arm-none-eabi/5.4.1/../../../../arm-none-eabi/lib/armv7-m\libg_nano.a(lib_a-mlock.o)
                0x000061b4                __malloc_unlock
 .text._realloc_r
                0x000061b6       0x4c c:/program files (x86)/cypress/psoc creator/4.3/psoc creator/import/gnu/arm/5.4.1/bin/../lib/gcc/arm-none-eabi/5.4.1/../../../../arm-none-eabi/lib/armv7-m\libg_nano.a(lib_a-nano-reallocr.o)
                0x000061b6                _realloc_r
 .text._malloc_usable_size_r
                0x00006202       0x14 c:/program files (x86)/cypress/psoc creator/4.3/psoc creator/import/gnu/arm/5.4.1/bin/../lib/gcc/arm-none-eabi/5.4.1/../../../../arm-none-eabi/lib/armv7-m\libg_nano.a(lib_a-nano-msizer.o)
                0x00006202                _malloc_usable_size_r
 *fill*         0x00006216        0x2 
 .text          0x00006218       0x2c c:/program files (x86)/cypress/psoc creator/4.3/psoc creator/import/gnu/arm/5.4.1/bin/../lib/gcc/arm-none-eabi/5.4.1/armv7-m\libgcc.a(_arm_unorddf2.o)
                0x00006218                __unorddf2
                0x00006218                __aeabi_dcmpun
 *(.plt)
 *(.gnu.warning)
 *(.glue_7t)
 .glue_7t       0x00006244        0x0 linker stubs
 *(.glue_7)
 .glue_7        0x00006244        0x0 linker stubs
 *(.vfp11_veneer)
 .vfp11_veneer  0x00006244        0x0 linker stubs
 *(.bootloader)
 *(.ARM.extab* .gnu.linkonce.armextab.*)
 *(.gcc_except_table)

.v4_bx          0x00006244        0x0
 .v4_bx         0x00006244        0x0 linker stubs

.iplt           0x00006244        0x0
 .iplt          0x00006244        0x0 c:/program files (x86)/cypress/psoc creator/4.3/psoc creator/import/gnu/arm/5.4.1/bin/../lib/gcc/arm-none-eabi/5.4.1/armv7-m/crtbegin.o

.eh_frame_hdr
 *(.eh_frame_hdr)

.eh_frame       0x00006244        0x4
 *(.eh_frame)
 .eh_frame      0x00006244        0x0 c:/program files (x86)/cypress/psoc creator/4.3/psoc creator/import/gnu/arm/5.4.1/bin/../lib/gcc/arm-none-eabi/5.4.1/armv7-m/crtbegin.o
 .eh_frame      0x00006244        0x4 c:/program files (x86)/cypress/psoc creator/4.3/psoc creator/import/gnu/arm/5.4.1/bin/../lib/gcc/arm-none-eabi/5.4.1/armv7-m/crtend.o
                [!provide]                PROVIDE (__exidx_start, .)

.ARM.exidx
 *(.ARM.exidx* .gnu.linkonce.armexidx.*)
                0x00006248                __exidx_end = .

.rodata         0x00006248      0x530
 *(.rodata .rodata.* .gnu.linkonce.r.*)
 .rodata.str1.4
                0x00006248       0x1b .\CortexM3\ARM_GCC_541\Debug\main.o
 *fill*         0x00006263        0x1 
 .rodata        0x00006264       0x2a .\CortexM3\ARM_GCC_541\Debug\cyfitter_cfg.o
 *fill*         0x0000628e        0x2 
 .rodata.str1.4
                0x00006290       0x14 .\CortexM3\ARM_GCC_541\Debug\Design01.a(myUSB_std.o)
                                 0x11 (size before relaxing)
 .rodata        0x000062a4      0x15e .\CortexM3\ARM_GCC_541\Debug\Design01.a(myUSB_descr.o)
                0x000062a4                myUSB_TABLE
                0x000062ac                myUSB_DEVICE0_TABLE
                0x000062c4                myUSB_DEVICE0_CONFIGURATION0_TABLE
                0x000062ec                myUSB_DEVICE0_CONFIGURATION0_INTERFACE_CLASS
                0x000062f0                myUSB_DEVICE0_CONFIGURATION0_EP_SETTINGS_TABLE
                0x00006308                myUSB_SN_STRING_DESCRIPTOR
                0x0000630c                myUSB_STRING_DESCRIPTORS
                0x000063ac                myUSB_DEVICE0_CONFIGURATION0_DESCR
                0x000063f0                myUSB_DEVICE0_DESCR
 *fill*         0x00006402        0x2 
 .rodata.npio2_hw
                0x00006404       0x80 c:/program files (x86)/cypress/psoc creator/4.3/psoc creator/import/gnu/arm/5.4.1/bin/../lib/gcc/arm-none-eabi/5.4.1/../../../../arm-none-eabi/lib/armv7-m\libm.a(lib_a-e_rem_pio2.o)
 .rodata.two_over_pi
                0x00006484      0x108 c:/program files (x86)/cypress/psoc creator/4.3/psoc creator/import/gnu/arm/5.4.1/bin/../lib/gcc/arm-none-eabi/5.4.1/../../../../arm-none-eabi/lib/armv7-m\libm.a(lib_a-e_rem_pio2.o)
 .rodata.init_jk
                0x0000658c       0x10 c:/program files (x86)/cypress/psoc creator/4.3/psoc creator/import/gnu/arm/5.4.1/bin/../lib/gcc/arm-none-eabi/5.4.1/../../../../arm-none-eabi/lib/armv7-m\libm.a(lib_a-k_rem_pio2.o)
 *fill*         0x0000659c        0x4 
 .rodata.PIo2   0x000065a0       0x40 c:/program files (x86)/cypress/psoc creator/4.3/psoc creator/import/gnu/arm/5.4.1/bin/../lib/gcc/arm-none-eabi/5.4.1/../../../../arm-none-eabi/lib/armv7-m\libm.a(lib_a-k_rem_pio2.o)
 .rodata.str1.1
                0x000065e0        0x2 c:/program files (x86)/cypress/psoc creator/4.3/psoc creator/import/gnu/arm/5.4.1/bin/../lib/gcc/arm-none-eabi/5.4.1/../../../../arm-none-eabi/lib/armv7-m\libg_nano.a(lib_a-impure.o)
 .rodata.str1.1
                0x000065e2       0x12 c:/program files (x86)/cypress/psoc creator/4.3/psoc creator/import/gnu/arm/5.4.1/bin/../lib/gcc/arm-none-eabi/5.4.1/../../../../arm-none-eabi/lib/armv7-m\libg_nano.a(lib_a-nano-vfprintf_float.o)
 .rodata.str1.1
                0x000065f4       0x22 c:/program files (x86)/cypress/psoc creator/4.3/psoc creator/import/gnu/arm/5.4.1/bin/../lib/gcc/arm-none-eabi/5.4.1/../../../../arm-none-eabi/lib/armv7-m\libg_nano.a(lib_a-nano-vfprintf_i.o)
 .rodata.str1.1
                0x00006616        0xd c:/program files (x86)/cypress/psoc creator/4.3/psoc creator/import/gnu/arm/5.4.1/bin/../lib/gcc/arm-none-eabi/5.4.1/../../../../arm-none-eabi/lib/armv7-m\libg_nano.a(lib_a-dtoa.o)
                                  0xf (size before relaxing)
 .rodata.str1.1
                0x00006623        0x8 c:/program files (x86)/cypress/psoc creator/4.3/psoc creator/import/gnu/arm/5.4.1/bin/../lib/gcc/arm-none-eabi/5.4.1/../../../../arm-none-eabi/lib/armv7-m\libg_nano.a(lib_a-locale.o)
                                  0xb (size before relaxing)
 *fill*         0x0000662b        0x5 
 .rodata.__mprec_tens
                0x00006630       0xc8 c:/program files (x86)/cypress/psoc creator/4.3/psoc creator/import/gnu/arm/5.4.1/bin/../lib/gcc/arm-none-eabi/5.4.1/../../../../arm-none-eabi/lib/armv7-m\libg_nano.a(lib_a-mprec.o)
                0x00006630                __mprec_tens
 .rodata.p05.5408
                0x000066f8        0xc c:/program files (x86)/cypress/psoc creator/4.3/psoc creator/import/gnu/arm/5.4.1/bin/../lib/gcc/arm-none-eabi/5.4.1/../../../../arm-none-eabi/lib/armv7-m\libg_nano.a(lib_a-mprec.o)
 *fill*         0x00006704        0x4 
 .rodata.__mprec_bigtens
                0x00006708       0x28 c:/program files (x86)/cypress/psoc creator/4.3/psoc creator/import/gnu/arm/5.4.1/bin/../lib/gcc/arm-none-eabi/5.4.1/../../../../arm-none-eabi/lib/armv7-m\libg_nano.a(lib_a-mprec.o)
                0x00006708                __mprec_bigtens
 .rodata.str1.1
                0x00006730       0x11 c:/program files (x86)/cypress/psoc creator/4.3/psoc creator/import/gnu/arm/5.4.1/bin/../lib/gcc/arm-none-eabi/5.4.1/../../../../arm-none-eabi/lib/armv7-m\libg_nano.a(lib_a-nano-svfprintf.o)
                0x00006744                . = ALIGN (0x4)
 *fill*         0x00006741        0x3 
 *(.init)
 .init          0x00006744        0x4 c:/program files (x86)/cypress/psoc creator/4.3/psoc creator/import/gnu/arm/5.4.1/bin/../lib/gcc/arm-none-eabi/5.4.1/armv7-m/crti.o
                0x00006744                _init
 .init          0x00006748        0x8 c:/program files (x86)/cypress/psoc creator/4.3/psoc creator/import/gnu/arm/5.4.1/bin/../lib/gcc/arm-none-eabi/5.4.1/armv7-m/crtn.o
                0x00006750                . = ALIGN (0x4)
                0x00006750                __preinit_array_start = .
 *(.preinit_array)
                0x00006750                __preinit_array_end = .
                0x00006750                . = ALIGN (0x4)
                0x00006750                __init_array_start = .
 *(SORT(.init_array.*))
 *(.init_array)
 .init_array    0x00006750        0x4 c:/program files (x86)/cypress/psoc creator/4.3/psoc creator/import/gnu/arm/5.4.1/bin/../lib/gcc/arm-none-eabi/5.4.1/armv7-m/crtbegin.o
 .init_array    0x00006754        0x4 .\CortexM3\ARM_GCC_541\Debug\Cm3Start.o
                0x00006758                __init_array_end = .
                0x00006758                . = ALIGN (0x4)
 *(.fini)
 .fini          0x00006758        0x4 c:/program files (x86)/cypress/psoc creator/4.3/psoc creator/import/gnu/arm/5.4.1/bin/../lib/gcc/arm-none-eabi/5.4.1/armv7-m/crti.o
                0x00006758                _fini
 .fini          0x0000675c        0x8 c:/program files (x86)/cypress/psoc creator/4.3/psoc creator/import/gnu/arm/5.4.1/bin/../lib/gcc/arm-none-eabi/5.4.1/armv7-m/crtn.o
                0x00006764                . = ALIGN (0x4)
                0x00006764                __fini_array_start = .
 *(.fini_array)
 .fini_array    0x00006764        0x4 c:/program files (x86)/cypress/psoc creator/4.3/psoc creator/import/gnu/arm/5.4.1/bin/../lib/gcc/arm-none-eabi/5.4.1/armv7-m/crtbegin.o
 *(SORT(.fini_array.*))
                0x00006768                __fini_array_end = .
                0x00006768                . = ALIGN (0x4)
 *crtbegin.o(.ctors)
 *(EXCLUDE_FILE(*crtend.o) .ctors)
 *(SORT(.ctors.*))
 *crtend.o(.ctors)
                0x00006768                . = ALIGN (0x4)
 *crtbegin.o(.dtors)
 *(EXCLUDE_FILE(*crtend.o) .dtors)
 *(SORT(.dtors.*))
 *crtend.o(.dtors)
                0x00006768                . = ALIGN (0x4)
                0x00006768                __cy_regions = .
                0x00006768        0x4 LONG 0x6778 __cy_region_init_ram
                0x0000676c        0x4 LONG 0x1fff80c8 __cy_region_start_data
                0x00006770        0x4 LONG 0xe0 __cy_region_init_size_ram
                0x00006774        0x4 LONG 0x128 __cy_region_zero_size_ram
                0x00006778                __cy_regions_end = .
                0x00006778                . = ALIGN (0x8)
                0x00006778                _etext = .

.cy_checksum_exclude
                0x00006778        0x0
 *(.cy_checksum_exclude)

.ramvectors     0x1fff8000       0xc0
                0x1fff8000                __cy_region_start_ram = .
 *(.ramvectors)
 .ramvectors    0x1fff8000       0xc0 .\CortexM3\ARM_GCC_541\Debug\Cm3Start.o
                0x1fff8000                CyRamVectors

.noinit         0x1fff80c0        0x1
 *(.noinit)
 .noinit        0x1fff80c0        0x1 .\CortexM3\ARM_GCC_541\Debug\Design01.a(CyLib.o)
                0x1fff80c0                CyResetStatus

.data           0x1fff80c8       0xe0 load address 0x00006778
                0x1fff80c8                __cy_region_start_data = .
 *(.jcr)
 .jcr           0x1fff80c8        0x0 c:/program files (x86)/cypress/psoc creator/4.3/psoc creator/import/gnu/arm/5.4.1/bin/../lib/gcc/arm-none-eabi/5.4.1/armv7-m/crtbegin.o
 .jcr           0x1fff80c8        0x4 c:/program files (x86)/cypress/psoc creator/4.3/psoc creator/import/gnu/arm/5.4.1/bin/../lib/gcc/arm-none-eabi/5.4.1/armv7-m/crtend.o
 *(.got.plt)
 *(.got)
 *(.shdata)
 *(.data .data.* .gnu.linkonce.d.*)
 .data          0x1fff80cc        0x4 .\CortexM3\ARM_GCC_541\Debug\Cm3Start.o
 .data          0x1fff80d0       0x1a .\CortexM3\ARM_GCC_541\Debug\Design01.a(myUSB_cdc.o)
                0x1fff80d0                myUSB_linesCoding
 *fill*         0x1fff80ea        0x2 
 .data          0x1fff80ec        0x8 .\CortexM3\ARM_GCC_541\Debug\Design01.a(CyDmac.o)
 .data          0x1fff80f4       0x10 .\CortexM3\ARM_GCC_541\Debug\Design01.a(CyLib.o)
                0x1fff80f4                cydelay_32k_ms
                0x1fff80f8                cydelay_freq_khz
                0x1fff80fc                cydelay_freq_mhz
                0x1fff8100                cydelay_freq_hz
 .data          0x1fff8104        0x2 .\CortexM3\ARM_GCC_541\Debug\Design01.a(myADC_SEQ.o)
 .data          0x1fff8106        0x1 .\CortexM3\ARM_GCC_541\Debug\Design01.a(myADC_SEQ_TempBuf_dma.o)
                0x1fff8106                myADC_SEQ_TempBuf_DmaHandle
 .data          0x1fff8107        0x1 .\CortexM3\ARM_GCC_541\Debug\Design01.a(myADC_SEQ_FinalBuf_dma.o)
                0x1fff8107                myADC_SEQ_FinalBuf_DmaHandle
 .data.impure_data
                0x1fff8108       0x60 c:/program files (x86)/cypress/psoc creator/4.3/psoc creator/import/gnu/arm/5.4.1/bin/../lib/gcc/arm-none-eabi/5.4.1/../../../../arm-none-eabi/lib/armv7-m\libg_nano.a(lib_a-impure.o)
 .data._impure_ptr
                0x1fff8168        0x4 c:/program files (x86)/cypress/psoc creator/4.3/psoc creator/import/gnu/arm/5.4.1/bin/../lib/gcc/arm-none-eabi/5.4.1/../../../../arm-none-eabi/lib/armv7-m\libg_nano.a(lib_a-impure.o)
                0x1fff8168                _impure_ptr
 .data.lconv    0x1fff816c       0x38 c:/program files (x86)/cypress/psoc creator/4.3/psoc creator/import/gnu/arm/5.4.1/bin/../lib/gcc/arm-none-eabi/5.4.1/../../../../arm-none-eabi/lib/armv7-m\libg_nano.a(lib_a-locale.o)
                0x1fff81a8                . = ALIGN (0x8)
 *fill*         0x1fff81a4        0x4 
 *(.ram)
                0x1fff81a8                _edata = .

.igot.plt       0x1fff81a8        0x0 load address 0x00006858
 .igot.plt      0x1fff81a8        0x0 c:/program files (x86)/cypress/psoc creator/4.3/psoc creator/import/gnu/arm/5.4.1/bin/../lib/gcc/arm-none-eabi/5.4.1/armv7-m/crtbegin.o

.bss            0x1fff81a8      0x128 load address 0x00006858
                0x1fff81a8                PROVIDE (__bss_start__, .)
 *(.shbss)
 *(.bss .bss.* .gnu.linkonce.b.*)
 .bss           0x1fff81a8       0x1c c:/program files (x86)/cypress/psoc creator/4.3/psoc creator/import/gnu/arm/5.4.1/bin/../lib/gcc/arm-none-eabi/5.4.1/armv7-m/crtbegin.o
 .bss           0x1fff81c4        0x1 .\CortexM3\ARM_GCC_541\Debug\Design01.a(myUSB.o)
                0x1fff81c4                myUSB_initVar
 .bss           0x1fff81c5        0x1 .\CortexM3\ARM_GCC_541\Debug\Design01.a(myUSB_cdc.o)
 *fill*         0x1fff81c6        0x2 
 .bss           0x1fff81c8        0x2 .\CortexM3\ARM_GCC_541\Debug\Design01.a(myUSB_std.o)
 .bss           0x1fff81ca        0x1 .\CortexM3\ARM_GCC_541\Debug\Design01.a(myDAC.o)
                0x1fff81ca                myDAC_initVar
 *fill*         0x1fff81cb        0x1 
 .bss           0x1fff81cc       0x10 .\CortexM3\ARM_GCC_541\Debug\Design01.a(myADC_SEQ.o)
                0x1fff81d8                myADC_SEQ_initVar
 .bss           0x1fff81dc        0x1 .\CortexM3\ARM_GCC_541\Debug\Design01.a(myADC_SEQ_SAR.o)
                0x1fff81dc                myADC_SEQ_SAR_initVar
 *fill*         0x1fff81dd        0x3 
 .bss.__malloc_sbrk_start
                0x1fff81e0        0x4 c:/program files (x86)/cypress/psoc creator/4.3/psoc creator/import/gnu/arm/5.4.1/bin/../lib/gcc/arm-none-eabi/5.4.1/../../../../arm-none-eabi/lib/armv7-m\libg_nano.a(lib_a-nano-mallocr.o)
                0x1fff81e0                __malloc_sbrk_start
 .bss.__malloc_free_list
                0x1fff81e4        0x4 c:/program files (x86)/cypress/psoc creator/4.3/psoc creator/import/gnu/arm/5.4.1/bin/../lib/gcc/arm-none-eabi/5.4.1/../../../../arm-none-eabi/lib/armv7-m\libg_nano.a(lib_a-nano-mallocr.o)
                0x1fff81e4                __malloc_free_list
 *(COMMON)
 COMMON         0x1fff81e8       0x18 .\CortexM3\ARM_GCC_541\Debug\Design01.a(myUSB_cdc.o)
                0x1fff81e8                myUSB_linesChanged
                0x1fff81ec                myUSB_cdcCommInInterruptEp
                0x1fff81f0                myUSB_cdcDataOutEp
                0x1fff81f4                myUSB_cdcDataInEp
                0x1fff81f8                myUSB_serialStateBitmap
                0x1fff81fc                myUSB_linesControlBitmap
 COMMON         0x1fff8200       0x93 .\CortexM3\ARM_GCC_541\Debug\Design01.a(myUSB_drv.o)
                0x1fff8200                myUSB_interfaceSettingLast
                0x1fff8202                myUSB_ep0Mode
                0x1fff8203                myUSB_interfaceNumber
                0x1fff8204                myUSB_EP
                0x1fff8270                myUSB_deviceStatus
                0x1fff8271                myUSB_deviceAddress
                0x1fff8272                myUSB_device
                0x1fff8274                myUSB_interfaceSetting
                0x1fff8276                myUSB_lastPacketSize
                0x1fff8278                myUSB_transferByteCount
                0x1fff827a                myUSB_transferState
                0x1fff827c                myUSB_interfaceClass
                0x1fff8280                myUSB_configurationChanged
                0x1fff8281                myUSB_ep0Toggle
                0x1fff8282                myUSB_ep0Count
                0x1fff8284                myUSB_currentTD
                0x1fff8290                myUSB_interfaceStatus
                0x1fff8292                myUSB_configuration
 *fill*         0x1fff8293        0x1 
 COMMON         0x1fff8294        0x6 .\CortexM3\ARM_GCC_541\Debug\Design01.a(myADC_SEQ.o)
                0x1fff8294                myADC_SEQ_finalArray
 *fill*         0x1fff829a        0x2 
 COMMON         0x1fff829c        0xc .\CortexM3\ARM_GCC_541\Debug\Design01.a(myADC_SEQ_SAR.o)
                0x1fff829c                myADC_SEQ_SAR_offset
                0x1fff82a0                myADC_SEQ_SAR_countsPer10Volt
                0x1fff82a4                myADC_SEQ_SAR_shift
                0x1fff82a6                myADC_SEQ_SAR_countsPerVolt
 COMMON         0x1fff82a8       0x22 .\CortexM3\ARM_GCC_541\Debug\Design01.a(myUSB_descr.o)
                0x1fff82a8                myUSB_idSerialNumberStringDescriptor
 *fill*         0x1fff82ca        0x2 
 COMMON         0x1fff82cc        0x4 c:/program files (x86)/cypress/psoc creator/4.3/psoc creator/import/gnu/arm/5.4.1/bin/../lib/gcc/arm-none-eabi/5.4.1/../../../../arm-none-eabi/lib/armv7-m\libg_nano.a(lib_a-reent.o)
                0x1fff82cc                errno
                0x1fff82d0                . = ALIGN (0x8)
 *(.ram.b)
                0x1fff82d0                _end = .
                0x1fff82d0                __end = .
                0x1fff82d0                PROVIDE (end, .)
                0x1fff82d0                PROVIDE (__bss_end__, .)
                0x00006778                __cy_region_init_ram = LOADADDR (.data)
                0x000000e0                __cy_region_init_size_ram = (_edata - ADDR (.data))
                0x00000128                __cy_region_zero_size_ram = (_end - _edata)

.heap           0x1fff82d0      0x200 load address 0x00006858
                0x1fff82d0                . = _end
                0x1fff84d0                . = (. + 0x200)
 *fill*         0x1fff82d0      0x200 
                0x1fff84d0                __cy_heap_limit = .

.stack          0x20007800      0x800
                0x20007800                __cy_stack_limit = .
                0x20008000                . = (. + 0x800)
 *fill*         0x20007800      0x800 
                0x00000001                ASSERT ((__cy_stack_limit >= __cy_heap_limit), region RAM overflowed with stack)
                0x00000000                cy_checksum_exclude_size = (CY_APPL_LOADABLE == 0x1)?SIZEOF (.cy_checksum_exclude):0x0
                0x00000001                ASSERT ((cy_checksum_exclude_size <= CY_CHECKSUM_EXCLUDE_SIZE), CY_BOOT: Section .cy_checksum_exclude size exceedes specified limit.)

.cyloadermeta
 *(.cyloadermeta)

.cyloadablemeta
 *(.cyloadablemeta)

.cyconfigecc    0x80000000      0x480
 *(.cyconfigecc)
 .cyconfigecc   0x80000000      0x480 .\CortexM3\ARM_GCC_541\Debug\cymetadata.o
                0x80000000                cy_meta_configecc

.cycustnvl      0x90000000        0x4
 *(.cycustnvl)
 .cycustnvl     0x90000000        0x4 .\CortexM3\ARM_GCC_541\Debug\cymetadata.o
                0x90000000                cy_meta_custnvl

.cywolatch      0x90100000        0x4
 *(.cywolatch)
 .cywolatch     0x90100000        0x4 .\CortexM3\ARM_GCC_541\Debug\cymetadata.o
                0x90100000                cy_meta_wonvl

.cyeeprom       0x90200000        0x0
 *(.cyeeprom)
                0x00000001                ASSERT ((. <= ((0x90200000 + ee_offset) + ee_size)), .cyeeprom data will not fit in EEPROM)

.cyflashprotect
                0x90400000      0x100
 *(.cyflashprotect)
 .cyflashprotect
                0x90400000      0x100 .\CortexM3\ARM_GCC_541\Debug\cymetadata.o
                0x90400000                cy_meta_flashprotect

.cymeta         0x90500000        0xc
 *(.cymeta)
 .cymeta        0x90500000        0xc .\CortexM3\ARM_GCC_541\Debug\cymetadata.o
                0x90500000                cy_metadata

.rel.dyn        0x00006858        0x0 load address 0x9050000c
 .rel.iplt      0x00006858        0x0 c:/program files (x86)/cypress/psoc creator/4.3/psoc creator/import/gnu/arm/5.4.1/bin/../lib/gcc/arm-none-eabi/5.4.1/armv7-m/crtbegin.o

.stab
 *(.stab)

.stabstr
 *(.stabstr)

.debug
 *(.debug)

.line
 *(.line)

.debug_srcinfo
 *(.debug_srcinfo)

.debug_sfnames
 *(.debug_sfnames)

.debug_aranges  0x00000000      0xc88
 *(.debug_aranges)
 .debug_aranges
                0x00000000       0x20 .\CortexM3\ARM_GCC_541\Debug\main.o
 .debug_aranges
                0x00000020       0x58 .\CortexM3\ARM_GCC_541\Debug\cyfitter_cfg.o
 .debug_aranges
                0x00000078       0x18 .\CortexM3\ARM_GCC_541\Debug\cymetadata.o
 .debug_aranges
                0x00000090       0x48 .\CortexM3\ARM_GCC_541\Debug\Cm3Start.o
 .debug_aranges
                0x000000d8       0xc8 .\CortexM3\ARM_GCC_541\Debug\Design01.a(myUSB.o)
 .debug_aranges
                0x000001a0       0xe8 .\CortexM3\ARM_GCC_541\Debug\Design01.a(myUSB_cdc.o)
 .debug_aranges
                0x00000288       0x98 .\CortexM3\ARM_GCC_541\Debug\Design01.a(myUSB_drv.o)
 .debug_aranges
                0x00000320       0x40 .\CortexM3\ARM_GCC_541\Debug\Design01.a(myUSB_episr.o)
 .debug_aranges
                0x00000360       0x40 .\CortexM3\ARM_GCC_541\Debug\Design01.a(myUSB_pm.o)
 .debug_aranges
                0x000003a0       0x80 .\CortexM3\ARM_GCC_541\Debug\Design01.a(myUSB_std.o)
 .debug_aranges
                0x00000420       0x20 .\CortexM3\ARM_GCC_541\Debug\Design01.a(myUSB_vnd.o)
 .debug_aranges
                0x00000440       0x48 .\CortexM3\ARM_GCC_541\Debug\Design01.a(myUSB_Dp.o)
 .debug_aranges
                0x00000488       0xd8 .\CortexM3\ARM_GCC_541\Debug\Design01.a(CyDmac.o)
 .debug_aranges
                0x00000560      0x2a0 .\CortexM3\ARM_GCC_541\Debug\Design01.a(CyLib.o)
 .debug_aranges
                0x00000800       0x98 .\CortexM3\ARM_GCC_541\Debug\Design01.a(cyPm.o)
 .debug_aranges
                0x00000898       0x58 .\CortexM3\ARM_GCC_541\Debug\Design01.a(myDAC.o)
 .debug_aranges
                0x000008f0       0xa0 .\CortexM3\ARM_GCC_541\Debug\Design01.a(myADC_SEQ.o)
 .debug_aranges
                0x00000990       0x20 .\CortexM3\ARM_GCC_541\Debug\Design01.a(myADC_SEQ_INT.o)
 .debug_aranges
                0x000009b0       0xa8 .\CortexM3\ARM_GCC_541\Debug\Design01.a(myADC_SEQ_SAR.o)
 .debug_aranges
                0x00000a58       0x28 .\CortexM3\ARM_GCC_541\Debug\Design01.a(myADC_SEQ_TempBuf_dma.o)
 .debug_aranges
                0x00000a80       0x28 .\CortexM3\ARM_GCC_541\Debug\Design01.a(myADC_SEQ_FinalBuf_dma.o)
 .debug_aranges
                0x00000aa8       0x80 .\CortexM3\ARM_GCC_541\Debug\Design01.a(myADC_SEQ_IRQ.o)
 .debug_aranges
                0x00000b28       0x20 .\CortexM3\ARM_GCC_541\Debug\Design01.a(CyBootAsmGnu.o)
 .debug_aranges
                0x00000b48       0x20 .\CortexM3\ARM_GCC_541\Debug\Design01.a(myUSB_cls.o)
 .debug_aranges
                0x00000b68       0x18 .\CortexM3\ARM_GCC_541\Debug\Design01.a(myUSB_descr.o)
 .debug_aranges
                0x00000b80       0x88 .\CortexM3\ARM_GCC_541\Debug\Design01.a(CyFlash.o)
 .debug_aranges
                0x00000c08       0x80 .\CortexM3\ARM_GCC_541\Debug\Design01.a(CySpc.o)

.debug_pubnames
 *(.debug_pubnames)

.debug_info     0x00000000     0x87a3
 *(.debug_info .gnu.linkonce.wi.*)
 .debug_info    0x00000000      0x321 .\CortexM3\ARM_GCC_541\Debug\main.o
 .debug_info    0x00000321      0x569 .\CortexM3\ARM_GCC_541\Debug\cyfitter_cfg.o
 .debug_info    0x0000088a      0x136 .\CortexM3\ARM_GCC_541\Debug\cymetadata.o
 .debug_info    0x000009c0      0x3cf .\CortexM3\ARM_GCC_541\Debug\Cm3Start.o
 .debug_info    0x00000d8f      0x993 .\CortexM3\ARM_GCC_541\Debug\Design01.a(myUSB.o)
 .debug_info    0x00001722      0xaf7 .\CortexM3\ARM_GCC_541\Debug\Design01.a(myUSB_cdc.o)
 .debug_info    0x00002219      0x655 .\CortexM3\ARM_GCC_541\Debug\Design01.a(myUSB_drv.o)
 .debug_info    0x0000286e      0x254 .\CortexM3\ARM_GCC_541\Debug\Design01.a(myUSB_episr.o)
 .debug_info    0x00002ac2      0x2e4 .\CortexM3\ARM_GCC_541\Debug\Design01.a(myUSB_pm.o)
 .debug_info    0x00002da6      0xb26 .\CortexM3\ARM_GCC_541\Debug\Design01.a(myUSB_std.o)
 .debug_info    0x000038cc       0xed .\CortexM3\ARM_GCC_541\Debug\Design01.a(myUSB_vnd.o)
 .debug_info    0x000039b9      0x174 .\CortexM3\ARM_GCC_541\Debug\Design01.a(myUSB_Dp.o)
 .debug_info    0x00003b2d      0x94e .\CortexM3\ARM_GCC_541\Debug\Design01.a(CyDmac.o)
 .debug_info    0x0000447b     0x1374 .\CortexM3\ARM_GCC_541\Debug\Design01.a(CyLib.o)
 .debug_info    0x000057ef      0xa2a .\CortexM3\ARM_GCC_541\Debug\Design01.a(cyPm.o)
 .debug_info    0x00006219      0x1e0 .\CortexM3\ARM_GCC_541\Debug\Design01.a(myDAC.o)
 .debug_info    0x000063f9      0x6f2 .\CortexM3\ARM_GCC_541\Debug\Design01.a(myADC_SEQ.o)
 .debug_info    0x00006aeb       0xa0 .\CortexM3\ARM_GCC_541\Debug\Design01.a(myADC_SEQ_INT.o)
 .debug_info    0x00006b8b      0x544 .\CortexM3\ARM_GCC_541\Debug\Design01.a(myADC_SEQ_SAR.o)
 .debug_info    0x000070cf      0x1a8 .\CortexM3\ARM_GCC_541\Debug\Design01.a(myADC_SEQ_TempBuf_dma.o)
 .debug_info    0x00007277      0x1aa .\CortexM3\ARM_GCC_541\Debug\Design01.a(myADC_SEQ_FinalBuf_dma.o)
 .debug_info    0x00007421      0x2d2 .\CortexM3\ARM_GCC_541\Debug\Design01.a(myADC_SEQ_IRQ.o)
 .debug_info    0x000076f3       0x92 .\CortexM3\ARM_GCC_541\Debug\Design01.a(CyBootAsmGnu.o)
 .debug_info    0x00007785      0x1de .\CortexM3\ARM_GCC_541\Debug\Design01.a(myUSB_cls.o)
 .debug_info    0x00007963      0x2a3 .\CortexM3\ARM_GCC_541\Debug\Design01.a(myUSB_descr.o)
 .debug_info    0x00007c06      0x64d .\CortexM3\ARM_GCC_541\Debug\Design01.a(CyFlash.o)
 .debug_info    0x00008253      0x550 .\CortexM3\ARM_GCC_541\Debug\Design01.a(CySpc.o)

.debug_abbrev   0x00000000     0x2286
 *(.debug_abbrev)
 .debug_abbrev  0x00000000      0x129 .\CortexM3\ARM_GCC_541\Debug\main.o
 .debug_abbrev  0x00000129      0x1fe .\CortexM3\ARM_GCC_541\Debug\cyfitter_cfg.o
 .debug_abbrev  0x00000327       0x77 .\CortexM3\ARM_GCC_541\Debug\cymetadata.o
 .debug_abbrev  0x0000039e      0x1e8 .\CortexM3\ARM_GCC_541\Debug\Cm3Start.o
 .debug_abbrev  0x00000586      0x215 .\CortexM3\ARM_GCC_541\Debug\Design01.a(myUSB.o)
 .debug_abbrev  0x0000079b      0x245 .\CortexM3\ARM_GCC_541\Debug\Design01.a(myUSB_cdc.o)
 .debug_abbrev  0x000009e0      0x189 .\CortexM3\ARM_GCC_541\Debug\Design01.a(myUSB_drv.o)
 .debug_abbrev  0x00000b69      0x11b .\CortexM3\ARM_GCC_541\Debug\Design01.a(myUSB_episr.o)
 .debug_abbrev  0x00000c84      0x108 .\CortexM3\ARM_GCC_541\Debug\Design01.a(myUSB_pm.o)
 .debug_abbrev  0x00000d8c      0x20a .\CortexM3\ARM_GCC_541\Debug\Design01.a(myUSB_std.o)
 .debug_abbrev  0x00000f96       0x9b .\CortexM3\ARM_GCC_541\Debug\Design01.a(myUSB_vnd.o)
 .debug_abbrev  0x00001031       0x90 .\CortexM3\ARM_GCC_541\Debug\Design01.a(myUSB_Dp.o)
 .debug_abbrev  0x000010c1      0x1b2 .\CortexM3\ARM_GCC_541\Debug\Design01.a(CyDmac.o)
 .debug_abbrev  0x00001273      0x254 .\CortexM3\ARM_GCC_541\Debug\Design01.a(CyLib.o)
 .debug_abbrev  0x000014c7      0x1ab .\CortexM3\ARM_GCC_541\Debug\Design01.a(cyPm.o)
 .debug_abbrev  0x00001672       0xf7 .\CortexM3\ARM_GCC_541\Debug\Design01.a(myDAC.o)
 .debug_abbrev  0x00001769      0x13e .\CortexM3\ARM_GCC_541\Debug\Design01.a(myADC_SEQ.o)
 .debug_abbrev  0x000018a7       0x42 .\CortexM3\ARM_GCC_541\Debug\Design01.a(myADC_SEQ_INT.o)
 .debug_abbrev  0x000018e9      0x1ac .\CortexM3\ARM_GCC_541\Debug\Design01.a(myADC_SEQ_SAR.o)
 .debug_abbrev  0x00001a95       0xcd .\CortexM3\ARM_GCC_541\Debug\Design01.a(myADC_SEQ_TempBuf_dma.o)
 .debug_abbrev  0x00001b62       0xcd .\CortexM3\ARM_GCC_541\Debug\Design01.a(myADC_SEQ_FinalBuf_dma.o)
 .debug_abbrev  0x00001c2f      0x173 .\CortexM3\ARM_GCC_541\Debug\Design01.a(myADC_SEQ_IRQ.o)
 .debug_abbrev  0x00001da2       0x14 .\CortexM3\ARM_GCC_541\Debug\Design01.a(CyBootAsmGnu.o)
 .debug_abbrev  0x00001db6       0xe1 .\CortexM3\ARM_GCC_541\Debug\Design01.a(myUSB_cls.o)
 .debug_abbrev  0x00001e97       0xb4 .\CortexM3\ARM_GCC_541\Debug\Design01.a(myUSB_descr.o)
 .debug_abbrev  0x00001f4b      0x1a7 .\CortexM3\ARM_GCC_541\Debug\Design01.a(CyFlash.o)
 .debug_abbrev  0x000020f2      0x194 .\CortexM3\ARM_GCC_541\Debug\Design01.a(CySpc.o)

.debug_line     0x00000000     0x3261
 *(.debug_line)
 .debug_line    0x00000000      0x24d .\CortexM3\ARM_GCC_541\Debug\main.o
 .debug_line    0x0000024d      0x1e8 .\CortexM3\ARM_GCC_541\Debug\cyfitter_cfg.o
 .debug_line    0x00000435      0x141 .\CortexM3\ARM_GCC_541\Debug\cymetadata.o
 .debug_line    0x00000576      0x241 .\CortexM3\ARM_GCC_541\Debug\Cm3Start.o
 .debug_line    0x000007b7      0x2d4 .\CortexM3\ARM_GCC_541\Debug\Design01.a(myUSB.o)
 .debug_line    0x00000a8b      0x2ec .\CortexM3\ARM_GCC_541\Debug\Design01.a(myUSB_cdc.o)
 .debug_line    0x00000d77      0x21b .\CortexM3\ARM_GCC_541\Debug\Design01.a(myUSB_drv.o)
 .debug_line    0x00000f92       0xe0 .\CortexM3\ARM_GCC_541\Debug\Design01.a(myUSB_episr.o)
 .debug_line    0x00001072      0x106 .\CortexM3\ARM_GCC_541\Debug\Design01.a(myUSB_pm.o)
 .debug_line    0x00001178      0x3dc .\CortexM3\ARM_GCC_541\Debug\Design01.a(myUSB_std.o)
 .debug_line    0x00001554       0x6f .\CortexM3\ARM_GCC_541\Debug\Design01.a(myUSB_vnd.o)
 .debug_line    0x000015c3       0xb9 .\CortexM3\ARM_GCC_541\Debug\Design01.a(myUSB_Dp.o)
 .debug_line    0x0000167c      0x2e4 .\CortexM3\ARM_GCC_541\Debug\Design01.a(CyDmac.o)
 .debug_line    0x00001960      0x816 .\CortexM3\ARM_GCC_541\Debug\Design01.a(CyLib.o)
 .debug_line    0x00002176      0x367 .\CortexM3\ARM_GCC_541\Debug\Design01.a(cyPm.o)
 .debug_line    0x000024dd       0xe2 .\CortexM3\ARM_GCC_541\Debug\Design01.a(myDAC.o)
 .debug_line    0x000025bf      0x220 .\CortexM3\ARM_GCC_541\Debug\Design01.a(myADC_SEQ.o)
 .debug_line    0x000027df       0x56 .\CortexM3\ARM_GCC_541\Debug\Design01.a(myADC_SEQ_INT.o)
 .debug_line    0x00002835      0x209 .\CortexM3\ARM_GCC_541\Debug\Design01.a(myADC_SEQ_SAR.o)
 .debug_line    0x00002a3e       0x8e .\CortexM3\ARM_GCC_541\Debug\Design01.a(myADC_SEQ_TempBuf_dma.o)
 .debug_line    0x00002acc       0x8f .\CortexM3\ARM_GCC_541\Debug\Design01.a(myADC_SEQ_FinalBuf_dma.o)
 .debug_line    0x00002b5b      0x13a .\CortexM3\ARM_GCC_541\Debug\Design01.a(myADC_SEQ_IRQ.o)
 .debug_line    0x00002c95       0x66 .\CortexM3\ARM_GCC_541\Debug\Design01.a(CyBootAsmGnu.o)
 .debug_line    0x00002cfb       0x8f .\CortexM3\ARM_GCC_541\Debug\Design01.a(myUSB_cls.o)
 .debug_line    0x00002d8a       0x5d .\CortexM3\ARM_GCC_541\Debug\Design01.a(myUSB_descr.o)
 .debug_line    0x00002de7      0x21a .\CortexM3\ARM_GCC_541\Debug\Design01.a(CyFlash.o)
 .debug_line    0x00003001      0x260 .\CortexM3\ARM_GCC_541\Debug\Design01.a(CySpc.o)

.debug_frame    0x00000000     0x2a18
 *(.debug_frame)
 .debug_frame   0x00000000       0x44 .\CortexM3\ARM_GCC_541\Debug\main.o
 .debug_frame   0x00000044       0xfc .\CortexM3\ARM_GCC_541\Debug\cyfitter_cfg.o
 .debug_frame   0x00000140       0xb8 .\CortexM3\ARM_GCC_541\Debug\Cm3Start.o
 .debug_frame   0x000001f8      0x1dc .\CortexM3\ARM_GCC_541\Debug\Design01.a(myUSB.o)
 .debug_frame   0x000003d4      0x27c .\CortexM3\ARM_GCC_541\Debug\Design01.a(myUSB_cdc.o)
 .debug_frame   0x00000650      0x194 .\CortexM3\ARM_GCC_541\Debug\Design01.a(myUSB_drv.o)
 .debug_frame   0x000007e4       0x6c .\CortexM3\ARM_GCC_541\Debug\Design01.a(myUSB_episr.o)
 .debug_frame   0x00000850       0xa0 .\CortexM3\ARM_GCC_541\Debug\Design01.a(myUSB_pm.o)
 .debug_frame   0x000008f0      0x17c .\CortexM3\ARM_GCC_541\Debug\Design01.a(myUSB_std.o)
 .debug_frame   0x00000a6c       0x20 .\CortexM3\ARM_GCC_541\Debug\Design01.a(myUSB_vnd.o)
 .debug_frame   0x00000a8c       0x70 .\CortexM3\ARM_GCC_541\Debug\Design01.a(myUSB_Dp.o)
 .debug_frame   0x00000afc      0x1f8 .\CortexM3\ARM_GCC_541\Debug\Design01.a(CyDmac.o)
 .debug_frame   0x00000cf4      0x738 .\CortexM3\ARM_GCC_541\Debug\Design01.a(CyLib.o)
 .debug_frame   0x0000142c      0x1f8 .\CortexM3\ARM_GCC_541\Debug\Design01.a(cyPm.o)
 .debug_frame   0x00001624       0xb4 .\CortexM3\ARM_GCC_541\Debug\Design01.a(myDAC.o)
 .debug_frame   0x000016d8      0x1dc .\CortexM3\ARM_GCC_541\Debug\Design01.a(myADC_SEQ.o)
 .debug_frame   0x000018b4       0x20 .\CortexM3\ARM_GCC_541\Debug\Design01.a(myADC_SEQ_INT.o)
 .debug_frame   0x000018d4      0x1b0 .\CortexM3\ARM_GCC_541\Debug\Design01.a(myADC_SEQ_SAR.o)
 .debug_frame   0x00001a84       0x54 .\CortexM3\ARM_GCC_541\Debug\Design01.a(myADC_SEQ_TempBuf_dma.o)
 .debug_frame   0x00001ad8       0x54 .\CortexM3\ARM_GCC_541\Debug\Design01.a(myADC_SEQ_FinalBuf_dma.o)
 .debug_frame   0x00001b2c      0x104 .\CortexM3\ARM_GCC_541\Debug\Design01.a(myADC_SEQ_IRQ.o)
 .debug_frame   0x00001c30       0x2c .\CortexM3\ARM_GCC_541\Debug\Design01.a(myUSB_cls.o)
 .debug_frame   0x00001c5c      0x194 .\CortexM3\ARM_GCC_541\Debug\Design01.a(CyFlash.o)
 .debug_frame   0x00001df0      0x180 .\CortexM3\ARM_GCC_541\Debug\Design01.a(CySpc.o)
 .debug_frame   0x00001f70       0x38 c:/program files (x86)/cypress/psoc creator/4.3/psoc creator/import/gnu/arm/5.4.1/bin/../lib/gcc/arm-none-eabi/5.4.1/../../../../arm-none-eabi/lib/armv7-m\libm.a(lib_a-s_sin.o)
 .debug_frame   0x00001fa8       0x48 c:/program files (x86)/cypress/psoc creator/4.3/psoc creator/import/gnu/arm/5.4.1/bin/../lib/gcc/arm-none-eabi/5.4.1/../../../../arm-none-eabi/lib/armv7-m\libm.a(lib_a-e_rem_pio2.o)
 .debug_frame   0x00001ff0       0x4c c:/program files (x86)/cypress/psoc creator/4.3/psoc creator/import/gnu/arm/5.4.1/bin/../lib/gcc/arm-none-eabi/5.4.1/../../../../arm-none-eabi/lib/armv7-m\libm.a(lib_a-k_cos.o)
 .debug_frame   0x0000203c       0x50 c:/program files (x86)/cypress/psoc creator/4.3/psoc creator/import/gnu/arm/5.4.1/bin/../lib/gcc/arm-none-eabi/5.4.1/../../../../arm-none-eabi/lib/armv7-m\libm.a(lib_a-k_rem_pio2.o)
 .debug_frame   0x0000208c       0x48 c:/program files (x86)/cypress/psoc creator/4.3/psoc creator/import/gnu/arm/5.4.1/bin/../lib/gcc/arm-none-eabi/5.4.1/../../../../arm-none-eabi/lib/armv7-m\libm.a(lib_a-k_sin.o)
 .debug_frame   0x000020d4       0x20 c:/program files (x86)/cypress/psoc creator/4.3/psoc creator/import/gnu/arm/5.4.1/bin/../lib/gcc/arm-none-eabi/5.4.1/../../../../arm-none-eabi/lib/armv7-m\libm.a(lib_a-s_fabs.o)
 .debug_frame   0x000020f4       0x34 c:/program files (x86)/cypress/psoc creator/4.3/psoc creator/import/gnu/arm/5.4.1/bin/../lib/gcc/arm-none-eabi/5.4.1/../../../../arm-none-eabi/lib/armv7-m\libm.a(lib_a-s_floor.o)
 .debug_frame   0x00002128       0x30 c:/program files (x86)/cypress/psoc creator/4.3/psoc creator/import/gnu/arm/5.4.1/bin/../lib/gcc/arm-none-eabi/5.4.1/../../../../arm-none-eabi/lib/armv7-m\libm.a(lib_a-s_scalbn.o)
 .debug_frame   0x00002158       0x20 c:/program files (x86)/cypress/psoc creator/4.3/psoc creator/import/gnu/arm/5.4.1/bin/../lib/gcc/arm-none-eabi/5.4.1/../../../../arm-none-eabi/lib/armv7-m\libm.a(lib_a-s_copysign.o)
 .debug_frame   0x00002178       0x44 c:/program files (x86)/cypress/psoc creator/4.3/psoc creator/import/gnu/arm/5.4.1/bin/../lib/gcc/arm-none-eabi/5.4.1/armv7-m\libgcc.a(_aeabi_ldivmod.o)
 .debug_frame   0x000021bc       0x38 c:/program files (x86)/cypress/psoc creator/4.3/psoc creator/import/gnu/arm/5.4.1/bin/../lib/gcc/arm-none-eabi/5.4.1/armv7-m\libgcc.a(_udivmoddi4.o)
 .debug_frame   0x000021f4       0x20 c:/program files (x86)/cypress/psoc creator/4.3/psoc creator/import/gnu/arm/5.4.1/bin/../lib/gcc/arm-none-eabi/5.4.1/../../../../arm-none-eabi/lib/armv7-m\libg_nano.a(lib_a-errno.o)
 .debug_frame   0x00002214       0x28 c:/program files (x86)/cypress/psoc creator/4.3/psoc creator/import/gnu/arm/5.4.1/bin/../lib/gcc/arm-none-eabi/5.4.1/../../../../arm-none-eabi/lib/armv7-m\libg_nano.a(lib_a-exit.o)
 .debug_frame   0x0000223c       0x2c c:/program files (x86)/cypress/psoc creator/4.3/psoc creator/import/gnu/arm/5.4.1/bin/../lib/gcc/arm-none-eabi/5.4.1/../../../../arm-none-eabi/lib/armv7-m\libg_nano.a(lib_a-init.o)
 .debug_frame   0x00002268       0x28 c:/program files (x86)/cypress/psoc creator/4.3/psoc creator/import/gnu/arm/5.4.1/bin/../lib/gcc/arm-none-eabi/5.4.1/../../../../arm-none-eabi/lib/armv7-m\libg_nano.a(lib_a-memcpy-stub.o)
 .debug_frame   0x00002290       0x20 c:/program files (x86)/cypress/psoc creator/4.3/psoc creator/import/gnu/arm/5.4.1/bin/../lib/gcc/arm-none-eabi/5.4.1/../../../../arm-none-eabi/lib/armv7-m\libg_nano.a(lib_a-memset.o)
 .debug_frame   0x000022b0       0x8c c:/program files (x86)/cypress/psoc creator/4.3/psoc creator/import/gnu/arm/5.4.1/bin/../lib/gcc/arm-none-eabi/5.4.1/../../../../arm-none-eabi/lib/armv7-m\libg_nano.a(lib_a-nano-vfprintf_float.o)
 .debug_frame   0x0000233c       0x60 c:/program files (x86)/cypress/psoc creator/4.3/psoc creator/import/gnu/arm/5.4.1/bin/../lib/gcc/arm-none-eabi/5.4.1/../../../../arm-none-eabi/lib/armv7-m\libg_nano.a(lib_a-nano-vfprintf_i.o)
 .debug_frame   0x0000239c       0x70 c:/program files (x86)/cypress/psoc creator/4.3/psoc creator/import/gnu/arm/5.4.1/bin/../lib/gcc/arm-none-eabi/5.4.1/../../../../arm-none-eabi/lib/armv7-m\libg_nano.a(lib_a-sprintf.o)
 .debug_frame   0x0000240c       0x6c c:/program files (x86)/cypress/psoc creator/4.3/psoc creator/import/gnu/arm/5.4.1/bin/../lib/gcc/arm-none-eabi/5.4.1/../../../../arm-none-eabi/lib/armv7-m\libg_nano.a(lib_a-dtoa.o)
 .debug_frame   0x00002478       0x98 c:/program files (x86)/cypress/psoc creator/4.3/psoc creator/import/gnu/arm/5.4.1/bin/../lib/gcc/arm-none-eabi/5.4.1/../../../../arm-none-eabi/lib/armv7-m\libg_nano.a(lib_a-locale.o)
 .debug_frame   0x00002510       0x30 c:/program files (x86)/cypress/psoc creator/4.3/psoc creator/import/gnu/arm/5.4.1/bin/../lib/gcc/arm-none-eabi/5.4.1/../../../../arm-none-eabi/lib/armv7-m\libg_nano.a(lib_a-malloc.o)
 .debug_frame   0x00002540       0x28 c:/program files (x86)/cypress/psoc creator/4.3/psoc creator/import/gnu/arm/5.4.1/bin/../lib/gcc/arm-none-eabi/5.4.1/../../../../arm-none-eabi/lib/armv7-m\libg_nano.a(lib_a-memchr-stub.o)
 .debug_frame   0x00002568      0x234 c:/program files (x86)/cypress/psoc creator/4.3/psoc creator/import/gnu/arm/5.4.1/bin/../lib/gcc/arm-none-eabi/5.4.1/../../../../arm-none-eabi/lib/armv7-m\libg_nano.a(lib_a-mprec.o)
 .debug_frame   0x0000279c       0x2c c:/program files (x86)/cypress/psoc creator/4.3/psoc creator/import/gnu/arm/5.4.1/bin/../lib/gcc/arm-none-eabi/5.4.1/../../../../arm-none-eabi/lib/armv7-m\libg_nano.a(lib_a-nano-callocr.o)
 .debug_frame   0x000027c8       0x38 c:/program files (x86)/cypress/psoc creator/4.3/psoc creator/import/gnu/arm/5.4.1/bin/../lib/gcc/arm-none-eabi/5.4.1/../../../../arm-none-eabi/lib/armv7-m\libg_nano.a(lib_a-nano-freer.o)
 .debug_frame   0x00002800       0x2c c:/program files (x86)/cypress/psoc creator/4.3/psoc creator/import/gnu/arm/5.4.1/bin/../lib/gcc/arm-none-eabi/5.4.1/../../../../arm-none-eabi/lib/armv7-m\libg_nano.a(lib_a-nano-mallocr.o)
 .debug_frame   0x0000282c       0x90 c:/program files (x86)/cypress/psoc creator/4.3/psoc creator/import/gnu/arm/5.4.1/bin/../lib/gcc/arm-none-eabi/5.4.1/../../../../arm-none-eabi/lib/armv7-m\libg_nano.a(lib_a-nano-svfprintf.o)
 .debug_frame   0x000028bc       0x2c c:/program files (x86)/cypress/psoc creator/4.3/psoc creator/import/gnu/arm/5.4.1/bin/../lib/gcc/arm-none-eabi/5.4.1/../../../../arm-none-eabi/lib/armv7-m\libg_nano.a(lib_a-sbrkr.o)
 .debug_frame   0x000028e8       0x20 c:/program files (x86)/cypress/psoc creator/4.3/psoc creator/import/gnu/arm/5.4.1/bin/../lib/gcc/arm-none-eabi/5.4.1/../../../../arm-none-eabi/lib/armv7-m\libg_nano.a(lib_a-strcmp.o)
 .debug_frame   0x00002908       0x28 c:/program files (x86)/cypress/psoc creator/4.3/psoc creator/import/gnu/arm/5.4.1/bin/../lib/gcc/arm-none-eabi/5.4.1/../../../../arm-none-eabi/lib/armv7-m\libg_nano.a(lib_a-memmove.o)
 .debug_frame   0x00002930       0x30 c:/program files (x86)/cypress/psoc creator/4.3/psoc creator/import/gnu/arm/5.4.1/bin/../lib/gcc/arm-none-eabi/5.4.1/../../../../arm-none-eabi/lib/armv7-m\libg_nano.a(lib_a-mlock.o)
 .debug_frame   0x00002960       0x3c c:/program files (x86)/cypress/psoc creator/4.3/psoc creator/import/gnu/arm/5.4.1/bin/../lib/gcc/arm-none-eabi/5.4.1/../../../../arm-none-eabi/lib/armv7-m\libg_nano.a(lib_a-nano-reallocr.o)
 .debug_frame   0x0000299c       0x5c c:/program files (x86)/cypress/psoc creator/4.3/psoc creator/import/gnu/arm/5.4.1/bin/../lib/gcc/arm-none-eabi/5.4.1/../../../../arm-none-eabi/lib/armv7-m\libg_nano.a(lib_a-reent.o)
 .debug_frame   0x000029f8       0x20 c:/program files (x86)/cypress/psoc creator/4.3/psoc creator/import/gnu/arm/5.4.1/bin/../lib/gcc/arm-none-eabi/5.4.1/../../../../arm-none-eabi/lib/armv7-m\libg_nano.a(lib_a-nano-msizer.o)

.debug_str      0x00000000     0x2ed0
 *(.debug_str)
 .debug_str     0x00000000      0x248 .\CortexM3\ARM_GCC_541\Debug\main.o
                                0x2a5 (size before relaxing)
 .debug_str     0x00000248      0x17c .\CortexM3\ARM_GCC_541\Debug\cyfitter_cfg.o
                                0x31b (size before relaxing)
 .debug_str     0x000003c4       0x7f .\CortexM3\ARM_GCC_541\Debug\cymetadata.o
                                0x1e6 (size before relaxing)
 .debug_str     0x00000443      0x154 .\CortexM3\ARM_GCC_541\Debug\Cm3Start.o
                                0x31c (size before relaxing)
 .debug_str     0x00000597      0x43f .\CortexM3\ARM_GCC_541\Debug\Design01.a(myUSB.o)
                                0x61c (size before relaxing)
 .debug_str     0x000009d6      0x4b7 .\CortexM3\ARM_GCC_541\Debug\Design01.a(myUSB_cdc.o)
                                0x769 (size before relaxing)
 .debug_str     0x00000e8d      0x261 .\CortexM3\ARM_GCC_541\Debug\Design01.a(myUSB_drv.o)
                                0x5f6 (size before relaxing)
 .debug_str     0x000010ee       0x74 .\CortexM3\ARM_GCC_541\Debug\Design01.a(myUSB_episr.o)
                                0x2cb (size before relaxing)
 .debug_str     0x00001162       0xbe .\CortexM3\ARM_GCC_541\Debug\Design01.a(myUSB_pm.o)
                                0x2da (size before relaxing)
 .debug_str     0x00001220      0x24e .\CortexM3\ARM_GCC_541\Debug\Design01.a(myUSB_std.o)
                                0x75f (size before relaxing)
 .debug_str     0x0000146e       0x23 .\CortexM3\ARM_GCC_541\Debug\Design01.a(myUSB_vnd.o)
                                0x1e9 (size before relaxing)
 .debug_str     0x00001491       0x98 .\CortexM3\ARM_GCC_541\Debug\Design01.a(myUSB_Dp.o)
                                0x235 (size before relaxing)
 .debug_str     0x00001529      0x348 .\CortexM3\ARM_GCC_541\Debug\Design01.a(CyDmac.o)
                                0x54c (size before relaxing)
 .debug_str     0x00001871      0x7ab .\CortexM3\ARM_GCC_541\Debug\Design01.a(CyLib.o)
                                0xa49 (size before relaxing)
 .debug_str     0x0000201c      0x365 .\CortexM3\ARM_GCC_541\Debug\Design01.a(cyPm.o)
                                0x735 (size before relaxing)
 .debug_str     0x00002381       0x88 .\CortexM3\ARM_GCC_541\Debug\Design01.a(myDAC.o)
                                0x221 (size before relaxing)
 .debug_str     0x00002409      0x3a7 .\CortexM3\ARM_GCC_541\Debug\Design01.a(myADC_SEQ.o)
                                0x67e (size before relaxing)
 .debug_str     0x000027b0       0x35 .\CortexM3\ARM_GCC_541\Debug\Design01.a(myADC_SEQ_INT.o)
                                0x1b2 (size before relaxing)
 .debug_str     0x000027e5      0x139 .\CortexM3\ARM_GCC_541\Debug\Design01.a(myADC_SEQ_SAR.o)
                                0x4d0 (size before relaxing)
 .debug_str     0x0000291e       0xa3 .\CortexM3\ARM_GCC_541\Debug\Design01.a(myADC_SEQ_TempBuf_dma.o)
                                0x29e (size before relaxing)
 .debug_str     0x000029c1       0x6b .\CortexM3\ARM_GCC_541\Debug\Design01.a(myADC_SEQ_FinalBuf_dma.o)
                                0x2a2 (size before relaxing)
 .debug_str     0x00002a2c      0x124 .\CortexM3\ARM_GCC_541\Debug\Design01.a(myADC_SEQ_IRQ.o)
                                0x318 (size before relaxing)
 .debug_str     0x00002b50       0x23 .\CortexM3\ARM_GCC_541\Debug\Design01.a(myUSB_cls.o)
                                0x2a0 (size before relaxing)
 .debug_str     0x00002b73       0xf6 .\CortexM3\ARM_GCC_541\Debug\Design01.a(myUSB_descr.o)
                                0x341 (size before relaxing)
 .debug_str     0x00002c69      0x1bb .\CortexM3\ARM_GCC_541\Debug\Design01.a(CyFlash.o)
                                0x3c2 (size before relaxing)
 .debug_str     0x00002e24       0xac .\CortexM3\ARM_GCC_541\Debug\Design01.a(CySpc.o)
                                0x33a (size before relaxing)

.debug_loc      0x00000000     0x41a6
 *(.debug_loc)
 .debug_loc     0x00000000      0x181 .\CortexM3\ARM_GCC_541\Debug\main.o
 .debug_loc     0x00000181      0x1fd .\CortexM3\ARM_GCC_541\Debug\cyfitter_cfg.o
 .debug_loc     0x0000037e      0x144 .\CortexM3\ARM_GCC_541\Debug\Cm3Start.o
 .debug_loc     0x000004c2      0x3e1 .\CortexM3\ARM_GCC_541\Debug\Design01.a(myUSB.o)
 .debug_loc     0x000008a3      0x557 .\CortexM3\ARM_GCC_541\Debug\Design01.a(myUSB_cdc.o)
 .debug_loc     0x00000dfa      0x171 .\CortexM3\ARM_GCC_541\Debug\Design01.a(myUSB_drv.o)
 .debug_loc     0x00000f6b       0x26 .\CortexM3\ARM_GCC_541\Debug\Design01.a(myUSB_pm.o)
 .debug_loc     0x00000f91      0x945 .\CortexM3\ARM_GCC_541\Debug\Design01.a(myUSB_std.o)
 .debug_loc     0x000018d6       0x84 .\CortexM3\ARM_GCC_541\Debug\Design01.a(myUSB_Dp.o)
 .debug_loc     0x0000195a      0xb8e .\CortexM3\ARM_GCC_541\Debug\Design01.a(CyDmac.o)
 .debug_loc     0x000024e8      0xa11 .\CortexM3\ARM_GCC_541\Debug\Design01.a(CyLib.o)
 .debug_loc     0x00002ef9      0x1e4 .\CortexM3\ARM_GCC_541\Debug\Design01.a(cyPm.o)
 .debug_loc     0x000030dd       0x79 .\CortexM3\ARM_GCC_541\Debug\Design01.a(myDAC.o)
 .debug_loc     0x00003156      0x13c .\CortexM3\ARM_GCC_541\Debug\Design01.a(myADC_SEQ.o)
 .debug_loc     0x00003292      0x295 .\CortexM3\ARM_GCC_541\Debug\Design01.a(myADC_SEQ_SAR.o)
 .debug_loc     0x00003527       0x84 .\CortexM3\ARM_GCC_541\Debug\Design01.a(myADC_SEQ_TempBuf_dma.o)
 .debug_loc     0x000035ab       0x84 .\CortexM3\ARM_GCC_541\Debug\Design01.a(myADC_SEQ_FinalBuf_dma.o)
 .debug_loc     0x0000362f       0x56 .\CortexM3\ARM_GCC_541\Debug\Design01.a(myADC_SEQ_IRQ.o)
 .debug_loc     0x00003685       0x6a .\CortexM3\ARM_GCC_541\Debug\Design01.a(myUSB_cls.o)
 .debug_loc     0x000036ef      0x3b2 .\CortexM3\ARM_GCC_541\Debug\Design01.a(CyFlash.o)
 .debug_loc     0x00003aa1      0x705 .\CortexM3\ARM_GCC_541\Debug\Design01.a(CySpc.o)

.debug_macinfo
 *(.debug_macinfo)

.debug_ranges   0x00000000      0xad0
 *(.debug_ranges)
 .debug_ranges  0x00000000       0x10 .\CortexM3\ARM_GCC_541\Debug\main.o
 .debug_ranges  0x00000010       0x48 .\CortexM3\ARM_GCC_541\Debug\cyfitter_cfg.o
 .debug_ranges  0x00000058       0x38 .\CortexM3\ARM_GCC_541\Debug\Cm3Start.o
 .debug_ranges  0x00000090       0xd0 .\CortexM3\ARM_GCC_541\Debug\Design01.a(myUSB.o)
 .debug_ranges  0x00000160       0xd8 .\CortexM3\ARM_GCC_541\Debug\Design01.a(myUSB_cdc.o)
 .debug_ranges  0x00000238       0x88 .\CortexM3\ARM_GCC_541\Debug\Design01.a(myUSB_drv.o)
 .debug_ranges  0x000002c0       0x30 .\CortexM3\ARM_GCC_541\Debug\Design01.a(myUSB_episr.o)
 .debug_ranges  0x000002f0       0x30 .\CortexM3\ARM_GCC_541\Debug\Design01.a(myUSB_pm.o)
 .debug_ranges  0x00000320       0x70 .\CortexM3\ARM_GCC_541\Debug\Design01.a(myUSB_std.o)
 .debug_ranges  0x00000390       0x10 .\CortexM3\ARM_GCC_541\Debug\Design01.a(myUSB_vnd.o)
 .debug_ranges  0x000003a0       0x38 .\CortexM3\ARM_GCC_541\Debug\Design01.a(myUSB_Dp.o)
 .debug_ranges  0x000003d8       0xc8 .\CortexM3\ARM_GCC_541\Debug\Design01.a(CyDmac.o)
 .debug_ranges  0x000004a0      0x290 .\CortexM3\ARM_GCC_541\Debug\Design01.a(CyLib.o)
 .debug_ranges  0x00000730       0x88 .\CortexM3\ARM_GCC_541\Debug\Design01.a(cyPm.o)
 .debug_ranges  0x000007b8       0x48 .\CortexM3\ARM_GCC_541\Debug\Design01.a(myDAC.o)
 .debug_ranges  0x00000800       0x90 .\CortexM3\ARM_GCC_541\Debug\Design01.a(myADC_SEQ.o)
 .debug_ranges  0x00000890       0x10 .\CortexM3\ARM_GCC_541\Debug\Design01.a(myADC_SEQ_INT.o)
 .debug_ranges  0x000008a0       0x98 .\CortexM3\ARM_GCC_541\Debug\Design01.a(myADC_SEQ_SAR.o)
 .debug_ranges  0x00000938       0x18 .\CortexM3\ARM_GCC_541\Debug\Design01.a(myADC_SEQ_TempBuf_dma.o)
 .debug_ranges  0x00000950       0x18 .\CortexM3\ARM_GCC_541\Debug\Design01.a(myADC_SEQ_FinalBuf_dma.o)
 .debug_ranges  0x00000968       0x70 .\CortexM3\ARM_GCC_541\Debug\Design01.a(myADC_SEQ_IRQ.o)
 .debug_ranges  0x000009d8       0x10 .\CortexM3\ARM_GCC_541\Debug\Design01.a(myUSB_cls.o)
 .debug_ranges  0x000009e8       0x78 .\CortexM3\ARM_GCC_541\Debug\Design01.a(CyFlash.o)
 .debug_ranges  0x00000a60       0x70 .\CortexM3\ARM_GCC_541\Debug\Design01.a(CySpc.o)

.comment        0x00000000       0x6e
 .comment       0x00000000       0x6e .\CortexM3\ARM_GCC_541\Debug\main.o
                                 0x6f (size before relaxing)
 .comment       0x0000006e       0x6f .\CortexM3\ARM_GCC_541\Debug\cyfitter_cfg.o
 .comment       0x0000006e       0x6f .\CortexM3\ARM_GCC_541\Debug\cymetadata.o
 .comment       0x0000006e       0x6f .\CortexM3\ARM_GCC_541\Debug\Cm3Start.o
 .comment       0x0000006e       0x6f .\CortexM3\ARM_GCC_541\Debug\Design01.a(myUSB.o)
 .comment       0x0000006e       0x6f .\CortexM3\ARM_GCC_541\Debug\Design01.a(myUSB_cdc.o)
 .comment       0x0000006e       0x6f .\CortexM3\ARM_GCC_541\Debug\Design01.a(myUSB_drv.o)
 .comment       0x0000006e       0x6f .\CortexM3\ARM_GCC_541\Debug\Design01.a(myUSB_episr.o)
 .comment       0x0000006e       0x6f .\CortexM3\ARM_GCC_541\Debug\Design01.a(myUSB_pm.o)
 .comment       0x0000006e       0x6f .\CortexM3\ARM_GCC_541\Debug\Design01.a(myUSB_std.o)
 .comment       0x0000006e       0x6f .\CortexM3\ARM_GCC_541\Debug\Design01.a(myUSB_vnd.o)
 .comment       0x0000006e       0x6f .\CortexM3\ARM_GCC_541\Debug\Design01.a(myUSB_Dp.o)
 .comment       0x0000006e       0x6f .\CortexM3\ARM_GCC_541\Debug\Design01.a(CyDmac.o)
 .comment       0x0000006e       0x6f .\CortexM3\ARM_GCC_541\Debug\Design01.a(CyLib.o)
 .comment       0x0000006e       0x6f .\CortexM3\ARM_GCC_541\Debug\Design01.a(cyPm.o)
 .comment       0x0000006e       0x6f .\CortexM3\ARM_GCC_541\Debug\Design01.a(myDAC.o)
 .comment       0x0000006e       0x6f .\CortexM3\ARM_GCC_541\Debug\Design01.a(myADC_SEQ.o)
 .comment       0x0000006e       0x6f .\CortexM3\ARM_GCC_541\Debug\Design01.a(myADC_SEQ_INT.o)
 .comment       0x0000006e       0x6f .\CortexM3\ARM_GCC_541\Debug\Design01.a(myADC_SEQ_SAR.o)
 .comment       0x0000006e       0x6f .\CortexM3\ARM_GCC_541\Debug\Design01.a(myADC_SEQ_TempBuf_dma.o)
 .comment       0x0000006e       0x6f .\CortexM3\ARM_GCC_541\Debug\Design01.a(myADC_SEQ_FinalBuf_dma.o)
 .comment       0x0000006e       0x6f .\CortexM3\ARM_GCC_541\Debug\Design01.a(myADC_SEQ_IRQ.o)
 .comment       0x0000006e       0x6f .\CortexM3\ARM_GCC_541\Debug\Design01.a(myUSB_cls.o)
 .comment       0x0000006e       0x6f .\CortexM3\ARM_GCC_541\Debug\Design01.a(myUSB_descr.o)
 .comment       0x0000006e       0x6f .\CortexM3\ARM_GCC_541\Debug\Design01.a(CyFlash.o)
 .comment       0x0000006e       0x6f .\CortexM3\ARM_GCC_541\Debug\Design01.a(CySpc.o)

.debug_weaknames
 *(.debug_weaknames)

.debug_funcnames
 *(.debug_funcnames)

.debug_typenames
 *(.debug_typenames)

.debug_varnames
 *(.debug_varnames)

.note.gnu.arm.ident
 *(.note.gnu.arm.ident)

.ARM.attributes
                0x00000000       0x29
 *(.ARM.attributes)
 .ARM.attributes
                0x00000000       0x1d c:/program files (x86)/cypress/psoc creator/4.3/psoc creator/import/gnu/arm/5.4.1/bin/../lib/gcc/arm-none-eabi/5.4.1/armv7-m/crti.o
 .ARM.attributes
                0x0000001d       0x2d c:/program files (x86)/cypress/psoc creator/4.3/psoc creator/import/gnu/arm/5.4.1/bin/../lib/gcc/arm-none-eabi/5.4.1/armv7-m/crtbegin.o
 .ARM.attributes